> hvigor [32mUP-TO-DATE :entry:default@PreBuild...  [39m
> hvigor [32mFinished :entry:default@CreateModuleInfo... after 1 ms [39m
> hvigor [32mUP-TO-DATE :entry:default@GenerateMetadata...  [39m
> hvigor [32mFinished :entry:default@ConfigureCmake... after 9 ms [39m
> hvigor [32mUP-TO-DATE :entry:default@MergeProfile...  [39m
> hvigor [32mUP-TO-DATE :entry:default@CreateBuildProfile...  [39m
> hvigor [32mFinished :entry:default@PreCheckSyscap... after 1 ms [39m
> hvigor [32mFinished :entry:default@ProcessIntegratedHsp... after 1 ms [39m
> hvigor [32mFinished :entry:default@BuildNativeWithCmake... after 26 ms [39m
> hvigor [32mUP-TO-DATE :entry:default@MakePackInfo...  [39m
> hvigor [32mFinished :entry:default@SyscapTransform... after 9 ms [39m
> hvigor [32mUP-TO-DATE :entry:default@GeneratePkgContextInfo...  [39m
> hvigor [32mUP-TO-DATE :entry:default@ProcessProfile...  [39m
> hvigor [32mUP-TO-DATE :entry:default@ProcessRouterMap...  [39m
> hvigor [32mUP-TO-DATE :entry:default@ProcessShareConfig...  [39m
> hvigor [32mFinished :entry:default@ProcessStartupConfig... after 3 ms [39m
> hvigor [32mUP-TO-DATE :entry:default@ProcessResource...  [39m
> hvigor [32mUP-TO-DATE :entry:default@GenerateLoaderJson...  [39m
> hvigor [32mUP-TO-DATE :entry:default@CompileResource...  [39m
> hvigor [32mFinished :entry:default@BuildJS... after 4 ms [39m
> hvigor [32mFinished :entry:default@BuildNativeWithNinja... after 45 ms [39m
> hvigor [32mUP-TO-DATE :entry:default@ProcessLibs...  [39m
> hvigor [32mUP-TO-DATE :entry:default@DoNativeStrip...  [39m
> hvigor [32mUP-TO-DATE :entry:default@CacheNativeLibs...  [39m
hvigorw : > hvigor [91mERROR: Failed :entry:default@CompileArkTS... [39m
所在位置 行:1 字符: 41
+ ... jects\HMTG; hvigorw assembleHap --mode module -p product=default --no ...
+                 ~~~~~~~~~~~~~~~~~~~~~~~~~~~~~~~~~~~~~~~~~~~~~~~~~~~~~~~~~
    + CategoryInfo          : NotSpecified: (> hvigor [91mE...eArkTS... [39m:String) [], RemoteException
    + FullyQualifiedErrorId : NativeCommandError
 
> hvigor [33mWARN: 
[33m1 WARN: [33m[33mArkTS:WARN File: E:/HW/Dev/DevEcoStudioProjects/HMTG/entry/src/main/ets/pages/contacts/ContactListPage.ets:160:53
 'Function.bind' is not supported (arkts-no-func-bind)
[39m[39m
[33m2 WARN: [33m[33mArkTS:WARN File: E:/HW/Dev/DevEcoStudioProjects/HMTG/entry/src/main/ets/pages/contacts/ContactListPage.ets:161:59
 'Function.bind' is not supported (arkts-no-func-bind)
[39m[39m
[33m3 WARN: [33m[33mArkTS:WARN File: E:/HW/Dev/DevEcoStudioProjects/HMTG/entry/src/main/ets/pages/contacts/ContactListPage.ets:162:59
 'Function.bind' is not supported (arkts-no-func-bind)
[39m[39m
[33m4 WARN: [33m[33mArkTS:WARN File: E:/HW/Dev/DevEcoStudioProjects/HMTG/entry/src/main/ets/pages/contacts/ContactListPage.ets:163:63
 'Function.bind' is not supported (arkts-no-func-bind)
[39m[39m
[33m5 WARN: [33m[33mArkTS:WARN File: E:/HW/Dev/DevEcoStudioProjects/HMTG/entry/src/main/ets/pages/contacts/ContactListPage.ets:164:67
 'Function.bind' is not supported (arkts-no-func-bind)
[39m[39m
[33m6 WARN: [33m[33mArkTS:WARN File: E:/HW/Dev/DevEcoStudioProjects/HMTG/entry/src/main/ets/pages/contacts/ContactListPage.ets:167:53
 'Function.bind' is not supported (arkts-no-func-bind)
[39m[39m
[33m7 WARN: [33m[33mArkTS:WARN File: E:/HW/Dev/DevEcoStudioProjects/HMTG/entry/src/main/ets/pages/contacts/ContactListPage.ets:168:61
 'Function.bind' is not supported (arkts-no-func-bind)
[39m[39m
[33m8 WARN: [33m[33mArkTS:WARN File: E:/HW/Dev/DevEcoStudioProjects/HMTG/entry/src/main/ets/pages/contacts/ContactListPage.ets:171:69
 'Function.bind' is not supported (arkts-no-func-bind)
[39m[39m
[33m9 WARN: [33m[33mArkTS:WARN File: E:/HW/Dev/DevEcoStudioProjects/HMTG/entry/src/main/ets/pages/contacts/ContactListPage.ets:181:54
 'Function.bind' is not supported (arkts-no-func-bind)
[39m[39m
[33m10 WARN: [33m[33mArkTS:WARN File: E:/HW/Dev/DevEcoStudioProjects/HMTG/entry/src/main/ets/pages/contacts/ContactListPage.ets:182:60
 'Function.bind' is not supported (arkts-no-func-bind)
[39m[39m
[33m11 WARN: [33m[33mArkTS:WARN File: E:/HW/Dev/DevEcoStudioProjects/HMTG/entry/src/main/ets/pages/contacts/ContactListPage.ets:183:60
 'Function.bind' is not supported (arkts-no-func-bind)
[39m[39m
[33m12 WARN: [33m[33mArkTS:WARN File: E:/HW/Dev/DevEcoStudioProjects/HMTG/entry/src/main/ets/pages/contacts/ContactListPage.ets:184:64
 'Function.bind' is not supported (arkts-no-func-bind)
[39m[39m
[33m13 WARN: [33m[33mArkTS:WARN File: E:/HW/Dev/DevEcoStudioProjects/HMTG/entry/src/main/ets/pages/contacts/ContactListPage.ets:185:68
 'Function.bind' is not supported (arkts-no-func-bind)
[39m[39m
[33m14 WARN: [33m[33mArkTS:WARN File: E:/HW/Dev/DevEcoStudioProjects/HMTG/entry/src/main/ets/pages/contacts/ContactListPage.ets:188:54
 'Function.bind' is not supported (arkts-no-func-bind)
[39m[39m
[33m15 WARN: [33m[33mArkTS:WARN File: E:/HW/Dev/DevEcoStudioProjects/HMTG/entry/src/main/ets/pages/contacts/ContactListPage.ets:189:62
 'Function.bind' is not supported (arkts-no-func-bind)
[39m[39m
[33m16 WARN: [33m[33mArkTS:WARN File: E:/HW/Dev/DevEcoStudioProjects/HMTG/entry/src/main/ets/pages/contacts/ContactListPage.ets:192:70
 'Function.bind' is not supported (arkts-no-func-bind)
[39m[39m
[33m17 WARN: [33m[33mArkTS:WARN File: E:/HW/Dev/DevEcoStudioProjects/HMTG/entry/src/main/ets/pages/QRCodeGenerator.ets:114:34
 Classes cannot be used as objects (arkts-no-classes-as-obj)
[39m[39m
[33m18 WARN: [33m[33mArkTS:WARN File: E:/HW/Dev/DevEcoStudioProjects/HMTG/entry/src/main/ets/pages/QRCodeGenerator.ets:115:35
 Classes cannot be used as objects (arkts-no-classes-as-obj)
[39m[39m
[33m19 WARN: [33m[33mArkTS:WARN File: E:/HW/Dev/DevEcoStudioProjects/HMTG/entry/src/main/ets/pages/QRCodeGenerator.ets:116:36
 Classes cannot be used as objects (arkts-no-classes-as-obj)
[39m[39m
[33m20 WARN: [33m[33mArkTS:WARN File: E:/HW/Dev/DevEcoStudioProjects/HMTG/entry/src/main/ets/pages/ProfilePage.ets:363:53
 'Function.bind' is not supported (arkts-no-func-bind)
[39m[39m
[33m21 WARN: [33m[33mArkTS:WARN File: E:/HW/Dev/DevEcoStudioProjects/HMTG/entry/src/main/ets/pages/ProfilePage.ets:364:63
 'Function.bind' is not supported (arkts-no-func-bind)
[39m[39m
[33m22 WARN: [33m[33mArkTS:WARN File: E:/HW/Dev/DevEcoStudioProjects/HMTG/entry/src/main/ets/pages/ProfilePage.ets:365:53
 'Function.bind' is not supported (arkts-no-func-bind)
[39m[39m
[33m23 WARN: [33m[33mArkTS:WARN File: E:/HW/Dev/DevEcoStudioProjects/HMTG/entry/src/main/ets/pages/ProfilePage.ets:368:57
 'Function.bind' is not supported (arkts-no-func-bind)
[39m[39m
[33m24 WARN: [33m[33mArkTS:WARN File: E:/HW/Dev/DevEcoStudioProjects/HMTG/entry/src/main/ets/pages/ProfilePage.ets:369:65
 'Function.bind' is not supported (arkts-no-func-bind)
[39m[39m
[33m25 WARN: [33m[33mArkTS:WARN File: E:/HW/Dev/DevEcoStudioProjects/HMTG/entry/src/main/ets/pages/ProfilePage.ets:372:73
 'Function.bind' is not supported (arkts-no-func-bind)
[39m[39m
[33m26 WARN: [33m[33mArkTS:WARN File: E:/HW/Dev/DevEcoStudioProjects/HMTG/entry/src/main/ets/pages/ProfilePage.ets:382:54
 'Function.bind' is not supported (arkts-no-func-bind)
[39m[39m
[33m27 WARN: [33m[33mArkTS:WARN File: E:/HW/Dev/DevEcoStudioProjects/HMTG/entry/src/main/ets/pages/ProfilePage.ets:383:64
 'Function.bind' is not supported (arkts-no-func-bind)
[39m[39m
[33m28 WARN: [33m[33mArkTS:WARN File: E:/HW/Dev/DevEcoStudioProjects/HMTG/entry/src/main/ets/pages/ProfilePage.ets:384:54
 'Function.bind' is not supported (arkts-no-func-bind)
[39m[39m
[33m29 WARN: [33m[33mArkTS:WARN File: E:/HW/Dev/DevEcoStudioProjects/HMTG/entry/src/main/ets/pages/ProfilePage.ets:387:58
 'Function.bind' is not supported (arkts-no-func-bind)
[39m[39m
[33m30 WARN: [33m[33mArkTS:WARN File: E:/HW/Dev/DevEcoStudioProjects/HMTG/entry/src/main/ets/pages/ProfilePage.ets:388:66
 'Function.bind' is not supported (arkts-no-func-bind)
[39m[39m
[33m31 WARN: [33m[33mArkTS:WARN File: E:/HW/Dev/DevEcoStudioProjects/HMTG/entry/src/main/ets/pages/ProfilePage.ets:391:74
 'Function.bind' is not supported (arkts-no-func-bind)
[39m[39m
[33m32 WARN: [33m[33mArkTS:WARN File: E:/HW/Dev/DevEcoStudioProjects/HMTG/entry/src/main/ets/pages/common/ChatPage.ets:1509:59
 'Function.bind' is not supported (arkts-no-func-bind)
[39m[39m
[33m33 WARN: [33m[33mArkTS:WARN File: E:/HW/Dev/DevEcoStudioProjects/HMTG/entry/src/main/ets/pages/common/ChatPage.ets:1510:72
 'Function.bind' is not supported (arkts-no-func-bind)
[39m[39m
[33m34 WARN: [33m[33mArkTS:WARN File: E:/HW/Dev/DevEcoStudioProjects/HMTG/entry/src/main/ets/pages/common/ChatPage.ets:1511:66
 'Function.bind' is not supported (arkts-no-func-bind)
[39m[39m
[33m35 WARN: [33m[33mArkTS:WARN File: E:/HW/Dev/DevEcoStudioProjects/HMTG/entry/src/main/ets/pages/common/ChatPage.ets:1512:64
 'Function.bind' is not supported (arkts-no-func-bind)
[39m[39m
[33m36 WARN: [33m[33mArkTS:WARN File: E:/HW/Dev/DevEcoStudioProjects/HMTG/entry/src/main/ets/pages/common/ChatPage.ets:1513:67
 'Function.bind' is not supported (arkts-no-func-bind)
[39m[39m
[33m37 WARN: [33m[33mArkTS:WARN File: E:/HW/Dev/DevEcoStudioProjects/HMTG/entry/src/main/ets/pages/common/ChatPage.ets:1514:63
 'Function.bind' is not supported (arkts-no-func-bind)
[39m[39m
[33m38 WARN: [33m[33mArkTS:WARN File: E:/HW/Dev/DevEcoStudioProjects/HMTG/entry/src/main/ets/pages/common/ChatPage.ets:1515:53
 'Function.bind' is not supported (arkts-no-func-bind)
[39m[39m
[33m39 WARN: [33m[33mArkTS:WARN File: E:/HW/Dev/DevEcoStudioProjects/HMTG/entry/src/main/ets/pages/common/ChatPage.ets:1516:59
 'Function.bind' is not supported (arkts-no-func-bind)
[39m[39m
[33m40 WARN: [33m[33mArkTS:WARN File: E:/HW/Dev/DevEcoStudioProjects/HMTG/entry/src/main/ets/pages/common/ChatPage.ets:1517:63
 'Function.bind' is not supported (arkts-no-func-bind)
[39m[39m
[33m41 WARN: [33m[33mArkTS:WARN File: E:/HW/Dev/DevEcoStudioProjects/HMTG/entry/src/main/ets/pages/common/ChatPage.ets:1518:76
 'Function.bind' is not supported (arkts-no-func-bind)
[39m[39m
[33m42 WARN: [33m[33mArkTS:WARN File: E:/HW/Dev/DevEcoStudioProjects/HMTG/entry/src/main/ets/pages/common/ChatPage.ets:1519:61
 'Function.bind' is not supported (arkts-no-func-bind)
[39m[39m
[33m43 WARN: [33m[33mArkTS:WARN File: E:/HW/Dev/DevEcoStudioProjects/HMTG/entry/src/main/ets/pages/common/ChatPage.ets:1520:65
 'Function.bind' is not supported (arkts-no-func-bind)
[39m[39m
[33m44 WARN: [33m[33mArkTS:WARN File: E:/HW/Dev/DevEcoStudioProjects/HMTG/entry/src/main/ets/pages/common/ChatPage.ets:1523:53
 'Function.bind' is not supported (arkts-no-func-bind)
[39m[39m
[33m45 WARN: [33m[33mArkTS:WARN File: E:/HW/Dev/DevEcoStudioProjects/HMTG/entry/src/main/ets/pages/common/ChatPage.ets:1524:59
 'Function.bind' is not supported (arkts-no-func-bind)
[39m[39m
[33m46 WARN: [33m[33mArkTS:WARN File: E:/HW/Dev/DevEcoStudioProjects/HMTG/entry/src/main/ets/pages/common/ChatPage.ets:1525:53
 'Function.bind' is not supported (arkts-no-func-bind)
[39m[39m
[33m47 WARN: [33m[33mArkTS:WARN File: E:/HW/Dev/DevEcoStudioProjects/HMTG/entry/src/main/ets/pages/common/ChatPage.ets:1526:61
 'Function.bind' is not supported (arkts-no-func-bind)
[39m[39m
[33m48 WARN: [33m[33mArkTS:WARN File: E:/HW/Dev/DevEcoStudioProjects/HMTG/entry/src/main/ets/pages/common/ChatPage.ets:1527:62
 'Function.bind' is not supported (arkts-no-func-bind)
[39m[39m
[33m49 WARN: [33m[33mArkTS:WARN File: E:/HW/Dev/DevEcoStudioProjects/HMTG/entry/src/main/ets/pages/common/ChatPage.ets:1528:76
 'Function.bind' is not supported (arkts-no-func-bind)
[39m[39m
[33m50 WARN: [33m[33mArkTS:WARN File: E:/HW/Dev/DevEcoStudioProjects/HMTG/entry/src/main/ets/pages/common/ChatPage.ets:1529:65
 'Function.bind' is not supported (arkts-no-func-bind)
[39m[39m
[33m51 WARN: [33m[33mArkTS:WARN File: E:/HW/Dev/DevEcoStudioProjects/HMTG/entry/src/main/ets/pages/common/ChatPage.ets:1532:68
 'Function.bind' is not supported (arkts-no-func-bind)
[39m[39m
[33m52 WARN: [33m[33mArkTS:WARN File: E:/HW/Dev/DevEcoStudioProjects/HMTG/entry/src/main/ets/pages/common/ChatPage.ets:1533:57
 'Function.bind' is not supported (arkts-no-func-bind)
[39m[39m
[33m53 WARN: [33m[33mArkTS:WARN File: E:/HW/Dev/DevEcoStudioProjects/HMTG/entry/src/main/ets/pages/common/ChatPage.ets:1534:79
 'Function.bind' is not supported (arkts-no-func-bind)
[39m[39m
[33m54 WARN: [33m[33mArkTS:WARN File: E:/HW/Dev/DevEcoStudioProjects/HMTG/entry/src/main/ets/pages/common/ChatPage.ets:1535:57
 'Function.bind' is not supported (arkts-no-func-bind)
[39m[39m
[33m55 WARN: [33m[33mArkTS:WARN File: E:/HW/Dev/DevEcoStudioProjects/HMTG/entry/src/main/ets/pages/common/ChatPage.ets:1536:69
 'Function.bind' is not supported (arkts-no-func-bind)
[39m[39m
[33m56 WARN: [33m[33mArkTS:WARN File: E:/HW/Dev/DevEcoStudioProjects/HMTG/entry/src/main/ets/pages/common/ChatPage.ets:1546:60
 'Function.bind' is not supported (arkts-no-func-bind)
[39m[39m
[33m57 WARN: [33m[33mArkTS:WARN File: E:/HW/Dev/DevEcoStudioProjects/HMTG/entry/src/main/ets/pages/common/ChatPage.ets:1547:73
 'Function.bind' is not supported (arkts-no-func-bind)
[39m[39m
[33m58 WARN: [33m[33mArkTS:WARN File: E:/HW/Dev/DevEcoStudioProjects/HMTG/entry/src/main/ets/pages/common/ChatPage.ets:1548:67
 'Function.bind' is not supported (arkts-no-func-bind)
[39m[39m
[33m59 WARN: [33m[33mArkTS:WARN File: E:/HW/Dev/DevEcoStudioProjects/HMTG/entry/src/main/ets/pages/common/ChatPage.ets:1549:65
 'Function.bind' is not supported (arkts-no-func-bind)
[39m[39m
[33m60 WARN: [33m[33mArkTS:WARN File: E:/HW/Dev/DevEcoStudioProjects/HMTG/entry/src/main/ets/pages/common/ChatPage.ets:1550:68
 'Function.bind' is not supported (arkts-no-func-bind)
[39m[39m
[33m61 WARN: [33m[33mArkTS:WARN File: E:/HW/Dev/DevEcoStudioProjects/HMTG/entry/src/main/ets/pages/common/ChatPage.ets:1551:64
 'Function.bind' is not supported (arkts-no-func-bind)
[39m[39m
[33m62 WARN: [33m[33mArkTS:WARN File: E:/HW/Dev/DevEcoStudioProjects/HMTG/entry/src/main/ets/pages/common/ChatPage.ets:1552:54
 'Function.bind' is not supported (arkts-no-func-bind)
[39m[39m
[33m63 WARN: [33m[33mArkTS:WARN File: E:/HW/Dev/DevEcoStudioProjects/HMTG/entry/src/main/ets/pages/common/ChatPage.ets:1553:60
 'Function.bind' is not supported (arkts-no-func-bind)
[39m[39m
[33m64 WARN: [33m[33mArkTS:WARN File: E:/HW/Dev/DevEcoStudioProjects/HMTG/entry/src/main/ets/pages/common/ChatPage.ets:1554:64
 'Function.bind' is not supported (arkts-no-func-bind)
[39m[39m
[33m65 WARN: [33m[33mArkTS:WARN File: E:/HW/Dev/DevEcoStudioProjects/HMTG/entry/src/main/ets/pages/common/ChatPage.ets:1555:77
 'Function.bind' is not supported (arkts-no-func-bind)
[39m[39m
[33m66 WARN: [33m[33mArkTS:WARN File: E:/HW/Dev/DevEcoStudioProjects/HMTG/entry/src/main/ets/pages/common/ChatPage.ets:1556:62
 'Function.bind' is not supported (arkts-no-func-bind)
[39m[39m
[33m67 WARN: [33m[33mArkTS:WARN File: E:/HW/Dev/DevEcoStudioProjects/HMTG/entry/src/main/ets/pages/common/ChatPage.ets:1557:66
 'Function.bind' is not supported (arkts-no-func-bind)
[39m[39m
[33m68 WARN: [33m[33mArkTS:WARN File: E:/HW/Dev/DevEcoStudioProjects/HMTG/entry/src/main/ets/pages/common/ChatPage.ets:1560:54
 'Function.bind' is not supported (arkts-no-func-bind)
[39m[39m
[33m69 WARN: [33m[33mArkTS:WARN File: E:/HW/Dev/DevEcoStudioProjects/HMTG/entry/src/main/ets/pages/common/ChatPage.ets:1561:60
 'Function.bind' is not supported (arkts-no-func-bind)
[39m[39m
[33m70 WARN: [33m[33mArkTS:WARN File: E:/HW/Dev/DevEcoStudioProjects/HMTG/entry/src/main/ets/pages/common/ChatPage.ets:1562:54
 'Function.bind' is not supported (arkts-no-func-bind)
[39m[39m
[33m71 WARN: [33m[33mArkTS:WARN File: E:/HW/Dev/DevEcoStudioProjects/HMTG/entry/src/main/ets/pages/common/ChatPage.ets:1563:62
 'Function.bind' is not supported (arkts-no-func-bind)
[39m[39m
[33m72 WARN: [33m[33mArkTS:WARN File: E:/HW/Dev/DevEcoStudioProjects/HMTG/entry/src/main/ets/pages/common/ChatPage.ets:1564:63
 'Function.bind' is not supported (arkts-no-func-bind)
[39m[39m
[33m73 WARN: [33m[33mArkTS:WARN File: E:/HW/Dev/DevEcoStudioProjects/HMTG/entry/src/main/ets/pages/common/ChatPage.ets:1565:77
 'Function.bind' is not supported (arkts-no-func-bind)
[39m[39m
[33m74 WARN: [33m[33mArkTS:WARN File: E:/HW/Dev/DevEcoStudioProjects/HMTG/entry/src/main/ets/pages/common/ChatPage.ets:1566:66
 'Function.bind' is not supported (arkts-no-func-bind)
[39m[39m
[33m75 WARN: [33m[33mArkTS:WARN File: E:/HW/Dev/DevEcoStudioProjects/HMTG/entry/src/main/ets/pages/common/ChatPage.ets:1569:69
 'Function.bind' is not supported (arkts-no-func-bind)
[39m[39m
[33m76 WARN: [33m[33mArkTS:WARN File: E:/HW/Dev/DevEcoStudioProjects/HMTG/entry/src/main/ets/pages/common/ChatPage.ets:1570:58
 'Function.bind' is not supported (arkts-no-func-bind)
[39m[39m
[33m77 WARN: [33m[33mArkTS:WARN File: E:/HW/Dev/DevEcoStudioProjects/HMTG/entry/src/main/ets/pages/common/ChatPage.ets:1571:80
 'Function.bind' is not supported (arkts-no-func-bind)
[39m[39m
[33m78 WARN: [33m[33mArkTS:WARN File: E:/HW/Dev/DevEcoStudioProjects/HMTG/entry/src/main/ets/pages/common/ChatPage.ets:1572:58
 'Function.bind' is not supported (arkts-no-func-bind)
[39m[39m
[33m79 WARN: [33m[33mArkTS:WARN File: E:/HW/Dev/DevEcoStudioProjects/HMTG/entry/src/main/ets/pages/common/ChatPage.ets:1573:70
 'Function.bind' is not supported (arkts-no-func-bind)
[39m[39m
[33m80 WARN: [33m[33mArkTS:WARN File: E:/HW/Dev/DevEcoStudioProjects/HMTG/entry/src/main/ets/viewmodels/privacy/PrivacyConsentViewModel.ets:14:26
 Classes cannot be used as objects (arkts-no-classes-as-obj)
[39m[39m
[33m81 WARN: [33m[33mArkTS:WARN: For details about ArkTS syntax errors, see FAQs[39m[39m
[33m82 WARN: [33m[33mArkTS:WARN File: E:/HW/Dev/DevEcoStudioProjects/HMTG/entry/src/main/ets/utils/common/security/KeyStoreManager.ets:324:20
 Function may throw exceptions. Special handling is required.
[39m[39m
[33m83 WARN: [33m[33mArkTS:WARN File: E:/HW/Dev/DevEcoStudioProjects/HMTG/entry/src/main/ets/utils/common/security/KeyStoreManager.ets:325:26
 Function may throw exceptions. Special handling is required.
[39m[39m
[33m84 WARN: [33m[33mArkTS:WARN File: E:/HW/Dev/DevEcoStudioProjects/HMTG/entry/src/main/ets/utils/common/device/DeviceInfoService.ets:87:26
 'getContext' has been deprecated.
[39m[39m
[33m85 WARN: [33m[33mArkTS:WARN File: E:/HW/Dev/DevEcoStudioProjects/HMTG/entry/src/main/ets/utils/common/device/DeviceInfoService.ets:106:54
 'getContext' has been deprecated.
[39m[39m
[33m86 WARN: [33m[33mArkTS:WARN File: E:/HW/Dev/DevEcoStudioProjects/HMTG/entry/src/main/ets/utils/common/device/DeviceInfoService.ets:332:54
 'getContext' has been deprecated.
[39m[39m
[33m87 WARN: [33m[33mArkTS:WARN File: E:/HW/Dev/DevEcoStudioProjects/HMTG/entry/src/main/ets/utils/common/log/LogService.ets:404:23
 'getContext' has been deprecated.
[39m[39m
[33m88 WARN: [33m[33mArkTS:WARN File: E:/HW/Dev/DevEcoStudioProjects/HMTG/entry/src/main/ets/utils/common/storage/CacheManager.ets:95:21
 'getContext' has been deprecated.
[39m[39m
[33m89 WARN: [33m[33mArkTS:WARN File: E:/HW/Dev/DevEcoStudioProjects/HMTG/entry/src/main/ets/utils/common/storage/CacheManager.ets:96:18
 Function may throw exceptions. Special handling is required.
[39m[39m
[33m90 WARN: [33m[33mArkTS:WARN File: E:/HW/Dev/DevEcoStudioProjects/HMTG/entry/src/main/ets/utils/common/storage/CacheManager.ets:201:23
 'getContext' has been deprecated.
[39m[39m
[33m91 WARN: [33m[33mArkTS:WARN File: E:/HW/Dev/DevEcoStudioProjects/HMTG/entry/src/main/ets/utils/common/i18n/I18n.ets:77:24
 Function may throw exceptions. Special handling is required.
[39m[39m
[33m92 WARN: [33m[33mArkTS:WARN File: E:/HW/Dev/DevEcoStudioProjects/HMTG/entry/src/main/ets/utils/common/i18n/ResourceHelper.ets:63:23
 'getContext' has been deprecated.
[39m[39m
[33m93 WARN: [33m[33mArkTS:WARN File: E:/HW/Dev/DevEcoStudioProjects/HMTG/entry/src/main/ets/utils/common/network/NetworkMonitor.ets:31:40
 To use this API, you need to apply for the permissions: ohos.permission.GET_NETWORK_INFO
[39m[39m
[33m94 WARN: [33m[33mArkTS:WARN File: E:/HW/Dev/DevEcoStudioProjects/HMTG/entry/src/main/ets/utils/common/network/WebSocketManager.ets:162:7
 Function may throw exceptions. Special handling is required.
[39m[39m
[33m95 WARN: [33m[33mArkTS:WARN File: E:/HW/Dev/DevEcoStudioProjects/HMTG/entry/src/main/ets/utils/common/navigation/NavigationHelper.ets:78:23
 'replaceUrl' has been deprecated.
[39m[39m
[33m96 WARN: [33m[33mArkTS:WARN File: E:/HW/Dev/DevEcoStudioProjects/HMTG/entry/src/main/ets/utils/common/navigation/NavigationHelper.ets:83:23
 'pushUrl' has been deprecated.
[39m[39m
[33m97 WARN: [33m[33mArkTS:WARN File: E:/HW/Dev/DevEcoStudioProjects/HMTG/entry/src/main/ets/utils/common/navigation/NavigationHelper.ets:109:14
 'back' has been deprecated.
[39m[39m
[33m98 WARN: [33m[33mArkTS:WARN File: E:/HW/Dev/DevEcoStudioProjects/HMTG/entry/src/main/ets/utils/common/navigation/NavigationHelper.ets:120:14
 'back' has been deprecated.
[39m[39m
[33m99 WARN: [33m[33mArkTS:WARN File: E:/HW/Dev/DevEcoStudioProjects/HMTG/entry/src/main/ets/utils/common/navigation/NavigationHelper.ets:131:14
 'clear' has been deprecated.
[39m[39m
[33m100 WARN: [33m[33mArkTS:WARN File: E:/HW/Dev/DevEcoStudioProjects/HMTG/entry/src/main/ets/utils/common/navigation/NavigationHelper.ets:149:28
 'getState' has been deprecated.
[39m[39m
[33m101 WARN: [33m[33mArkTS:WARN File: E:/HW/Dev/DevEcoStudioProjects/HMTG/entry/src/main/ets/utils/common/navigation/NavigationHelper.ets:161:28
 'getState' has been deprecated.
[39m[39m
[33m102 WARN: [33m[33mArkTS:WARN File: E:/HW/Dev/DevEcoStudioProjects/HMTG/entry/src/main/ets/utils/common/navigation/NavigationHelper.ets:173:28
 'getState' has been deprecated.
[39m[39m
[33m103 WARN: [33m[33mArkTS:WARN File: E:/HW/Dev/DevEcoStudioProjects/HMTG/entry/src/main/ets/utils/bots/ResourceHelper.ets:64:43
 'createModuleContext' has been deprecated.
[39m[39m
[33m104 WARN: [33m[33mArkTS:WARN File: E:/HW/Dev/DevEcoStudioProjects/HMTG/entry/src/main/ets/services/config/TelegramConfig.ets:68:33
 'getSystemLanguage' has been deprecated.
[39m[39m
[33m105 WARN: [33m[33mArkTS:WARN File: E:/HW/Dev/DevEcoStudioProjects/HMTG/entry/src/main/ets/utils/auth/SessionEncryption.ets:287:20
 Function may throw exceptions. Special handling is required.
[39m[39m
[33m106 WARN: [33m[33mArkTS:WARN File: E:/HW/Dev/DevEcoStudioProjects/HMTG/entry/src/main/ets/utils/auth/SessionEncryption.ets:288:31
 Function may throw exceptions. Special handling is required.
[39m[39m
[33m107 WARN: [33m[33mArkTS:WARN File: E:/HW/Dev/DevEcoStudioProjects/HMTG/entry/src/main/ets/utils/auth/SessionEncryption.ets:296:20
 Function may throw exceptions. Special handling is required.
[39m[39m
[33m108 WARN: [33m[33mArkTS:WARN File: E:/HW/Dev/DevEcoStudioProjects/HMTG/entry/src/main/ets/utils/auth/SessionEncryption.ets:297:26
 Function may throw exceptions. Special handling is required.
[39m[39m
[33m109 WARN: [33m[33mArkTS:WARN File: E:/HW/Dev/DevEcoStudioProjects/HMTG/entry/src/main/ets/utils/auth/SessionEncryption.ets:305:29
 Function may throw exceptions. Special handling is required.
[39m[39m
[33m110 WARN: [33m[33mArkTS:WARN File: E:/HW/Dev/DevEcoStudioProjects/HMTG/entry/src/main/ets/utils/auth/SessionEncryption.ets:306:26
 Function may throw exceptions. Special handling is required.
[39m[39m
[33m111 WARN: [33m[33mArkTS:WARN File: E:/HW/Dev/DevEcoStudioProjects/HMTG/entry/src/main/ets/utils/auth/SessionEncryption.ets:349:20
 Function may throw exceptions. Special handling is required.
[39m[39m
[33m112 WARN: [33m[33mArkTS:WARN File: E:/HW/Dev/DevEcoStudioProjects/HMTG/entry/src/main/ets/utils/auth/SessionEncryption.ets:359:11
 Function may throw exceptions. Special handling is required.
[39m[39m
[33m113 WARN: [33m[33mArkTS:WARN File: E:/HW/Dev/DevEcoStudioProjects/HMTG/entry/src/main/ets/utils/auth/SessionEncryption.ets:361:34
 Function may throw exceptions. Special handling is required.
[39m[39m
[33m114 WARN: [33m[33mArkTS:WARN File: E:/HW/Dev/DevEcoStudioProjects/HMTG/entry/src/main/ets/utils/auth/SessionEncryption.ets:385:21
 Function may throw exceptions. Special handling is required.
[39m[39m
[33m115 WARN: [33m[33mArkTS:WARN File: E:/HW/Dev/DevEcoStudioProjects/HMTG/entry/src/main/ets/utils/auth/SessionEncryption.ets:395:11
 Function may throw exceptions. Special handling is required.
[39m[39m
[33m116 WARN: [33m[33mArkTS:WARN File: E:/HW/Dev/DevEcoStudioProjects/HMTG/entry/src/main/ets/utils/auth/SessionEncryption.ets:402:33
 Function may throw exceptions. Special handling is required.
[39m[39m
[33m117 WARN: [33m[33mArkTS:WARN File: E:/HW/Dev/DevEcoStudioProjects/HMTG/entry/src/main/ets/utils/auth/SessionEncryption.ets:415:20
 Function may throw exceptions. Special handling is required.
[39m[39m
[33m118 WARN: [33m[33mArkTS:WARN File: E:/HW/Dev/DevEcoStudioProjects/HMTG/entry/src/main/ets/utils/auth/SessionEncryption.ets:425:11
 Function may throw exceptions. Special handling is required.
[39m[39m
[33m119 WARN: [33m[33mArkTS:WARN File: E:/HW/Dev/DevEcoStudioProjects/HMTG/entry/src/main/ets/utils/auth/SessionEncryption.ets:427:30
 Function may throw exceptions. Special handling is required.
[39m[39m
[33m120 WARN: [33m[33mArkTS:WARN File: E:/HW/Dev/DevEcoStudioProjects/HMTG/entry/src/main/ets/utils/auth/SessionEncryption.ets:439:21
 Function may throw exceptions. Special handling is required.
[39m[39m
[33m121 WARN: [33m[33mArkTS:WARN File: E:/HW/Dev/DevEcoStudioProjects/HMTG/entry/src/main/ets/utils/auth/SessionEncryption.ets:449:11
 Function may throw exceptions. Special handling is required.
[39m[39m
[33m122 WARN: [33m[33mArkTS:WARN File: E:/HW/Dev/DevEcoStudioProjects/HMTG/entry/src/main/ets/utils/auth/SessionEncryption.ets:450:33
 Function may throw exceptions. Special handling is required.
[39m[39m
[33m123 WARN: [33m[33mArkTS:WARN File: E:/HW/Dev/DevEcoStudioProjects/HMTG/entry/src/main/ets/utils/auth/SessionEncryption.ets:464:20
 Function may throw exceptions. Special handling is required.
[39m[39m
[33m124 WARN: [33m[33mArkTS:WARN File: E:/HW/Dev/DevEcoStudioProjects/HMTG/entry/src/main/ets/utils/auth/SessionEncryption.ets:473:11
 Function may throw exceptions. Special handling is required.
[39m[39m
[33m125 WARN: [33m[33mArkTS:WARN File: E:/HW/Dev/DevEcoStudioProjects/HMTG/entry/src/main/ets/utils/auth/SessionEncryption.ets:474:34
 Function may throw exceptions. Special handling is required.
[39m[39m
[33m126 WARN: [33m[33mArkTS:WARN File: E:/HW/Dev/DevEcoStudioProjects/HMTG/entry/src/main/ets/utils/auth/SessionEncryption.ets:503:21
 Function may throw exceptions. Special handling is required.
[39m[39m
[33m127 WARN: [33m[33mArkTS:WARN File: E:/HW/Dev/DevEcoStudioProjects/HMTG/entry/src/main/ets/utils/auth/SessionEncryption.ets:512:11
 Function may throw exceptions. Special handling is required.
[39m[39m
[33m128 WARN: [33m[33mArkTS:WARN File: E:/HW/Dev/DevEcoStudioProjects/HMTG/entry/src/main/ets/utils/auth/SessionEncryption.ets:518:30
 Function may throw exceptions. Special handling is required.
[39m[39m
[33m129 WARN: [33m[33mArkTS:WARN File: E:/HW/Dev/DevEcoStudioProjects/HMTG/entry/src/main/ets/utils/auth/SessionEncryption.ets:545:20
 Function may throw exceptions. Special handling is required.
[39m[39m
[33m130 WARN: [33m[33mArkTS:WARN File: E:/HW/Dev/DevEcoStudioProjects/HMTG/entry/src/main/ets/utils/auth/SessionEncryption.ets:546:30
 Function may throw exceptions. Special handling is required.
[39m[39m
[33m131 WARN: [33m[33mArkTS:WARN File: E:/HW/Dev/DevEcoStudioProjects/HMTG/entry/src/main/ets/services/core/auth/AuthTokenManager.ets:658:20
 Function may throw exceptions. Special handling is required.
[39m[39m
[33m132 WARN: [33m[33mArkTS:WARN File: E:/HW/Dev/DevEcoStudioProjects/HMTG/entry/src/main/ets/services/core/auth/AuthTokenManager.ets:659:30
 Function may throw exceptions. Special handling is required.
[39m[39m
[33m133 WARN: [33m[33mArkTS:WARN File: E:/HW/Dev/DevEcoStudioProjects/HMTG/entry/src/main/ets/services/core/tdlib/TDLibClient.ets:325:5
 Function may throw exceptions. Special handling is required.
[39m[39m
[33m134 WARN: [33m[33mArkTS:WARN File: E:/HW/Dev/DevEcoStudioProjects/HMTG/entry/src/main/ets/services/core/tdlib/TDLibClient.ets:407:5
 Function may throw exceptions. Special handling is required.
[39m[39m
[33m135 WARN: [33m[33mArkTS:WARN File: E:/HW/Dev/DevEcoStudioProjects/HMTG/entry/src/main/ets/services/core/tdlib/TDLibClient.ets:650:7
 Function may throw exceptions. Special handling is required.
[39m[39m
[33m136 WARN: [33m[33mArkTS:WARN File: E:/HW/Dev/DevEcoStudioProjects/HMTG/entry/src/main/ets/services/business/bots/BotService.ets:191:54
 'getContext' has been deprecated.
[39m[39m
[33m137 WARN: [33m[33mArkTS:WARN File: E:/HW/Dev/DevEcoStudioProjects/HMTG/entry/src/main/ets/services/business/bots/BotService.ets:205:54
 'getContext' has been deprecated.
[39m[39m
[33m138 WARN: [33m[33mArkTS:WARN File: E:/HW/Dev/DevEcoStudioProjects/HMTG/entry/src/main/ets/services/business/bots/GameService.ets:195:54
 'getContext' has been deprecated.
[39m[39m
[33m139 WARN: [33m[33mArkTS:WARN File: E:/HW/Dev/DevEcoStudioProjects/HMTG/entry/src/main/ets/services/business/bots/GameService.ets:209:54
 'getContext' has been deprecated.
[39m[39m
[33m140 WARN: [33m[33mArkTS:WARN File: E:/HW/Dev/DevEcoStudioProjects/HMTG/entry/src/main/ets/services/business/media/MediaCacheManager.ets:303:39
 'packing' has been deprecated.
[39m[39m
[33m141 WARN: [33m[33mArkTS:WARN File: E:/HW/Dev/DevEcoStudioProjects/HMTG/entry/src/main/ets/services/business/media/MediaLibraryService.ets:120:53
 To use this API, you need to apply for the permissions: ohos.permission.READ_IMAGEVIDEO
[39m[39m
[33m142 WARN: [33m[33mArkTS:WARN File: E:/HW/Dev/DevEcoStudioProjects/HMTG/entry/src/main/ets/services/business/media/MediaLibraryService.ets:175:37
 To use this API, you need to apply for the permissions: ohos.permission.READ_IMAGEVIDEO
[39m[39m
[33m143 WARN: [33m[33mArkTS:WARN File: E:/HW/Dev/DevEcoStudioProjects/HMTG/entry/src/main/ets/services/business/media/MediaLibraryService.ets:203:47
 To use this API, you need to apply for the permissions: ohos.permission.READ_IMAGEVIDEO
[39m[39m
[33m144 WARN: [33m[33mArkTS:WARN File: E:/HW/Dev/DevEcoStudioProjects/HMTG/entry/src/main/ets/services/business/media/MediaLibraryService.ets:229:9
 Function may throw exceptions. Special handling is required.
[39m[39m
[33m145 WARN: [33m[33mArkTS:WARN File: E:/HW/Dev/DevEcoStudioProjects/HMTG/entry/src/main/ets/services/business/media/MediaLibraryService.ets:241:5
 Function may throw exceptions. Special handling is required.
[39m[39m
[33m146 WARN: [33m[33mArkTS:WARN File: E:/HW/Dev/DevEcoStudioProjects/HMTG/entry/src/main/ets/services/business/privacy/PrivacyServiceImpl.ets:33:53
 'getContext' has been deprecated.
[39m[39m
[33m147 WARN: [33m[33mArkTS:WARN File: E:/HW/Dev/DevEcoStudioProjects/HMTG/entry/src/main/ets/services/business/privacy/DataExportService.ets:448:26
 'showToast' has been deprecated.
[39m[39m
[33m148 WARN: [33m[33mArkTS:WARN File: E:/HW/Dev/DevEcoStudioProjects/HMTG/entry/src/main/ets/services/business/stickers/StickerStorageService.ets:164:15
 Function may throw exceptions. Special handling is required.
[39m[39m
[33m149 WARN: [33m[33mArkTS:WARN File: E:/HW/Dev/DevEcoStudioProjects/HMTG/entry/src/main/ets/services/business/stories/StoryServiceImpl.ets:218:20
 'showToast' has been deprecated.
[39m[39m
[33m150 WARN: [33m[33mArkTS:WARN File: E:/HW/Dev/DevEcoStudioProjects/HMTG/entry/src/main/ets/services/business/stories/StoryServiceImpl.ets:350:20
 'showToast' has been deprecated.
[39m[39m
[33m151 WARN: [33m[33mArkTS:WARN File: E:/HW/Dev/DevEcoStudioProjects/HMTG/entry/src/main/ets/services/network/NetworkMonitorService.ets:81:26
 To use this API, you need to apply for the permissions: ohos.permission.GET_NETWORK_INFO
[39m[39m
[33m152 WARN: [33m[33mArkTS:WARN File: E:/HW/Dev/DevEcoStudioProjects/HMTG/entry/src/main/ets/services/network/NetworkMonitorService.ets:90:18
 To use this API, you need to apply for the permissions: ohos.permission.GET_NETWORK_INFO
[39m[39m
[33m153 WARN: [33m[33mArkTS:WARN File: E:/HW/Dev/DevEcoStudioProjects/HMTG/entry/src/main/ets/services/network/NetworkMonitorService.ets:96:22
 To use this API, you need to apply for the permissions: ohos.permission.GET_NETWORK_INFO
[39m[39m
[33m154 WARN: [33m[33mArkTS:WARN File: E:/HW/Dev/DevEcoStudioProjects/HMTG/entry/src/main/ets/services/network/NetworkMonitorService.ets:121:20
 To use this API, you need to apply for the permissions: ohos.permission.GET_NETWORK_INFO
[39m[39m
[33m155 WARN: [33m[33mArkTS:WARN File: E:/HW/Dev/DevEcoStudioProjects/HMTG/entry/src/main/ets/utils/common/network/NetworkOptimizer.ets:90:26
 To use this API, you need to apply for the permissions: ohos.permission.GET_NETWORK_INFO
[39m[39m
[33m156 WARN: [33m[33mArkTS:WARN File: E:/HW/Dev/DevEcoStudioProjects/HMTG/entry/src/main/ets/utils/common/network/NetworkOptimizer.ets:107:16
 To use this API, you need to apply for the permissions: ohos.permission.GET_NETWORK_INFO
[39m[39m
[33m157 WARN: [33m[33mArkTS:WARN File: E:/HW/Dev/DevEcoStudioProjects/HMTG/entry/src/main/ets/utils/common/network/NetworkOptimizer.ets:122:16
 To use this API, you need to apply for the permissions: ohos.permission.GET_NETWORK_INFO
[39m[39m
[33m158 WARN: [33m[33mArkTS:WARN File: E:/HW/Dev/DevEcoStudioProjects/HMTG/entry/src/main/ets/utils/common/network/NetworkOptimizer.ets:127:18
 To use this API, you need to apply for the permissions: ohos.permission.GET_NETWORK_INFO
[39m[39m
[33m159 WARN: [33m[33mArkTS:WARN File: E:/HW/Dev/DevEcoStudioProjects/HMTG/entry/src/main/ets/services/system/PasscodeHelper.ets:47:11
 Function may throw exceptions. Special handling is required.
[39m[39m
[33m160 WARN: [33m[33mArkTS:WARN File: E:/HW/Dev/DevEcoStudioProjects/HMTG/entry/src/main/ets/services/system/PasscodeHelper.ets:48:11
 Function may throw exceptions. Special handling is required.
[39m[39m
[33m161 WARN: [33m[33mArkTS:WARN File: E:/HW/Dev/DevEcoStudioProjects/HMTG/entry/src/main/ets/services/system/PasscodeHelper.ets:53:11
 Function may throw exceptions. Special handling is required.
[39m[39m
[33m162 WARN: [33m[33mArkTS:WARN File: E:/HW/Dev/DevEcoStudioProjects/HMTG/entry/src/main/ets/services/system/PasscodeHelper.ets:54:11
 Function may throw exceptions. Special handling is required.
[39m[39m
[33m163 WARN: [33m[33mArkTS:WARN File: E:/HW/Dev/DevEcoStudioProjects/HMTG/entry/src/main/ets/ui_kit/components/common/SmartLazyImage.ets:96:30
 Function may throw exceptions. Special handling is required.
[39m[39m
[33m164 WARN: [33m[33mArkTS:WARN File: E:/HW/Dev/DevEcoStudioProjects/HMTG/entry/src/main/ets/ui_kit/components/dialog/BottomSheet.ets:109:40
 'screenY' has been deprecated.
[39m[39m
[33m165 WARN: [33m[33mArkTS:WARN File: E:/HW/Dev/DevEcoStudioProjects/HMTG/entry/src/main/ets/ui_kit/components/dialog/BottomSheet.ets:116:39
 'screenY' has been deprecated.
[39m[39m
[33m166 WARN: [33m[33mArkTS:WARN File: E:/HW/Dev/DevEcoStudioProjects/HMTG/entry/src/main/ets/pages/chat/ChatListPage.ets:235:7
 Function may throw exceptions. Special handling is required.
[39m[39m
[33m167 WARN: [33m[33mArkTS:WARN File: E:/HW/Dev/DevEcoStudioProjects/HMTG/entry/src/main/ets/pages/chat/ChatListPage.ets:235:20
 'showToast' has been deprecated.
[39m[39m
[33m168 WARN: [33m[33mArkTS:WARN File: E:/HW/Dev/DevEcoStudioProjects/HMTG/entry/src/main/ets/pages/chat/ChatListPage.ets:1426:26
 Function may throw exceptions. Special handling is required.
[39m[39m
[33m169 WARN: [33m[33mArkTS:WARN File: E:/HW/Dev/DevEcoStudioProjects/HMTG/entry/src/main/ets/pages/chat/ChatListPage.ets:1426:39
 'showDialog' has been deprecated.
[39m[39m
[33m170 WARN: [33m[33mArkTS:WARN File: E:/HW/Dev/DevEcoStudioProjects/HMTG/entry/src/main/ets/pages/chat/ChatListPage.ets:1441:26
 Function may throw exceptions. Special handling is required.
[39m[39m
[33m171 WARN: [33m[33mArkTS:WARN File: E:/HW/Dev/DevEcoStudioProjects/HMTG/entry/src/main/ets/pages/chat/ChatListPage.ets:1441:39
 'showDialog' has been deprecated.
[39m[39m
[33m172 WARN: [33m[33mArkTS:WARN File: E:/HW/Dev/DevEcoStudioProjects/HMTG/entry/src/main/ets/pages/chat/ChatListPage.ets:1456:26
 Function may throw exceptions. Special handling is required.
[39m[39m
[33m173 WARN: [33m[33mArkTS:WARN File: E:/HW/Dev/DevEcoStudioProjects/HMTG/entry/src/main/ets/pages/chat/ChatListPage.ets:1456:39
 'showDialog' has been deprecated.
[39m[39m
[33m174 WARN: [33m[33mArkTS:WARN File: E:/HW/Dev/DevEcoStudioProjects/HMTG/entry/src/main/ets/pages/chat/ChatListPage.ets:1470:26
 Function may throw exceptions. Special handling is required.
[39m[39m
[33m175 WARN: [33m[33mArkTS:WARN File: E:/HW/Dev/DevEcoStudioProjects/HMTG/entry/src/main/ets/pages/chat/ChatListPage.ets:1470:39
 'showActionMenu' has been deprecated.
[39m[39m
[33m176 WARN: [33m[33mArkTS:WARN File: E:/HW/Dev/DevEcoStudioProjects/HMTG/entry/src/main/ets/pages/chat/ChatListPage.ets:1487:12
 'pushUrl' has been deprecated.
[39m[39m
[33m177 WARN: [33m[33mArkTS:WARN File: E:/HW/Dev/DevEcoStudioProjects/HMTG/entry/src/main/ets/pages/chat/ChatListPage.ets:1492:12
 'pushUrl' has been deprecated.
[39m[39m
[33m178 WARN: [33m[33mArkTS:WARN File: E:/HW/Dev/DevEcoStudioProjects/HMTG/entry/src/main/ets/pages/chat/ChatListPage.ets:1500:12
 'pushUrl' has been deprecated.
[39m[39m
[33m179 WARN: [33m[33mArkTS:WARN File: E:/HW/Dev/DevEcoStudioProjects/HMTG/entry/src/main/ets/pages/contacts/ContactListPage.ets:272:12
 'pushUrl' has been deprecated.
[39m[39m
[33m180 WARN: [33m[33mArkTS:WARN File: E:/HW/Dev/DevEcoStudioProjects/HMTG/entry/src/main/ets/pages/contacts/ContactListPage.ets:283:14
 'pushUrl' has been deprecated.
[39m[39m
[33m181 WARN: [33m[33mArkTS:WARN File: E:/HW/Dev/DevEcoStudioProjects/HMTG/entry/src/main/ets/pages/contacts/ContactListPage.ets:287:22
 'showToast' has been deprecated.
[39m[39m
[33m182 WARN: [33m[33mArkTS:WARN File: E:/HW/Dev/DevEcoStudioProjects/HMTG/entry/src/main/ets/pages/contacts/ContactListPage.ets:293:12
 'pushUrl' has been deprecated.
[39m[39m
[33m183 WARN: [33m[33mArkTS:WARN File: E:/HW/Dev/DevEcoStudioProjects/HMTG/entry/src/main/ets/pages/contacts/ContactListPage.ets:294:33
 'showToast' has been deprecated.
[39m[39m
[33m184 WARN: [33m[33mArkTS:WARN File: E:/HW/Dev/DevEcoStudioProjects/HMTG/entry/src/main/ets/pages/contacts/ContactListPage.ets:301:5
 Function may throw exceptions. Special handling is required.
[39m[39m
[33m185 WARN: [33m[33mArkTS:WARN File: E:/HW/Dev/DevEcoStudioProjects/HMTG/entry/src/main/ets/pages/contacts/ContactListPage.ets:302:5
 Function may throw exceptions. Special handling is required.
[39m[39m
[33m186 WARN: [33m[33mArkTS:WARN File: E:/HW/Dev/DevEcoStudioProjects/HMTG/entry/src/main/ets/pages/contacts/ContactListPage.ets:302:18
 'showToast' has been deprecated.
[39m[39m
[33m187 WARN: [33m[33mArkTS:WARN File: E:/HW/Dev/DevEcoStudioProjects/HMTG/entry/src/main/ets/pages/contacts/ContactListPage.ets:306:18
 'showActionMenu' has been deprecated.
[39m[39m
[33m188 WARN: [33m[33mArkTS:WARN File: E:/HW/Dev/DevEcoStudioProjects/HMTG/entry/src/main/ets/pages/contacts/ContactListPage.ets:319:12
 'pushUrl' has been deprecated.
[39m[39m
[33m189 WARN: [33m[33mArkTS:WARN File: E:/HW/Dev/DevEcoStudioProjects/HMTG/entry/src/main/ets/pages/contacts/ContactListPage.ets:320:33
 'showToast' has been deprecated.
[39m[39m
[33m190 WARN: [33m[33mArkTS:WARN File: E:/HW/Dev/DevEcoStudioProjects/HMTG/entry/src/main/ets/pages/settings/SettingsPage.ets:87:25
 'getContext' has been deprecated.
[39m[39m
[33m191 WARN: [33m[33mArkTS:WARN File: E:/HW/Dev/DevEcoStudioProjects/HMTG/entry/src/main/ets/pages/settings/SettingsPage.ets:308:5
 Function may throw exceptions. Special handling is required.
[39m[39m
[33m192 WARN: [33m[33mArkTS:WARN File: E:/HW/Dev/DevEcoStudioProjects/HMTG/entry/src/main/ets/pages/settings/SettingsPage.ets:308:18
 'showToast' has been deprecated.
[39m[39m
[33m193 WARN: [33m[33mArkTS:WARN File: E:/HW/Dev/DevEcoStudioProjects/HMTG/entry/src/main/ets/pages/settings/SettingsPage.ets:325:5
 Function may throw exceptions. Special handling is required.
[39m[39m
[33m194 WARN: [33m[33mArkTS:WARN File: E:/HW/Dev/DevEcoStudioProjects/HMTG/entry/src/main/ets/pages/settings/SettingsPage.ets:325:18
 'showToast' has been deprecated.
[39m[39m
[33m195 WARN: [33m[33mArkTS:WARN File: E:/HW/Dev/DevEcoStudioProjects/HMTG/entry/src/main/ets/pages/settings/SettingsPage.ets:330:5
 Function may throw exceptions. Special handling is required.
[39m[39m
[33m196 WARN: [33m[33mArkTS:WARN File: E:/HW/Dev/DevEcoStudioProjects/HMTG/entry/src/main/ets/pages/settings/SettingsPage.ets:330:18
 'showToast' has been deprecated.
[39m[39m
[33m197 WARN: [33m[33mArkTS:WARN File: E:/HW/Dev/DevEcoStudioProjects/HMTG/entry/src/main/ets/pages/settings/SettingsPage.ets:335:5
 Function may throw exceptions. Special handling is required.
[39m[39m
[33m198 WARN: [33m[33mArkTS:WARN File: E:/HW/Dev/DevEcoStudioProjects/HMTG/entry/src/main/ets/pages/settings/SettingsPage.ets:335:18
 'showToast' has been deprecated.
[39m[39m
[33m199 WARN: [33m[33mArkTS:WARN File: E:/HW/Dev/DevEcoStudioProjects/HMTG/entry/src/main/ets/pages/settings/SettingsPage.ets:340:5
 Function may throw exceptions. Special handling is required.
[39m[39m
[33m200 WARN: [33m[33mArkTS:WARN File: E:/HW/Dev/DevEcoStudioProjects/HMTG/entry/src/main/ets/pages/settings/SettingsPage.ets:340:18
 'showToast' has been deprecated.
[39m[39m
[33m201 WARN: [33m[33mArkTS:WARN File: E:/HW/Dev/DevEcoStudioProjects/HMTG/entry/src/main/ets/pages/settings/SettingsPage.ets:347:5
 Function may throw exceptions. Special handling is required.
[39m[39m
[33m202 WARN: [33m[33mArkTS:WARN File: E:/HW/Dev/DevEcoStudioProjects/HMTG/entry/src/main/ets/pages/settings/SettingsPage.ets:347:18
 'showToast' has been deprecated.
[39m[39m
[33m203 WARN: [33m[33mArkTS:WARN File: E:/HW/Dev/DevEcoStudioProjects/HMTG/entry/src/main/ets/pages/settings/SettingsPage.ets:350:5
 Function may throw exceptions. Special handling is required.
[39m[39m
[33m204 WARN: [33m[33mArkTS:WARN File: E:/HW/Dev/DevEcoStudioProjects/HMTG/entry/src/main/ets/pages/settings/SettingsPage.ets:350:18
 'showToast' has been deprecated.
[39m[39m
[33m205 WARN: [33m[33mArkTS:WARN File: E:/HW/Dev/DevEcoStudioProjects/HMTG/entry/src/main/ets/pages/settings/SettingsPage.ets:353:5
 Function may throw exceptions. Special handling is required.
[39m[39m
[33m206 WARN: [33m[33mArkTS:WARN File: E:/HW/Dev/DevEcoStudioProjects/HMTG/entry/src/main/ets/pages/settings/SettingsPage.ets:353:18
 'showToast' has been deprecated.
[39m[39m
[33m207 WARN: [33m[33mArkTS:WARN File: E:/HW/Dev/DevEcoStudioProjects/HMTG/entry/src/main/ets/pages/settings/SettingsPage.ets:356:5
 Function may throw exceptions. Special handling is required.
[39m[39m
[33m208 WARN: [33m[33mArkTS:WARN File: E:/HW/Dev/DevEcoStudioProjects/HMTG/entry/src/main/ets/pages/settings/SettingsPage.ets:356:18
 'showToast' has been deprecated.
[39m[39m
[33m209 WARN: [33m[33mArkTS:WARN File: E:/HW/Dev/DevEcoStudioProjects/HMTG/entry/src/main/ets/pages/settings/SettingsPage.ets:359:5
 Function may throw exceptions. Special handling is required.
[39m[39m
[33m210 WARN: [33m[33mArkTS:WARN File: E:/HW/Dev/DevEcoStudioProjects/HMTG/entry/src/main/ets/pages/settings/SettingsPage.ets:359:18
 'showToast' has been deprecated.
[39m[39m
[33m211 WARN: [33m[33mArkTS:WARN File: E:/HW/Dev/DevEcoStudioProjects/HMTG/entry/src/main/ets/pages/settings/SettingsPage.ets:362:5
 Function may throw exceptions. Special handling is required.
[39m[39m
[33m212 WARN: [33m[33mArkTS:WARN File: E:/HW/Dev/DevEcoStudioProjects/HMTG/entry/src/main/ets/pages/settings/SettingsPage.ets:362:18
 'showToast' has been deprecated.
[39m[39m
[33m213 WARN: [33m[33mArkTS:WARN File: E:/HW/Dev/DevEcoStudioProjects/HMTG/entry/src/main/ets/pages/settings/SettingsPage.ets:365:5
 Function may throw exceptions. Special handling is required.
[39m[39m
[33m214 WARN: [33m[33mArkTS:WARN File: E:/HW/Dev/DevEcoStudioProjects/HMTG/entry/src/main/ets/pages/settings/SettingsPage.ets:365:18
 'showToast' has been deprecated.
[39m[39m
[33m215 WARN: [33m[33mArkTS:WARN File: E:/HW/Dev/DevEcoStudioProjects/HMTG/entry/src/main/ets/pages/settings/SettingsPage.ets:368:5
 Function may throw exceptions. Special handling is required.
[39m[39m
[33m216 WARN: [33m[33mArkTS:WARN File: E:/HW/Dev/DevEcoStudioProjects/HMTG/entry/src/main/ets/pages/settings/SettingsPage.ets:368:18
 'showToast' has been deprecated.
[39m[39m
[33m217 WARN: [33m[33mArkTS:WARN File: E:/HW/Dev/DevEcoStudioProjects/HMTG/entry/src/main/ets/pages/settings/SettingsPage.ets:377:20
 'pushUrl' has been deprecated.
[39m[39m
[33m218 WARN: [33m[33mArkTS:WARN File: E:/HW/Dev/DevEcoStudioProjects/HMTG/entry/src/main/ets/pages/settings/SettingsPage.ets:381:7
 Function may throw exceptions. Special handling is required.
[39m[39m
[33m219 WARN: [33m[33mArkTS:WARN File: E:/HW/Dev/DevEcoStudioProjects/HMTG/entry/src/main/ets/pages/settings/SettingsPage.ets:381:20
 'showToast' has been deprecated.
[39m[39m
[33m220 WARN: [33m[33mArkTS:WARN File: E:/HW/Dev/DevEcoStudioProjects/HMTG/oh_modules/.ohpm/@ohos+zxing@2.1.2/oh_modules/@ohos/zxing/src/main/ets/scan/model/CameraService.ets:80:26
 Function may throw exceptions. Special handling is required.
[39m[39m
[33m221 WARN: [33m[33mArkTS:WARN File: E:/HW/Dev/DevEcoStudioProjects/HMTG/oh_modules/.ohpm/@ohos+zxing@2.1.2/oh_modules/@ohos/zxing/src/main/ets/scan/model/CameraService.ets:88:13
 Function may throw exceptions. Special handling is required.
[39m[39m
[33m222 WARN: [33m[33mArkTS:WARN File: E:/HW/Dev/DevEcoStudioProjects/HMTG/oh_modules/.ohpm/@ohos+zxing@2.1.2/oh_modules/@ohos/zxing/src/main/ets/scan/model/CameraService.ets:90:24
 Function may throw exceptions. Special handling is required.
[39m[39m
[33m223 WARN: [33m[33mArkTS:WARN File: E:/HW/Dev/DevEcoStudioProjects/HMTG/oh_modules/.ohpm/@ohos+zxing@2.1.2/oh_modules/@ohos/zxing/src/main/ets/scan/model/CameraService.ets:91:11
 Function may throw exceptions. Special handling is required.
[39m[39m
[33m224 WARN: [33m[33mArkTS:WARN File: E:/HW/Dev/DevEcoStudioProjects/HMTG/oh_modules/.ohpm/@ohos+zxing@2.1.2/oh_modules/@ohos/zxing/src/main/ets/scan/model/CameraService.ets:92:26
 Function may throw exceptions. Special handling is required.
[39m[39m
[33m225 WARN: [33m[33mArkTS:WARN File: E:/HW/Dev/DevEcoStudioProjects/HMTG/oh_modules/.ohpm/@ohos+zxing@2.1.2/oh_modules/@ohos/zxing/src/main/ets/scan/model/CameraService.ets:93:27
 Function may throw exceptions. Special handling is required.
[39m[39m
[33m226 WARN: [33m[33mArkTS:WARN File: E:/HW/Dev/DevEcoStudioProjects/HMTG/oh_modules/.ohpm/@ohos+zxing@2.1.2/oh_modules/@ohos/zxing/src/main/ets/scan/model/CameraService.ets:93:72
 'createCaptureSession' has been deprecated.
[39m[39m
[33m227 WARN: [33m[33mArkTS:WARN File: E:/HW/Dev/DevEcoStudioProjects/HMTG/oh_modules/.ohpm/@ohos+zxing@2.1.2/oh_modules/@ohos/zxing/src/main/ets/scan/model/CameraService.ets:94:5
 Function may throw exceptions. Special handling is required.
[39m[39m
[33m228 WARN: [33m[33mArkTS:WARN File: E:/HW/Dev/DevEcoStudioProjects/HMTG/oh_modules/.ohpm/@ohos+zxing@2.1.2/oh_modules/@ohos/zxing/src/main/ets/scan/model/CameraService.ets:94:52
 'beginConfig' has been deprecated.
[39m[39m
[33m229 WARN: [33m[33mArkTS:WARN File: E:/HW/Dev/DevEcoStudioProjects/HMTG/oh_modules/.ohpm/@ohos+zxing@2.1.2/oh_modules/@ohos/zxing/src/main/ets/scan/model/CameraService.ets:95:5
 Function may throw exceptions. Special handling is required.
[39m[39m
[33m230 WARN: [33m[33mArkTS:WARN File: E:/HW/Dev/DevEcoStudioProjects/HMTG/oh_modules/.ohpm/@ohos+zxing@2.1.2/oh_modules/@ohos/zxing/src/main/ets/scan/model/CameraService.ets:95:52
 'addInput' has been deprecated.
[39m[39m
[33m231 WARN: [33m[33mArkTS:WARN File: E:/HW/Dev/DevEcoStudioProjects/HMTG/oh_modules/.ohpm/@ohos+zxing@2.1.2/oh_modules/@ohos/zxing/src/main/ets/scan/model/CameraService.ets:96:5
 Function may throw exceptions. Special handling is required.
[39m[39m
[33m232 WARN: [33m[33mArkTS:WARN File: E:/HW/Dev/DevEcoStudioProjects/HMTG/oh_modules/.ohpm/@ohos+zxing@2.1.2/oh_modules/@ohos/zxing/src/main/ets/scan/model/CameraService.ets:96:52
 'addOutput' has been deprecated.
[39m[39m
[33m233 WARN: [33m[33mArkTS:WARN File: E:/HW/Dev/DevEcoStudioProjects/HMTG/oh_modules/.ohpm/@ohos+zxing@2.1.2/oh_modules/@ohos/zxing/src/main/ets/scan/model/CameraService.ets:101:11
 Function may throw exceptions. Special handling is required.
[39m[39m
[33m234 WARN: [33m[33mArkTS:WARN File: E:/HW/Dev/DevEcoStudioProjects/HMTG/oh_modules/.ohpm/@ohos+zxing@2.1.2/oh_modules/@ohos/zxing/src/main/ets/scan/model/CameraService.ets:101:58
 'commitConfig' has been deprecated.
[39m[39m
[33m235 WARN: [33m[33mArkTS:WARN File: E:/HW/Dev/DevEcoStudioProjects/HMTG/oh_modules/.ohpm/@ohos+zxing@2.1.2/oh_modules/@ohos/zxing/src/main/ets/scan/model/CameraService.ets:102:11
 Function may throw exceptions. Special handling is required.
[39m[39m
[33m236 WARN: [33m[33mArkTS:WARN File: E:/HW/Dev/DevEcoStudioProjects/HMTG/oh_modules/.ohpm/@ohos+zxing@2.1.2/oh_modules/@ohos/zxing/src/main/ets/scan/model/CameraService.ets:102:58
 'start' has been deprecated.
[39m[39m
[33m237 WARN: [33m[33mArkTS:WARN File: E:/HW/Dev/DevEcoStudioProjects/HMTG/oh_modules/.ohpm/@ohos+zxing@2.1.2/oh_modules/@ohos/zxing/src/main/ets/scan/model/CameraService.ets:158:32
 Function may throw exceptions. Special handling is required.
[39m[39m
[33m238 WARN: [33m[33mArkTS:WARN File: E:/HW/Dev/DevEcoStudioProjects/HMTG/oh_modules/.ohpm/@ohos+zxing@2.1.2/oh_modules/@ohos/zxing/src/main/ets/scan/model/CameraService.ets:158:79
 'getZoomRatioRange' has been deprecated.
[39m[39m
[33m239 WARN: [33m[33mArkTS:WARN File: E:/HW/Dev/DevEcoStudioProjects/HMTG/oh_modules/.ohpm/@ohos+zxing@2.1.2/oh_modules/@ohos/zxing/src/main/ets/scan/model/CameraService.ets:166:13
 Function may throw exceptions. Special handling is required.
[39m[39m
[33m240 WARN: [33m[33mArkTS:WARN File: E:/HW/Dev/DevEcoStudioProjects/HMTG/oh_modules/.ohpm/@ohos+zxing@2.1.2/oh_modules/@ohos/zxing/src/main/ets/scan/model/CameraService.ets:166:60
 'stop' has been deprecated.
[39m[39m
[33m241 WARN: [33m[33mArkTS:WARN File: E:/HW/Dev/DevEcoStudioProjects/HMTG/oh_modules/.ohpm/@ohos+zxing@2.1.2/oh_modules/@ohos/zxing/src/main/ets/scan/model/CameraService.ets:172:27
 'createImageReceiver' has been deprecated.
[39m[39m
[33m242 WARN: [33m[33mArkTS:WARN File: E:/HW/Dev/DevEcoStudioProjects/HMTG/oh_modules/.ohpm/@ohos+zxing@2.1.2/oh_modules/@ohos/zxing/src/main/ets/scan/model/CameraService.ets:179:25
 Function may throw exceptions. Special handling is required.
[39m[39m
[33m243 WARN: [33m[33mArkTS:WARN File: E:/HW/Dev/DevEcoStudioProjects/HMTG/oh_modules/.ohpm/@ohos+zxing@2.1.2/oh_modules/@ohos/zxing/src/main/ets/scan/model/CameraService.ets:180:5
 Function may throw exceptions. Special handling is required.
[39m[39m
[33m244 WARN: [33m[33mArkTS:WARN File: E:/HW/Dev/DevEcoStudioProjects/HMTG/oh_modules/.ohpm/@ohos+zxing@2.1.2/oh_modules/@ohos/zxing/src/main/ets/scan/model/CameraService.ets:180:52
 'addOutput' has been deprecated.
[39m[39m
[33m245 WARN: [33m[33mArkTS:WARN File: E:/HW/Dev/DevEcoStudioProjects/HMTG/oh_modules/.ohpm/@ohos+zxing@2.1.2/oh_modules/@ohos/zxing/src/main/ets/scan/model/CameraService.ets:287:90
 Function may throw exceptions. Special handling is required.
[39m[39m
[33m246 WARN: [33m[33mArkTS:WARN File: E:/HW/Dev/DevEcoStudioProjects/HMTG/oh_modules/.ohpm/@ohos+zxing@2.1.2/oh_modules/@ohos/zxing/src/main/ets/scan/model/CameraService.ets:287:96
 To use this API, you need to apply for the permissions: ohos.permission.READ_IMAGEVIDEO
[39m[39m
[33m247 WARN: [33m[33mArkTS:WARN File: E:/HW/Dev/DevEcoStudioProjects/HMTG/oh_modules/.ohpm/@ohos+zxing@2.1.2/oh_modules/@ohos/zxing/src/main/ets/scan/model/CameraService.ets:288:58
 Function may throw exceptions. Special handling is required.
[39m[39m
[33m248 WARN: [33m[33mArkTS:WARN File: E:/HW/Dev/DevEcoStudioProjects/HMTG/oh_modules/.ohpm/@ohos+zxing@2.1.2/oh_modules/@ohos/zxing/src/main/ets/scan/model/CameraService.ets:292:11
 Function may throw exceptions. Special handling is required.
[39m[39m
[33m249 WARN: [33m[33mArkTS:WARN File: E:/HW/Dev/DevEcoStudioProjects/HMTG/oh_modules/.ohpm/@ohos+zxing@2.1.2/oh_modules/@ohos/zxing/src/main/ets/scan/model/CameraService.ets:292:47
 To use this API, you need to apply for the permissions: ohos.permission.READ_IMAGEVIDEO
[39m[39m
[33m250 WARN: [33m[33mArkTS:WARN File: E:/HW/Dev/DevEcoStudioProjects/HMTG/oh_modules/.ohpm/@ohos+zxing@2.1.2/oh_modules/@ohos/zxing/src/main/ets/scan/model/CameraService.ets:306:5
 Function may throw exceptions. Special handling is required.
[39m[39m
[33m251 WARN: [33m[33mArkTS:WARN File: E:/HW/Dev/DevEcoStudioProjects/HMTG/oh_modules/.ohpm/@ohos+zxing@2.1.2/oh_modules/@ohos/zxing/src/main/ets/scan/model/CameraService.ets:341:76
 'getSupportedOutputCapability' has been deprecated.
[39m[39m
[33m252 WARN: [33m[33mArkTS:WARN File: E:/HW/Dev/DevEcoStudioProjects/HMTG/oh_modules/.ohpm/@ohos+zxing@2.1.2/oh_modules/@ohos/zxing/src/main/ets/scan/model/CameraService.ets:371:7
 Function may throw exceptions. Special handling is required.
[39m[39m
[33m253 WARN: [33m[33mArkTS:WARN File: E:/HW/Dev/DevEcoStudioProjects/HMTG/oh_modules/.ohpm/@ohos+zxing@2.1.2/oh_modules/@ohos/zxing/src/main/ets/scan/model/CameraService.ets:371:54
 'setZoomRatio' has been deprecated.
[39m[39m
[33m254 WARN: [33m[33mArkTS:WARN File: E:/HW/Dev/DevEcoStudioProjects/HMTG/oh_modules/.ohpm/@ohos+zxing@2.1.2/oh_modules/@ohos/zxing/src/main/ets/scan/model/CameraService.ets:397:13
 Function may throw exceptions. Special handling is required.
[39m[39m
[33m255 WARN: [33m[33mArkTS:WARN File: E:/HW/Dev/DevEcoStudioProjects/HMTG/oh_modules/.ohpm/@ohos+zxing@2.1.2/oh_modules/@ohos/zxing/src/main/ets/scan/model/CameraService.ets:397:60
 'stop' has been deprecated.
[39m[39m
[33m256 WARN: [33m[33mArkTS:WARN File: E:/HW/Dev/DevEcoStudioProjects/HMTG/oh_modules/.ohpm/@ohos+zxing@2.1.2/oh_modules/@ohos/zxing/src/main/ets/scan/model/CameraService.ets:398:13
 Function may throw exceptions. Special handling is required.
[39m[39m
[33m257 WARN: [33m[33mArkTS:WARN File: E:/HW/Dev/DevEcoStudioProjects/HMTG/oh_modules/.ohpm/@ohos+zxing@2.1.2/oh_modules/@ohos/zxing/src/main/ets/scan/model/CameraService.ets:398:60
 'release' has been deprecated.
[39m[39m
[33m258 WARN: [33m[33mArkTS:WARN File: E:/HW/Dev/DevEcoStudioProjects/HMTG/oh_modules/.ohpm/@ohos+zxing@2.1.2/oh_modules/@ohos/zxing/src/main/ets/scan/CameraPreview.ets:36:27
 'px2vp' has been deprecated.
[39m[39m
[33m259 WARN: [33m[33mArkTS:WARN File: E:/HW/Dev/DevEcoStudioProjects/HMTG/oh_modules/.ohpm/@ohos+zxing@2.1.2/oh_modules/@ohos/zxing/src/main/ets/scan/CameraPreview.ets:37:25
 'setXComponentSurfaceSize' has been deprecated.
[39m[39m
[33m260 WARN: [33m[33mArkTS:WARN File: E:/HW/Dev/DevEcoStudioProjects/HMTG/oh_modules/.ohpm/@ohos+zxing@2.1.2/oh_modules/@ohos/zxing/src/main/ets/scan/CameraPreview.ets:53:7
 'animateTo' has been deprecated.
[39m[39m
[33m261 WARN: [33m[33mArkTS:WARN File: E:/HW/Dev/DevEcoStudioProjects/HMTG/oh_modules/.ohpm/@ohos+zxing@2.1.2/oh_modules/@ohos/zxing/src/main/ets/scan/CameraPreview.ets:112:44
 'getContext' has been deprecated.
[39m[39m
[33m262 WARN: [33m[33mArkTS:WARN File: E:/HW/Dev/DevEcoStudioProjects/HMTG/oh_modules/.ohpm/@ohos+zxing@2.1.2/oh_modules/@ohos/zxing/src/main/ets/scan/utils/DimensionUtil.ets:25:34
 'getContext' has been deprecated.
[39m[39m
[33m263 WARN: [33m[33mArkTS:WARN File: E:/HW/Dev/DevEcoStudioProjects/HMTG/oh_modules/.ohpm/@ohos+zxing@2.1.2/oh_modules/@ohos/zxing/src/main/ets/scan/utils/DimensionUtil.ets:35:19
 'getContext' has been deprecated.
[39m[39m
[33m264 WARN: [33m[33mArkTS:WARN File: E:/HW/Dev/DevEcoStudioProjects/HMTG/oh_modules/.ohpm/@ohos+zxing@2.1.2/oh_modules/@ohos/zxing/src/main/ets/scan/utils/DimensionUtil.ets:49:20
 Function may throw exceptions. Special handling is required.
[39m[39m
[33m265 WARN: [33m[33mArkTS:WARN File: E:/HW/Dev/DevEcoStudioProjects/HMTG/oh_modules/.ohpm/@ohos+zxing@2.1.2/oh_modules/@ohos/zxing/src/main/ets/scan/utils/DimensionUtil.ets:54:20
 Function may throw exceptions. Special handling is required.
[39m[39m
[33m266 WARN: [33m[33mArkTS:WARN File: E:/HW/Dev/DevEcoStudioProjects/HMTG/oh_modules/.ohpm/@ohos+zxing@2.1.2/oh_modules/@ohos/zxing/src/main/ets/scan/utils/DimensionUtil.ets:55:12
 'px2vp' has been deprecated.
[39m[39m
[33m267 WARN: [33m[33mArkTS:WARN File: E:/HW/Dev/DevEcoStudioProjects/HMTG/oh_modules/.ohpm/@ohos+zxing@2.1.2/oh_modules/@ohos/zxing/src/main/ets/scan/utils/DimensionUtil.ets:59:20
 Function may throw exceptions. Special handling is required.
[39m[39m
[33m268 WARN: [33m[33mArkTS:WARN File: E:/HW/Dev/DevEcoStudioProjects/HMTG/oh_modules/.ohpm/@ohos+zxing@2.1.2/oh_modules/@ohos/zxing/src/main/ets/scan/utils/DimensionUtil.ets:60:12
 'px2fp' has been deprecated.
[39m[39m
[33m269 WARN: [33m[33mArkTS:WARN File: E:/HW/Dev/DevEcoStudioProjects/HMTG/oh_modules/.ohpm/@ohos+zxing@2.1.2/oh_modules/@ohos/zxing/src/main/ets/scan/CameraView.ets:74:16
 'back' has been deprecated.
[39m[39m
[33m270 WARN: [33m[33mArkTS:WARN File: E:/HW/Dev/DevEcoStudioProjects/HMTG/oh_modules/.ohpm/@ohos+zxing@2.1.2/oh_modules/@ohos/zxing/src/main/ets/scan/CameraView.ets:100:20
 'showToast' has been deprecated.
[39m[39m
[33m271 WARN: [33m[33mArkTS:WARN File: E:/HW/Dev/DevEcoStudioProjects/HMTG/entry/src/main/ets/pages/ProfilePage.ets:290:20
 'showToast' has been deprecated.
[39m[39m
[33m272 WARN: [33m[33mArkTS:WARN File: E:/HW/Dev/DevEcoStudioProjects/HMTG/entry/src/main/ets/pages/ProfilePage.ets:299:44
 'PhotoSelectOptions' has been deprecated.
[39m[39m
[33m273 WARN: [33m[33mArkTS:WARN File: E:/HW/Dev/DevEcoStudioProjects/HMTG/entry/src/main/ets/pages/ProfilePage.ets:300:38
 'PhotoViewPicker' has been deprecated.
[39m[39m
[33m274 WARN: [33m[33mArkTS:WARN File: E:/HW/Dev/DevEcoStudioProjects/HMTG/entry/src/main/ets/pages/ProfilePage.ets:301:45
 'select' has been deprecated.
[39m[39m
[33m275 WARN: [33m[33mArkTS:WARN File: E:/HW/Dev/DevEcoStudioProjects/HMTG/entry/src/main/ets/pages/ProfilePage.ets:302:38
 'photoUris' has been deprecated.
[39m[39m
[33m276 WARN: [33m[33mArkTS:WARN File: E:/HW/Dev/DevEcoStudioProjects/HMTG/entry/src/main/ets/pages/ProfilePage.ets:303:33
 'photoUris' has been deprecated.
[39m[39m
[33m277 WARN: [33m[33mArkTS:WARN File: E:/HW/Dev/DevEcoStudioProjects/HMTG/entry/src/main/ets/pages/ProfilePage.ets:305:22
 'showToast' has been deprecated.
[39m[39m
[33m278 WARN: [33m[33mArkTS:WARN File: E:/HW/Dev/DevEcoStudioProjects/HMTG/entry/src/main/ets/pages/ProfilePage.ets:309:7
 Function may throw exceptions. Special handling is required.
[39m[39m
[33m279 WARN: [33m[33mArkTS:WARN File: E:/HW/Dev/DevEcoStudioProjects/HMTG/entry/src/main/ets/pages/ProfilePage.ets:309:20
 'showToast' has been deprecated.
[39m[39m
[33m280 WARN: [33m[33mArkTS:WARN File: E:/HW/Dev/DevEcoStudioProjects/HMTG/entry/src/main/ets/pages/ProfilePage.ets:325:22
 'showToast' has been deprecated.
[39m[39m
[33m281 WARN: [33m[33mArkTS:WARN File: E:/HW/Dev/DevEcoStudioProjects/HMTG/entry/src/main/ets/pages/ProfilePage.ets:337:20
 'showToast' has been deprecated.
[39m[39m
[33m282 WARN: [33m[33mArkTS:WARN File: E:/HW/Dev/DevEcoStudioProjects/HMTG/entry/src/main/ets/pages/ProfilePage.ets:340:7
 Function may throw exceptions. Special handling is required.
[39m[39m
[33m283 WARN: [33m[33mArkTS:WARN File: E:/HW/Dev/DevEcoStudioProjects/HMTG/entry/src/main/ets/pages/ProfilePage.ets:340:20
 'showToast' has been deprecated.
[39m[39m
[33m284 WARN: [33m[33mArkTS:WARN File: E:/HW/Dev/DevEcoStudioProjects/HMTG/entry/src/main/ets/pages/ProfilePage.ets:346:12
 'pushUrl' has been deprecated.
[39m[39m
[33m285 WARN: [33m[33mArkTS:WARN File: E:/HW/Dev/DevEcoStudioProjects/HMTG/entry/src/main/ets/pages/ProfilePage.ets:351:5
 Function may throw exceptions. Special handling is required.
[39m[39m
[33m286 WARN: [33m[33mArkTS:WARN File: E:/HW/Dev/DevEcoStudioProjects/HMTG/entry/src/main/ets/pages/ProfilePage.ets:351:18
 'showToast' has been deprecated.
[39m[39m
[33m287 WARN: [33m[33mArkTS:WARN File: E:/HW/Dev/DevEcoStudioProjects/HMTG/oh_modules/.ohpm/@jjr+lottie_component@1.0.8/oh_modules/@jjr/lottie_component/src/main/ets/controller/LottieController.ets
:27:20
 Function may throw exceptions. Special handling is required.
[39m[39m
[33m288 WARN: [33m[33mArkTS:WARN File: E:/HW/Dev/DevEcoStudioProjects/HMTG/oh_modules/.ohpm/@jjr+lottie_component@1.0.8/oh_modules/@jjr/lottie_component/src/main/ets/controller/LottieController.ets
:29:20
 Function may throw exceptions. Special handling is required.
[39m[39m
[33m289 WARN: [33m[33mArkTS:WARN File: E:/HW/Dev/DevEcoStudioProjects/HMTG/entry/src/main/ets/pages/auth/AuthPhonePage.ets:136:12
 'pushUrl' has been deprecated.
[39m[39m
[33m290 WARN: [33m[33mArkTS:WARN File: E:/HW/Dev/DevEcoStudioProjects/HMTG/entry/src/main/ets/pages/auth/AuthPhonePage.ets:207:24
 'showToast' has been deprecated.
[39m[39m
[33m291 WARN: [33m[33mArkTS:WARN File: E:/HW/Dev/DevEcoStudioProjects/HMTG/entry/src/main/ets/pages/auth/AuthPhonePage.ets:327:20
 'showToast' has been deprecated.
[39m[39m
[33m292 WARN: [33m[33mArkTS:WARN File: E:/HW/Dev/DevEcoStudioProjects/HMTG/entry/src/main/ets/pages/auth/AuthPhonePage.ets:461:31
 'pushUrl' has been deprecated.
[39m[39m
[33m293 WARN: [33m[33mArkTS:WARN File: E:/HW/Dev/DevEcoStudioProjects/HMTG/entry/src/main/ets/pages/auth/AuthCodePage.ets:173:22
 'showToast' has been deprecated.
[39m[39m
[33m294 WARN: [33m[33mArkTS:WARN File: E:/HW/Dev/DevEcoStudioProjects/HMTG/entry/src/main/ets/pages/auth/AuthCodePage.ets:194:16
 'replaceUrl' has been deprecated.
[39m[39m
[33m295 WARN: [33m[33mArkTS:WARN File: E:/HW/Dev/DevEcoStudioProjects/HMTG/entry/src/main/ets/pages/auth/AuthCodePage.ets:203:16
 'replaceUrl' has been deprecated.
[39m[39m
[33m296 WARN: [33m[33mArkTS:WARN File: E:/HW/Dev/DevEcoStudioProjects/HMTG/entry/src/main/ets/pages/auth/AuthCodePage.ets:216:14
 'replaceUrl' has been deprecated.
[39m[39m
[33m297 WARN: [33m[33mArkTS:WARN File: E:/HW/Dev/DevEcoStudioProjects/HMTG/entry/src/main/ets/pages/auth/AuthCodePage.ets:471:20
 'replaceUrl' has been deprecated.
[39m[39m
[33m298 WARN: [33m[33mArkTS:WARN File: E:/HW/Dev/DevEcoStudioProjects/HMTG/entry/src/main/ets/pages/auth/AuthCodePage.ets:503:24
 'replaceUrl' has been deprecated.
[39m[39m
[33m299 WARN: [33m[33mArkTS:WARN File: E:/HW/Dev/DevEcoStudioProjects/HMTG/entry/src/main/ets/pages/auth/AuthCodePage.ets:508:24
 'replaceUrl' has been deprecated.
[39m[39m
[33m300 WARN: [33m[33mArkTS:WARN File: E:/HW/Dev/DevEcoStudioProjects/HMTG/entry/src/main/ets/pages/auth/AuthCodePage.ets:534:24
 'replaceUrl' has been deprecated.
[39m[39m
[33m301 WARN: [33m[33mArkTS:WARN File: E:/HW/Dev/DevEcoStudioProjects/HMTG/entry/src/main/ets/pages/auth/AuthCodePage.ets:565:7
 Function may throw exceptions. Special handling is required.
[39m[39m
[33m302 WARN: [33m[33mArkTS:WARN File: E:/HW/Dev/DevEcoStudioProjects/HMTG/entry/src/main/ets/pages/auth/AuthCodePage.ets:565:20
 'showToast' has been deprecated.
[39m[39m
[33m303 WARN: [33m[33mArkTS:WARN File: E:/HW/Dev/DevEcoStudioProjects/HMTG/entry/src/main/ets/pages/auth/AuthCodePage.ets:605:7
 Function may throw exceptions. Special handling is required.
[39m[39m
[33m304 WARN: [33m[33mArkTS:WARN File: E:/HW/Dev/DevEcoStudioProjects/HMTG/entry/src/main/ets/pages/auth/AuthCodePage.ets:605:20
 'showToast' has been deprecated.
[39m[39m
[33m305 WARN: [33m[33mArkTS:WARN File: E:/HW/Dev/DevEcoStudioProjects/HMTG/entry/src/main/ets/pages/auth/AuthPasswordPage.ets:96:16
 'replaceUrl' has been deprecated.
[39m[39m
[33m306 WARN: [33m[33mArkTS:WARN File: E:/HW/Dev/DevEcoStudioProjects/HMTG/entry/src/main/ets/pages/auth/AuthPasswordPage.ets:123:22
 'showToast' has been deprecated.
[39m[39m
[33m307 WARN: [33m[33mArkTS:WARN File: E:/HW/Dev/DevEcoStudioProjects/HMTG/entry/src/main/ets/pages/auth/AuthPasswordPage.ets:128:22
 'showToast' has been deprecated.
[39m[39m
[33m308 WARN: [33m[33mArkTS:WARN File: E:/HW/Dev/DevEcoStudioProjects/HMTG/entry/src/main/ets/pages/auth/AuthPasswordPage.ets:135:7
 Function may throw exceptions. Special handling is required.
[39m[39m
[33m309 WARN: [33m[33mArkTS:WARN File: E:/HW/Dev/DevEcoStudioProjects/HMTG/entry/src/main/ets/pages/auth/AuthPasswordPage.ets:135:20
 'showToast' has been deprecated.
[39m[39m
[33m310 WARN: [33m[33mArkTS:WARN File: E:/HW/Dev/DevEcoStudioProjects/HMTG/entry/src/main/ets/pages/auth/AuthPasswordPage.ets:145:7
 Function may throw exceptions. Special handling is required.
[39m[39m
[33m311 WARN: [33m[33mArkTS:WARN File: E:/HW/Dev/DevEcoStudioProjects/HMTG/entry/src/main/ets/pages/auth/AuthPasswordPage.ets:145:20
 'showToast' has been deprecated.
[39m[39m
[33m312 WARN: [33m[33mArkTS:WARN File: E:/HW/Dev/DevEcoStudioProjects/HMTG/entry/src/main/ets/pages/auth/AuthPasswordPage.ets:159:18
 'replaceUrl' has been deprecated.
[39m[39m
[33m313 WARN: [33m[33mArkTS:WARN File: E:/HW/Dev/DevEcoStudioProjects/HMTG/entry/src/main/ets/pages/auth/AuthPasswordPage.ets:326:16
 'back' has been deprecated.
[39m[39m
[33m314 WARN: [33m[33mArkTS:WARN File: E:/HW/Dev/DevEcoStudioProjects/HMTG/entry/src/main/ets/pages/auth/AuthQrCodePage.ets:83:7
 Function may throw exceptions. Special handling is required.
[39m[39m
[33m315 WARN: [33m[33mArkTS:WARN File: E:/HW/Dev/DevEcoStudioProjects/HMTG/entry/src/main/ets/pages/auth/AuthQrCodePage.ets:83:20
 'showToast' has been deprecated.
[39m[39m
[33m316 WARN: [33m[33mArkTS:WARN File: E:/HW/Dev/DevEcoStudioProjects/HMTG/entry/src/main/ets/pages/auth/AuthQrCodePage.ets:108:26
 'replaceUrl' has been deprecated.
[39m[39m
[33m317 WARN: [33m[33mArkTS:WARN File: E:/HW/Dev/DevEcoStudioProjects/HMTG/entry/src/main/ets/pages/auth/AuthQrCodePage.ets:122:12
 'back' has been deprecated.
[39m[39m
[33m318 WARN: [33m[33mArkTS:WARN File: E:/HW/Dev/DevEcoStudioProjects/HMTG/entry/src/main/ets/pages/auth/AuthQrCodePage.ets:232:36
 'showToast' has been deprecated.
[39m[39m
[33m319 WARN: [33m[33mArkTS:WARN File: E:/HW/Dev/DevEcoStudioProjects/HMTG/entry/src/main/ets/pages/auth/AuthBotTokenPage.ets:51:7
 Function may throw exceptions. Special handling is required.
[39m[39m
[33m320 WARN: [33m[33mArkTS:WARN File: E:/HW/Dev/DevEcoStudioProjects/HMTG/entry/src/main/ets/pages/auth/AuthBotTokenPage.ets:51:20
 'showToast' has been deprecated.
[39m[39m
[33m321 WARN: [33m[33mArkTS:WARN File: E:/HW/Dev/DevEcoStudioProjects/HMTG/entry/src/main/ets/pages/auth/AuthBotTokenPage.ets:61:22
 'showToast' has been deprecated.
[39m[39m
[33m322 WARN: [33m[33mArkTS:WARN File: E:/HW/Dev/DevEcoStudioProjects/HMTG/entry/src/main/ets/pages/auth/AuthBotTokenPage.ets:62:16
 'replaceUrl' has been deprecated.
[39m[39m
[33m323 WARN: [33m[33mArkTS:WARN File: E:/HW/Dev/DevEcoStudioProjects/HMTG/entry/src/main/ets/pages/auth/AuthBotTokenPage.ets:64:22
 'showToast' has been deprecated.
[39m[39m
[33m324 WARN: [33m[33mArkTS:WARN File: E:/HW/Dev/DevEcoStudioProjects/HMTG/entry/src/main/ets/pages/auth/AuthBotTokenPage.ets:68:7
 Function may throw exceptions. Special handling is required.
[39m[39m
[33m325 WARN: [33m[33mArkTS:WARN File: E:/HW/Dev/DevEcoStudioProjects/HMTG/entry/src/main/ets/pages/auth/AuthBotTokenPage.ets:68:20
 'showToast' has been deprecated.
[39m[39m
[33m326 WARN: [33m[33mArkTS:WARN File: E:/HW/Dev/DevEcoStudioProjects/HMTG/entry/src/main/ets/pages/auth/AuthBotTokenPage.ets:90:35
 'back' has been deprecated.
[39m[39m
[33m327 WARN: [33m[33mArkTS:WARN File: E:/HW/Dev/DevEcoStudioProjects/HMTG/entry/src/main/ets/pages/auth/AuthRegisterPage.ets:284:18
 'back' has been deprecated.
[39m[39m
[33m328 WARN: [33m[33mArkTS:WARN File: E:/HW/Dev/DevEcoStudioProjects/HMTG/entry/src/main/ets/pages/auth/AuthRegisterPage.ets:319:7
 Function may throw exceptions. Special handling is required.
[39m[39m
[33m329 WARN: [33m[33mArkTS:WARN File: E:/HW/Dev/DevEcoStudioProjects/HMTG/entry/src/main/ets/pages/auth/AuthRegisterPage.ets:319:20
 'showToast' has been deprecated.
[39m[39m
[33m330 WARN: [33m[33mArkTS:WARN File: E:/HW/Dev/DevEcoStudioProjects/HMTG/entry/src/main/ets/pages/auth/AuthRegisterPage.ets:324:7
 Function may throw exceptions. Special handling is required.
[39m[39m
[33m331 WARN: [33m[33mArkTS:WARN File: E:/HW/Dev/DevEcoStudioProjects/HMTG/entry/src/main/ets/pages/auth/AuthRegisterPage.ets:324:20
 'showToast' has been deprecated.
[39m[39m
[33m332 WARN: [33m[33mArkTS:WARN File: E:/HW/Dev/DevEcoStudioProjects/HMTG/entry/src/main/ets/pages/auth/AuthRegisterPage.ets:334:16
 'pushUrl' has been deprecated.
[39m[39m
[33m333 WARN: [33m[33mArkTS:WARN File: E:/HW/Dev/DevEcoStudioProjects/HMTG/entry/src/main/ets/pages/auth/AuthRegisterPage.ets:345:22
 'showToast' has been deprecated.
[39m[39m
[33m334 WARN: [33m[33mArkTS:WARN File: E:/HW/Dev/DevEcoStudioProjects/HMTG/entry/src/main/ets/pages/auth/AuthRegisterPage.ets:352:7
 Function may throw exceptions. Special handling is required.
[39m[39m
[33m335 WARN: [33m[33mArkTS:WARN File: E:/HW/Dev/DevEcoStudioProjects/HMTG/entry/src/main/ets/pages/auth/AuthRegisterPage.ets:352:20
 'showToast' has been deprecated.
[39m[39m
[33m336 WARN: [33m[33mArkTS:WARN File: E:/HW/Dev/DevEcoStudioProjects/HMTG/entry/src/main/ets/pages/auth/AuthRegisterPage.ets:361:17
 'getContext' has been deprecated.
[39m[39m
[33m337 WARN: [33m[33mArkTS:WARN File: E:/HW/Dev/DevEcoStudioProjects/HMTG/entry/src/main/ets/pages/auth/AuthRegisterPage.ets:368:20
 'showToast' has been deprecated.
[39m[39m
[33m338 WARN: [33m[33mArkTS:WARN File: E:/HW/Dev/DevEcoStudioProjects/HMTG/entry/src/main/ets/pages/auth/AuthRegisterPage.ets:379:16
 'replaceUrl' has been deprecated.
[39m[39m
[33m339 WARN: [33m[33mArkTS:WARN File: E:/HW/Dev/DevEcoStudioProjects/HMTG/entry/src/main/ets/pages/auth/PasscodeUnlockPage.ets:30:17
 'getContext' has been deprecated.
[39m[39m
[33m340 WARN: [33m[33mArkTS:WARN File: E:/HW/Dev/DevEcoStudioProjects/HMTG/entry/src/main/ets/pages/auth/PasscodeUnlockPage.ets:34:7
 Function may throw exceptions. Special handling is required.
[39m[39m
[33m341 WARN: [33m[33mArkTS:WARN File: E:/HW/Dev/DevEcoStudioProjects/HMTG/entry/src/main/ets/pages/auth/PasscodeUnlockPage.ets:34:14
 'replaceUrl' has been deprecated.
[39m[39m
[33m342 WARN: [33m[33mArkTS:WARN File: E:/HW/Dev/DevEcoStudioProjects/HMTG/entry/src/main/ets/pages/auth/PasscodeUnlockPage.ets:40:7
 Function may throw exceptions. Special handling is required.
[39m[39m
[33m343 WARN: [33m[33mArkTS:WARN File: E:/HW/Dev/DevEcoStudioProjects/HMTG/entry/src/main/ets/pages/auth/PasscodeUnlockPage.ets:40:20
 'showToast' has been deprecated.
[39m[39m
[33m344 WARN: [33m[33mArkTS:WARN File: E:/HW/Dev/DevEcoStudioProjects/HMTG/entry/src/main/ets/pages/auth/PasscodeUnlockPage.ets:45:7
 Function may throw exceptions. Special handling is required.
[39m[39m
[33m345 WARN: [33m[33mArkTS:WARN File: E:/HW/Dev/DevEcoStudioProjects/HMTG/entry/src/main/ets/pages/auth/PasscodeUnlockPage.ets:45:14
 'replaceUrl' has been deprecated.
[39m[39m
[33m346 WARN: [33m[33mArkTS:WARN File: E:/HW/Dev/DevEcoStudioProjects/HMTG/entry/src/main/ets/pages/auth/PasscodeUnlockPage.ets:48:7
 Function may throw exceptions. Special handling is required.
[39m[39m
[33m347 WARN: [33m[33mArkTS:WARN File: E:/HW/Dev/DevEcoStudioProjects/HMTG/entry/src/main/ets/pages/auth/PasscodeUnlockPage.ets:48:20
 'showToast' has been deprecated.
[39m[39m
[33m348 WARN: [33m[33mArkTS:WARN File: E:/HW/Dev/DevEcoStudioProjects/HMTG/entry/src/main/ets/pages/common/ChatPage.ets:86:27
 'getParams' has been deprecated.
[39m[39m
[33m349 WARN: [33m[33mArkTS:WARN File: E:/HW/Dev/DevEcoStudioProjects/HMTG/entry/src/main/ets/pages/common/ChatPage.ets:261:34
 'PhotoSelectOptions' has been deprecated.
[39m[39m
[33m350 WARN: [33m[33mArkTS:WARN File: E:/HW/Dev/DevEcoStudioProjects/HMTG/entry/src/main/ets/pages/common/ChatPage.ets:262:15
 'MIMEType' has been deprecated.
[39m[39m
[33m351 WARN: [33m[33mArkTS:WARN File: E:/HW/Dev/DevEcoStudioProjects/HMTG/entry/src/main/ets/pages/common/ChatPage.ets:262:33
 'PhotoViewMIMETypes' has been deprecated.
[39m[39m
[33m352 WARN: [33m[33mArkTS:WARN File: E:/HW/Dev/DevEcoStudioProjects/HMTG/entry/src/main/ets/pages/common/ChatPage.ets:262:52
 'IMAGE_TYPE' has been deprecated.
[39m[39m
[33m353 WARN: [33m[33mArkTS:WARN File: E:/HW/Dev/DevEcoStudioProjects/HMTG/entry/src/main/ets/pages/common/ChatPage.ets:263:36
 'PhotoViewPicker' has been deprecated.
[39m[39m
[33m354 WARN: [33m[33mArkTS:WARN File: E:/HW/Dev/DevEcoStudioProjects/HMTG/entry/src/main/ets/pages/common/ChatPage.ets:264:38
 'select' has been deprecated.
[39m[39m
[33m355 WARN: [33m[33mArkTS:WARN File: E:/HW/Dev/DevEcoStudioProjects/HMTG/entry/src/main/ets/pages/common/ChatPage.ets:265:18
 'photoUris' has been deprecated.
[39m[39m
[33m356 WARN: [33m[33mArkTS:WARN File: E:/HW/Dev/DevEcoStudioProjects/HMTG/entry/src/main/ets/pages/common/ChatPage.ets:266:69
 'photoUris' has been deprecated.
[39m[39m
[33m357 WARN: [33m[33mArkTS:WARN File: E:/HW/Dev/DevEcoStudioProjects/HMTG/entry/src/main/ets/pages/common/ChatPage.ets:275:34
 'PhotoSelectOptions' has been deprecated.
[39m[39m
[33m358 WARN: [33m[33mArkTS:WARN File: E:/HW/Dev/DevEcoStudioProjects/HMTG/entry/src/main/ets/pages/common/ChatPage.ets:276:15
 'MIMEType' has been deprecated.
[39m[39m
[33m359 WARN: [33m[33mArkTS:WARN File: E:/HW/Dev/DevEcoStudioProjects/HMTG/entry/src/main/ets/pages/common/ChatPage.ets:276:33
 'PhotoViewMIMETypes' has been deprecated.
[39m[39m
[33m360 WARN: [33m[33mArkTS:WARN File: E:/HW/Dev/DevEcoStudioProjects/HMTG/entry/src/main/ets/pages/common/ChatPage.ets:276:52
 'VIDEO_TYPE' has been deprecated.
[39m[39m
[33m361 WARN: [33m[33mArkTS:WARN File: E:/HW/Dev/DevEcoStudioProjects/HMTG/entry/src/main/ets/pages/common/ChatPage.ets:277:36
 'PhotoViewPicker' has been deprecated.
[39m[39m
[33m362 WARN: [33m[33mArkTS:WARN File: E:/HW/Dev/DevEcoStudioProjects/HMTG/entry/src/main/ets/pages/common/ChatPage.ets:278:38
 'select' has been deprecated.
[39m[39m
[33m363 WARN: [33m[33mArkTS:WARN File: E:/HW/Dev/DevEcoStudioProjects/HMTG/entry/src/main/ets/pages/common/ChatPage.ets:279:18
 'photoUris' has been deprecated.
[39m[39m
[33m364 WARN: [33m[33mArkTS:WARN File: E:/HW/Dev/DevEcoStudioProjects/HMTG/entry/src/main/ets/pages/common/ChatPage.ets:280:22
 'showToast' has been deprecated.
[39m[39m
[33m365 WARN: [33m[33mArkTS:WARN File: E:/HW/Dev/DevEcoStudioProjects/HMTG/entry/src/main/ets/pages/common/ChatPage.ets:293:22
 'showToast' has been deprecated.
[39m[39m
[33m366 WARN: [33m[33mArkTS:WARN File: E:/HW/Dev/DevEcoStudioProjects/HMTG/entry/src/main/ets/pages/common/ChatPage.ets:301:5
 Function may throw exceptions. Special handling is required.
[39m[39m
[33m367 WARN: [33m[33mArkTS:WARN File: E:/HW/Dev/DevEcoStudioProjects/HMTG/entry/src/main/ets/pages/common/ChatPage.ets:301:18
 'showToast' has been deprecated.
[39m[39m
[33m368 WARN: [33m[33mArkTS:WARN File: E:/HW/Dev/DevEcoStudioProjects/HMTG/entry/src/main/ets/pages/common/ChatPage.ets:305:5
 Function may throw exceptions. Special handling is required.
[39m[39m
[33m369 WARN: [33m[33mArkTS:WARN File: E:/HW/Dev/DevEcoStudioProjects/HMTG/entry/src/main/ets/pages/common/ChatPage.ets:305:18
 'showToast' has been deprecated.
[39m[39m
[33m370 WARN: [33m[33mArkTS:WARN File: E:/HW/Dev/DevEcoStudioProjects/HMTG/entry/src/main/ets/pages/common/ChatPage.ets:309:12
 'back' has been deprecated.
[39m[39m
[33m371 WARN: [33m[33mArkTS:WARN File: E:/HW/Dev/DevEcoStudioProjects/HMTG/entry/src/main/ets/pages/common/ChatPage.ets:438:18
 'pushUrl' has been deprecated.
[39m[39m
[33m372 WARN: [33m[33mArkTS:WARN File: E:/HW/Dev/DevEcoStudioProjects/HMTG/entry/src/main/ets/pages/common/ChatPage.ets:1194:5
 Function may throw exceptions. Special handling is required.
[39m[39m
[33m373 WARN: [33m[33mArkTS:WARN File: E:/HW/Dev/DevEcoStudioProjects/HMTG/entry/src/main/ets/pages/common/ChatPage.ets:1194:18
 'showToast' has been deprecated.
[39m[39m
[33m374 WARN: [33m[33mArkTS:WARN File: E:/HW/Dev/DevEcoStudioProjects/HMTG/entry/src/main/ets/pages/common/ChatPage.ets:1198:5
 Function may throw exceptions. Special handling is required.
[39m[39m
[33m375 WARN: [33m[33mArkTS:WARN File: E:/HW/Dev/DevEcoStudioProjects/HMTG/entry/src/main/ets/pages/common/ChatPage.ets:1198:18
 'showToast' has been deprecated.
[39m[39m
[33m376 WARN: [33m[33mArkTS:WARN File: E:/HW/Dev/DevEcoStudioProjects/HMTG/entry/src/main/ets/pages/common/ChatPage.ets:1202:5
 Function may throw exceptions. Special handling is required.
[39m[39m
[33m377 WARN: [33m[33mArkTS:WARN File: E:/HW/Dev/DevEcoStudioProjects/HMTG/entry/src/main/ets/pages/common/ChatPage.ets:1202:18
 'showToast' has been deprecated.
[39m[39m
[33m378 WARN: [33m[33mArkTS:WARN File: E:/HW/Dev/DevEcoStudioProjects/HMTG/entry/src/main/ets/pages/common/ChatPage.ets:1206:5
 Function may throw exceptions. Special handling is required.
[39m[39m
[33m379 WARN: [33m[33mArkTS:WARN File: E:/HW/Dev/DevEcoStudioProjects/HMTG/entry/src/main/ets/pages/common/ChatPage.ets:1206:18
 'showToast' has been deprecated.
[39m[39m
[33m380 WARN: [33m[33mArkTS:WARN File: E:/HW/Dev/DevEcoStudioProjects/HMTG/entry/src/main/ets/pages/common/ChatPage.ets:1210:5
 Function may throw exceptions. Special handling is required.
[39m[39m
[33m381 WARN: [33m[33mArkTS:WARN File: E:/HW/Dev/DevEcoStudioProjects/HMTG/entry/src/main/ets/pages/common/ChatPage.ets:1210:18
 'showToast' has been deprecated.
[39m[39m
[33m382 WARN: [33m[33mArkTS:WARN File: E:/HW/Dev/DevEcoStudioProjects/HMTG/entry/src/main/ets/pages/common/ChatPage.ets:2268:22
 'showToast' has been deprecated.
[39m[39m
[33m383 WARN: [33m[33mArkTS:WARN File: E:/HW/Dev/DevEcoStudioProjects/HMTG/entry/src/main/ets/pages/common/ChatPage.ets:2276:20
 'showToast' has been deprecated.
[39m[39m
[33m384 WARN: [33m[33mArkTS:WARN File: E:/HW/Dev/DevEcoStudioProjects/HMTG/entry/src/main/ets/pages/common/ChatPage.ets:2279:7
 Function may throw exceptions. Special handling is required.
[39m[39m
[33m385 WARN: [33m[33mArkTS:WARN File: E:/HW/Dev/DevEcoStudioProjects/HMTG/entry/src/main/ets/pages/common/ChatPage.ets:2279:20
 'showToast' has been deprecated.
[39m[39m
[33m386 WARN: [33m[33mArkTS:WARN File: E:/HW/Dev/DevEcoStudioProjects/HMTG/entry/src/main/ets/pages/chat/ChatInfoPage.ets:119:29
 'getParams' has been deprecated.
[39m[39m
[33m387 WARN: [33m[33mArkTS:WARN File: E:/HW/Dev/DevEcoStudioProjects/HMTG/entry/src/main/ets/pages/chat/ChatInfoPage.ets:375:14
 'back' has been deprecated.
[39m[39m
[33m388 WARN: [33m[33mArkTS:WARN File: E:/HW/Dev/DevEcoStudioProjects/HMTG/entry/src/main/ets/pages/chat/PinnedMessagesPage.ets:120:29
 'getParams' has been deprecated.
[39m[39m
[33m389 WARN: [33m[33mArkTS:WARN File: E:/HW/Dev/DevEcoStudioProjects/HMTG/entry/src/main/ets/pages/chat/PinnedMessagesPage.ets:286:14
 'pushUrl' has been deprecated.
[39m[39m
[33m390 WARN: [33m[33mArkTS:WARN File: E:/HW/Dev/DevEcoStudioProjects/HMTG/entry/src/main/ets/pages/chat/PinnedMessagesPage.ets:372:14
 'back' has been deprecated.
[39m[39m
[33m391 WARN: [33m[33mArkTS:WARN File: E:/HW/Dev/DevEcoStudioProjects/HMTG/entry/src/main/ets/pages/chat/SharedMediaPage.ets:149:29
 'getParams' has been deprecated.
[39m[39m
[33m392 WARN: [33m[33mArkTS:WARN File: E:/HW/Dev/DevEcoStudioProjects/HMTG/entry/src/main/ets/pages/chat/SharedMediaPage.ets:366:14
 'pushUrl' has been deprecated.
[39m[39m
[33m393 WARN: [33m[33mArkTS:WARN File: E:/HW/Dev/DevEcoStudioProjects/HMTG/entry/src/main/ets/pages/chat/SharedMediaPage.ets:451:14
 'back' has been deprecated.
[39m[39m
[33m394 WARN: [33m[33mArkTS:WARN File: E:/HW/Dev/DevEcoStudioProjects/HMTG/entry/src/main/ets/pages/chat/SecretChatDetailPage.ets:128:29
 'getParams' has been deprecated.
[39m[39m
[33m395 WARN: [33m[33mArkTS:WARN File: E:/HW/Dev/DevEcoStudioProjects/HMTG/entry/src/main/ets/pages/chat/SecretChatDetailPage.ets:209:14
 'back' has been deprecated.
[39m[39m
[33m396 WARN: [33m[33mArkTS:WARN File: E:/HW/Dev/DevEcoStudioProjects/HMTG/entry/src/main/ets/pages/chat/SecretChatDetailPage.ets:375:14
 'back' has been deprecated.
[39m[39m
[33m397 WARN: [33m[33mArkTS:WARN File: E:/HW/Dev/DevEcoStudioProjects/HMTG/entry/src/main/ets/pages/contacts/NewContactPage.ets:40:46
 'getContext' has been deprecated.
[39m[39m
[33m398 WARN: [33m[33mArkTS:WARN File: E:/HW/Dev/DevEcoStudioProjects/HMTG/entry/src/main/ets/pages/contacts/NewContactPage.ets:52:7
 Function may throw exceptions. Special handling is required.
[39m[39m
[33m399 WARN: [33m[33mArkTS:WARN File: E:/HW/Dev/DevEcoStudioProjects/HMTG/entry/src/main/ets/pages/contacts/NewContactPage.ets:52:20
 'showToast' has been deprecated.
[39m[39m
[33m400 WARN: [33m[33mArkTS:WARN File: E:/HW/Dev/DevEcoStudioProjects/HMTG/entry/src/main/ets/pages/contacts/NewContactPage.ets:61:7
 Function may throw exceptions. Special handling is required.
[39m[39m
[33m401 WARN: [33m[33mArkTS:WARN File: E:/HW/Dev/DevEcoStudioProjects/HMTG/entry/src/main/ets/pages/contacts/NewContactPage.ets:61:20
 'showToast' has been deprecated.
[39m[39m
[33m402 WARN: [33m[33mArkTS:WARN File: E:/HW/Dev/DevEcoStudioProjects/HMTG/entry/src/main/ets/pages/contacts/NewContactPage.ets:70:7
 Function may throw exceptions. Special handling is required.
[39m[39m
[33m403 WARN: [33m[33mArkTS:WARN File: E:/HW/Dev/DevEcoStudioProjects/HMTG/entry/src/main/ets/pages/contacts/NewContactPage.ets:70:20
 'showToast' has been deprecated.
[39m[39m
[33m404 WARN: [33m[33mArkTS:WARN File: E:/HW/Dev/DevEcoStudioProjects/HMTG/entry/src/main/ets/pages/contacts/NewContactPage.ets:125:20
 'showToast' has been deprecated.
[39m[39m
[33m405 WARN: [33m[33mArkTS:WARN File: E:/HW/Dev/DevEcoStudioProjects/HMTG/entry/src/main/ets/pages/contacts/NewContactPage.ets:131:14
 'back' has been deprecated.
[39m[39m
[33m406 WARN: [33m[33mArkTS:WARN File: E:/HW/Dev/DevEcoStudioProjects/HMTG/entry/src/main/ets/pages/contacts/NewContactPage.ets:135:7
 Function may throw exceptions. Special handling is required.
[39m[39m
[33m407 WARN: [33m[33mArkTS:WARN File: E:/HW/Dev/DevEcoStudioProjects/HMTG/entry/src/main/ets/pages/contacts/NewContactPage.ets:135:20
 'showToast' has been deprecated.
[39m[39m
[33m408 WARN: [33m[33mArkTS:WARN File: E:/HW/Dev/DevEcoStudioProjects/HMTG/entry/src/main/ets/pages/contacts/NewContactPage.ets:148:12
 'back' has been deprecated.
[39m[39m
[33m409 WARN: [33m[33mArkTS:WARN File: E:/HW/Dev/DevEcoStudioProjects/HMTG/entry/src/main/ets/pages/contacts/NewContactPage.ets:159:20
 'showToast' has been deprecated.
[39m[39m
[33m410 WARN: [33m[33mArkTS:WARN File: E:/HW/Dev/DevEcoStudioProjects/HMTG/entry/src/main/ets/pages/contacts/NewContactPage.ets:179:20
 'showToast' has been deprecated.
[39m[39m
[33m411 WARN: [33m[33mArkTS:WARN File: E:/HW/Dev/DevEcoStudioProjects/HMTG/entry/src/main/ets/pages/contacts/NewContactPage.ets:185:7
 Function may throw exceptions. Special handling is required.
[39m[39m
[33m412 WARN: [33m[33mArkTS:WARN File: E:/HW/Dev/DevEcoStudioProjects/HMTG/entry/src/main/ets/pages/contacts/NewContactPage.ets:185:20
 'showToast' has been deprecated.
[39m[39m
[33m413 WARN: [33m[33mArkTS:WARN File: E:/HW/Dev/DevEcoStudioProjects/HMTG/entry/src/main/ets/pages/contacts/NewContactPage.ets:201:7
 Function may throw exceptions. Special handling is required.
[39m[39m
[33m414 WARN: [33m[33mArkTS:WARN File: E:/HW/Dev/DevEcoStudioProjects/HMTG/entry/src/main/ets/pages/contacts/NewContactPage.ets:201:20
 'showToast' has been deprecated.
[39m[39m
[33m415 WARN: [33m[33mArkTS:WARN File: E:/HW/Dev/DevEcoStudioProjects/HMTG/entry/src/main/ets/pages/contacts/EditContactPage.ets:46:46
 'getContext' has been deprecated.
[39m[39m
[33m416 WARN: [33m[33mArkTS:WARN File: E:/HW/Dev/DevEcoStudioProjects/HMTG/entry/src/main/ets/pages/contacts/EditContactPage.ets:53:27
 'getParams' has been deprecated.
[39m[39m
[33m417 WARN: [33m[33mArkTS:WARN File: E:/HW/Dev/DevEcoStudioProjects/HMTG/entry/src/main/ets/pages/contacts/EditContactPage.ets:109:22
 'showToast' has been deprecated.
[39m[39m
[33m418 WARN: [33m[33mArkTS:WARN File: E:/HW/Dev/DevEcoStudioProjects/HMTG/entry/src/main/ets/pages/contacts/EditContactPage.ets:113:16
 'back' has been deprecated.
[39m[39m
[33m419 WARN: [33m[33mArkTS:WARN File: E:/HW/Dev/DevEcoStudioProjects/HMTG/entry/src/main/ets/pages/contacts/EditContactPage.ets:117:7
 Function may throw exceptions. Special handling is required.
[39m[39m
[33m420 WARN: [33m[33mArkTS:WARN File: E:/HW/Dev/DevEcoStudioProjects/HMTG/entry/src/main/ets/pages/contacts/EditContactPage.ets:117:20
 'showToast' has been deprecated.
[39m[39m
[33m421 WARN: [33m[33mArkTS:WARN File: E:/HW/Dev/DevEcoStudioProjects/HMTG/entry/src/main/ets/pages/contacts/EditContactPage.ets:129:7
 Function may throw exceptions. Special handling is required.
[39m[39m
[33m422 WARN: [33m[33mArkTS:WARN File: E:/HW/Dev/DevEcoStudioProjects/HMTG/entry/src/main/ets/pages/contacts/EditContactPage.ets:129:20
 'showToast' has been deprecated.
[39m[39m
[33m423 WARN: [33m[33mArkTS:WARN File: E:/HW/Dev/DevEcoStudioProjects/HMTG/entry/src/main/ets/pages/contacts/EditContactPage.ets:137:7
 Function may throw exceptions. Special handling is required.
[39m[39m
[33m424 WARN: [33m[33mArkTS:WARN File: E:/HW/Dev/DevEcoStudioProjects/HMTG/entry/src/main/ets/pages/contacts/EditContactPage.ets:137:20
 'showToast' has been deprecated.
[39m[39m
[33m425 WARN: [33m[33mArkTS:WARN File: E:/HW/Dev/DevEcoStudioProjects/HMTG/entry/src/main/ets/pages/contacts/EditContactPage.ets:145:7
 Function may throw exceptions. Special handling is required.
[39m[39m
[33m426 WARN: [33m[33mArkTS:WARN File: E:/HW/Dev/DevEcoStudioProjects/HMTG/entry/src/main/ets/pages/contacts/EditContactPage.ets:145:20
 'showToast' has been deprecated.
[39m[39m
[33m427 WARN: [33m[33mArkTS:WARN File: E:/HW/Dev/DevEcoStudioProjects/HMTG/entry/src/main/ets/pages/contacts/EditContactPage.ets:190:22
 'showToast' has been deprecated.
[39m[39m
[33m428 WARN: [33m[33mArkTS:WARN File: E:/HW/Dev/DevEcoStudioProjects/HMTG/entry/src/main/ets/pages/contacts/EditContactPage.ets:204:22
 'showToast' has been deprecated.
[39m[39m
[33m429 WARN: [33m[33mArkTS:WARN File: E:/HW/Dev/DevEcoStudioProjects/HMTG/entry/src/main/ets/pages/contacts/EditContactPage.ets:209:14
 'back' has been deprecated.
[39m[39m
[33m430 WARN: [33m[33mArkTS:WARN File: E:/HW/Dev/DevEcoStudioProjects/HMTG/entry/src/main/ets/pages/contacts/EditContactPage.ets:212:7
 Function may throw exceptions. Special handling is required.
[39m[39m
[33m431 WARN: [33m[33mArkTS:WARN File: E:/HW/Dev/DevEcoStudioProjects/HMTG/entry/src/main/ets/pages/contacts/EditContactPage.ets:212:20
 'showToast' has been deprecated.
[39m[39m
[33m432 WARN: [33m[33mArkTS:WARN File: E:/HW/Dev/DevEcoStudioProjects/HMTG/entry/src/main/ets/pages/contacts/EditContactPage.ets:225:20
 'showToast' has been deprecated.
[39m[39m
[33m433 WARN: [33m[33mArkTS:WARN File: E:/HW/Dev/DevEcoStudioProjects/HMTG/entry/src/main/ets/pages/contacts/EditContactPage.ets:229:14
 'back' has been deprecated.
[39m[39m
[33m434 WARN: [33m[33mArkTS:WARN File: E:/HW/Dev/DevEcoStudioProjects/HMTG/entry/src/main/ets/pages/contacts/EditContactPage.ets:232:7
 Function may throw exceptions. Special handling is required.
[39m[39m
[33m435 WARN: [33m[33mArkTS:WARN File: E:/HW/Dev/DevEcoStudioProjects/HMTG/entry/src/main/ets/pages/contacts/EditContactPage.ets:232:20
 'showToast' has been deprecated.
[39m[39m
[33m436 WARN: [33m[33mArkTS:WARN File: E:/HW/Dev/DevEcoStudioProjects/HMTG/entry/src/main/ets/pages/contacts/EditContactPage.ets:248:20
 'back' has been deprecated.
[39m[39m
[33m437 WARN: [33m[33mArkTS:WARN File: E:/HW/Dev/DevEcoStudioProjects/HMTG/entry/src/main/ets/pages/contacts/ImportContactsPage.ets:36:46
 'getContext' has been deprecated.
[39m[39m
[33m438 WARN: [33m[33mArkTS:WARN File: E:/HW/Dev/DevEcoStudioProjects/HMTG/entry/src/main/ets/pages/contacts/ImportContactsPage.ets:83:22
 'showToast' has been deprecated.
[39m[39m
[33m439 WARN: [33m[33mArkTS:WARN File: E:/HW/Dev/DevEcoStudioProjects/HMTG/entry/src/main/ets/pages/contacts/ImportContactsPage.ets:110:15
 'queryContacts' has been deprecated.
[39m[39m
[33m440 WARN: [33m[33mArkTS:WARN File: E:/HW/Dev/DevEcoStudioProjects/HMTG/entry/src/main/ets/pages/contacts/ImportContactsPage.ets:110:15
 To use this API, you need to apply for the permissions: ohos.permission.READ_CONTACTS
[39m[39m
[33m441 WARN: [33m[33mArkTS:WARN File: E:/HW/Dev/DevEcoStudioProjects/HMTG/entry/src/main/ets/pages/contacts/ImportContactsPage.ets:113:24
 'showToast' has been deprecated.
[39m[39m
[33m442 WARN: [33m[33mArkTS:WARN File: E:/HW/Dev/DevEcoStudioProjects/HMTG/entry/src/main/ets/pages/contacts/ImportContactsPage.ets:143:24
 'showToast' has been deprecated.
[39m[39m
[33m443 WARN: [33m[33mArkTS:WARN File: E:/HW/Dev/DevEcoStudioProjects/HMTG/entry/src/main/ets/pages/contacts/ImportContactsPage.ets:153:7
 Function may throw exceptions. Special handling is required.
[39m[39m
[33m444 WARN: [33m[33mArkTS:WARN File: E:/HW/Dev/DevEcoStudioProjects/HMTG/entry/src/main/ets/pages/contacts/ImportContactsPage.ets:153:20
 'showToast' has been deprecated.
[39m[39m
[33m445 WARN: [33m[33mArkTS:WARN File: E:/HW/Dev/DevEcoStudioProjects/HMTG/entry/src/main/ets/pages/contacts/ImportContactsPage.ets:235:7
 Function may throw exceptions. Special handling is required.
[39m[39m
[33m446 WARN: [33m[33mArkTS:WARN File: E:/HW/Dev/DevEcoStudioProjects/HMTG/entry/src/main/ets/pages/contacts/ImportContactsPage.ets:235:20
 'showToast' has been deprecated.
[39m[39m
[33m447 WARN: [33m[33mArkTS:WARN File: E:/HW/Dev/DevEcoStudioProjects/HMTG/entry/src/main/ets/pages/contacts/ImportContactsPage.ets:300:22
 'showToast' has been deprecated.
[39m[39m
[33m448 WARN: [33m[33mArkTS:WARN File: E:/HW/Dev/DevEcoStudioProjects/HMTG/entry/src/main/ets/pages/contacts/ImportContactsPage.ets:305:22
 'showToast' has been deprecated.
[39m[39m
[33m449 WARN: [33m[33mArkTS:WARN File: E:/HW/Dev/DevEcoStudioProjects/HMTG/entry/src/main/ets/pages/contacts/ImportContactsPage.ets:314:7
 Function may throw exceptions. Special handling is required.
[39m[39m
[33m450 WARN: [33m[33mArkTS:WARN File: E:/HW/Dev/DevEcoStudioProjects/HMTG/entry/src/main/ets/pages/contacts/ImportContactsPage.ets:314:20
 'showToast' has been deprecated.
[39m[39m
[33m451 WARN: [33m[33mArkTS:WARN File: E:/HW/Dev/DevEcoStudioProjects/HMTG/entry/src/main/ets/pages/contacts/ImportContactsPage.ets:457:20
 'back' has been deprecated.
[39m[39m
[33m452 WARN: [33m[33mArkTS:WARN File: E:/HW/Dev/DevEcoStudioProjects/HMTG/entry/src/main/ets/pages/contacts/InviteFriendsPage.ets:100:7
 Function may throw exceptions. Special handling is required.
[39m[39m
[33m453 WARN: [33m[33mArkTS:WARN File: E:/HW/Dev/DevEcoStudioProjects/HMTG/entry/src/main/ets/pages/contacts/InviteFriendsPage.ets:100:20
 'showToast' has been deprecated.
[39m[39m
[33m454 WARN: [33m[33mArkTS:WARN File: E:/HW/Dev/DevEcoStudioProjects/HMTG/entry/src/main/ets/pages/contacts/InviteFriendsPage.ets:109:7
 Function may throw exceptions. Special handling is required.
[39m[39m
[33m455 WARN: [33m[33mArkTS:WARN File: E:/HW/Dev/DevEcoStudioProjects/HMTG/entry/src/main/ets/pages/contacts/InviteFriendsPage.ets:109:20
 'showToast' has been deprecated.
[39m[39m
[33m456 WARN: [33m[33mArkTS:WARN File: E:/HW/Dev/DevEcoStudioProjects/HMTG/entry/src/main/ets/pages/contacts/InviteFriendsPage.ets:152:20
 'showToast' has been deprecated.
[39m[39m
[33m457 WARN: [33m[33mArkTS:WARN File: E:/HW/Dev/DevEcoStudioProjects/HMTG/entry/src/main/ets/pages/contacts/InviteFriendsPage.ets:157:14
 'back' has been deprecated.
[39m[39m
[33m458 WARN: [33m[33mArkTS:WARN File: E:/HW/Dev/DevEcoStudioProjects/HMTG/entry/src/main/ets/pages/contacts/InviteFriendsPage.ets:160:7
 Function may throw exceptions. Special handling is required.
[39m[39m
[33m459 WARN: [33m[33mArkTS:WARN File: E:/HW/Dev/DevEcoStudioProjects/HMTG/entry/src/main/ets/pages/contacts/InviteFriendsPage.ets:160:20
 'showToast' has been deprecated.
[39m[39m
[33m460 WARN: [33m[33mArkTS:WARN File: E:/HW/Dev/DevEcoStudioProjects/HMTG/entry/src/main/ets/pages/contacts/InviteFriendsPage.ets:173:7
 Function may throw exceptions. Special handling is required.
[39m[39m
[33m461 WARN: [33m[33mArkTS:WARN File: E:/HW/Dev/DevEcoStudioProjects/HMTG/entry/src/main/ets/pages/contacts/InviteFriendsPage.ets:173:20
 'showToast' has been deprecated.
[39m[39m
[33m462 WARN: [33m[33mArkTS:WARN File: E:/HW/Dev/DevEcoStudioProjects/HMTG/entry/src/main/ets/pages/contacts/InviteFriendsPage.ets:207:24
 'showToast' has been deprecated.
[39m[39m
[33m463 WARN: [33m[33mArkTS:WARN File: E:/HW/Dev/DevEcoStudioProjects/HMTG/entry/src/main/ets/pages/contacts/InviteFriendsPage.ets:217:7
 Function may throw exceptions. Special handling is required.
[39m[39m
[33m464 WARN: [33m[33mArkTS:WARN File: E:/HW/Dev/DevEcoStudioProjects/HMTG/entry/src/main/ets/pages/contacts/InviteFriendsPage.ets:217:20
 'showToast' has been deprecated.
[39m[39m
[33m465 WARN: [33m[33mArkTS:WARN File: E:/HW/Dev/DevEcoStudioProjects/HMTG/entry/src/main/ets/pages/contacts/InviteFriendsPage.ets:283:18
 'back' has been deprecated.
[39m[39m
[33m466 WARN: [33m[33mArkTS:WARN File: E:/HW/Dev/DevEcoStudioProjects/HMTG/entry/src/main/ets/pages/contacts/BlockedUsersPage.ets:49:7
 Function may throw exceptions. Special handling is required.
[39m[39m
[33m467 WARN: [33m[33mArkTS:WARN File: E:/HW/Dev/DevEcoStudioProjects/HMTG/entry/src/main/ets/pages/contacts/BlockedUsersPage.ets:49:20
 'showToast' has been deprecated.
[39m[39m
[33m468 WARN: [33m[33mArkTS:WARN File: E:/HW/Dev/DevEcoStudioProjects/HMTG/entry/src/main/ets/pages/contacts/BlockedUsersPage.ets:101:7
 Function may throw exceptions. Special handling is required.
[39m[39m
[33m469 WARN: [33m[33mArkTS:WARN File: E:/HW/Dev/DevEcoStudioProjects/HMTG/entry/src/main/ets/pages/contacts/BlockedUsersPage.ets:101:20
 'showToast' has been deprecated.
[39m[39m
[33m470 WARN: [33m[33mArkTS:WARN File: E:/HW/Dev/DevEcoStudioProjects/HMTG/entry/src/main/ets/pages/contacts/BlockedUsersPage.ets:120:7
 Function may throw exceptions. Special handling is required.
[39m[39m
[33m471 WARN: [33m[33mArkTS:WARN File: E:/HW/Dev/DevEcoStudioProjects/HMTG/entry/src/main/ets/pages/contacts/BlockedUsersPage.ets:120:20
 'showToast' has been deprecated.
[39m[39m
[33m472 WARN: [33m[33mArkTS:WARN File: E:/HW/Dev/DevEcoStudioProjects/HMTG/entry/src/main/ets/pages/contacts/BlockedUsersPage.ets:142:20
 'showToast' has been deprecated.
[39m[39m
[33m473 WARN: [33m[33mArkTS:WARN File: E:/HW/Dev/DevEcoStudioProjects/HMTG/entry/src/main/ets/pages/contacts/BlockedUsersPage.ets:148:7
 Function may throw exceptions. Special handling is required.
[39m[39m
[33m474 WARN: [33m[33mArkTS:WARN File: E:/HW/Dev/DevEcoStudioProjects/HMTG/entry/src/main/ets/pages/contacts/BlockedUsersPage.ets:148:20
 'showToast' has been deprecated.
[39m[39m
[33m475 WARN: [33m[33mArkTS:WARN File: E:/HW/Dev/DevEcoStudioProjects/HMTG/entry/src/main/ets/pages/contacts/BlockedUsersPage.ets:170:5
 Function may throw exceptions. Special handling is required.
[39m[39m
[33m476 WARN: [33m[33mArkTS:WARN File: E:/HW/Dev/DevEcoStudioProjects/HMTG/entry/src/main/ets/pages/contacts/BlockedUsersPage.ets:170:12
 'pushUrl' has been deprecated.
[39m[39m
[33m477 WARN: [33m[33mArkTS:WARN File: E:/HW/Dev/DevEcoStudioProjects/HMTG/entry/src/main/ets/pages/contacts/BlockedUsersPage.ets:186:18
 'back' has been deprecated.
[39m[39m
[33m478 WARN: [33m[33mArkTS:WARN File: E:/HW/Dev/DevEcoStudioProjects/HMTG/entry/src/main/ets/pages/contacts/ContactSearchPage.ets:54:53
 'getContext' has been deprecated.
[39m[39m
[33m479 WARN: [33m[33mArkTS:WARN File: E:/HW/Dev/DevEcoStudioProjects/HMTG/entry/src/main/ets/pages/contacts/ContactSearchPage.ets:84:53
 'getContext' has been deprecated.
[39m[39m
[33m480 WARN: [33m[33mArkTS:WARN File: E:/HW/Dev/DevEcoStudioProjects/HMTG/entry/src/main/ets/pages/contacts/ContactSearchPage.ets:115:7
 Function may throw exceptions. Special handling is required.
[39m[39m
[33m481 WARN: [33m[33mArkTS:WARN File: E:/HW/Dev/DevEcoStudioProjects/HMTG/entry/src/main/ets/pages/contacts/ContactSearchPage.ets:115:20
 'showToast' has been deprecated.
[39m[39m
[33m482 WARN: [33m[33mArkTS:WARN File: E:/HW/Dev/DevEcoStudioProjects/HMTG/entry/src/main/ets/pages/contacts/ContactSearchPage.ets:162:53
 'getContext' has been deprecated.
[39m[39m
[33m483 WARN: [33m[33mArkTS:WARN File: E:/HW/Dev/DevEcoStudioProjects/HMTG/entry/src/main/ets/pages/contacts/ContactSearchPage.ets:168:20
 'showToast' has been deprecated.
[39m[39m
[33m484 WARN: [33m[33mArkTS:WARN File: E:/HW/Dev/DevEcoStudioProjects/HMTG/entry/src/main/ets/pages/contacts/ContactSearchPage.ets:181:5
 Function may throw exceptions. Special handling is required.
[39m[39m
[33m485 WARN: [33m[33mArkTS:WARN File: E:/HW/Dev/DevEcoStudioProjects/HMTG/entry/src/main/ets/pages/contacts/ContactSearchPage.ets:181:12
 'pushUrl' has been deprecated.
[39m[39m
[33m486 WARN: [33m[33mArkTS:WARN File: E:/HW/Dev/DevEcoStudioProjects/HMTG/entry/src/main/ets/pages/contacts/ContactSearchPage.ets:193:5
 Function may throw exceptions. Special handling is required.
[39m[39m
[33m487 WARN: [33m[33mArkTS:WARN File: E:/HW/Dev/DevEcoStudioProjects/HMTG/entry/src/main/ets/pages/contacts/ContactSearchPage.ets:193:12
 'pushUrl' has been deprecated.
[39m[39m
[33m488 WARN: [33m[33mArkTS:WARN File: E:/HW/Dev/DevEcoStudioProjects/HMTG/entry/src/main/ets/pages/contacts/ContactSearchPage.ets:239:18
 'back' has been deprecated.
[39m[39m
[33m489 WARN: [33m[33mArkTS:WARN File: E:/HW/Dev/DevEcoStudioProjects/HMTG/entry/src/main/ets/pages/contacts/MutualGroupsPage.ets:52:27
 'getParams' has been deprecated.
[39m[39m
[33m490 WARN: [33m[33mArkTS:WARN File: E:/HW/Dev/DevEcoStudioProjects/HMTG/entry/src/main/ets/pages/contacts/MutualGroupsPage.ets:59:7
 Function may throw exceptions. Special handling is required.
[39m[39m
[33m491 WARN: [33m[33mArkTS:WARN File: E:/HW/Dev/DevEcoStudioProjects/HMTG/entry/src/main/ets/pages/contacts/MutualGroupsPage.ets:59:20
 'showToast' has been deprecated.
[39m[39m
[33m492 WARN: [33m[33mArkTS:WARN File: E:/HW/Dev/DevEcoStudioProjects/HMTG/entry/src/main/ets/pages/contacts/MutualGroupsPage.ets:64:16
 'back' has been deprecated.
[39m[39m
[33m493 WARN: [33m[33mArkTS:WARN File: E:/HW/Dev/DevEcoStudioProjects/HMTG/entry/src/main/ets/pages/contacts/MutualGroupsPage.ets:108:20
 'pushUrl' has been deprecated.
[39m[39m
[33m494 WARN: [33m[33mArkTS:WARN File: E:/HW/Dev/DevEcoStudioProjects/HMTG/entry/src/main/ets/pages/contacts/MutualGroupsPage.ets:117:7
 Function may throw exceptions. Special handling is required.
[39m[39m
[33m495 WARN: [33m[33mArkTS:WARN File: E:/HW/Dev/DevEcoStudioProjects/HMTG/entry/src/main/ets/pages/contacts/MutualGroupsPage.ets:117:20
 'showToast' has been deprecated.
[39m[39m
[33m496 WARN: [33m[33mArkTS:WARN File: E:/HW/Dev/DevEcoStudioProjects/HMTG/entry/src/main/ets/pages/contacts/MutualGroupsPage.ets:249:20
 'back' has been deprecated.
[39m[39m
[33m497 WARN: [33m[33mArkTS:WARN File: E:/HW/Dev/DevEcoStudioProjects/HMTG/entry/src/main/ets/pages/contacts/ContactDetailPage.ets:52:29
 'getParams' has been deprecated.
[39m[39m
[33m498 WARN: [33m[33mArkTS:WARN File: E:/HW/Dev/DevEcoStudioProjects/HMTG/entry/src/main/ets/pages/contacts/ContactDetailPage.ets:93:22
 'showToast' has been deprecated.
[39m[39m
[33m499 WARN: [33m[33mArkTS:WARN File: E:/HW/Dev/DevEcoStudioProjects/HMTG/entry/src/main/ets/pages/contacts/ContactDetailPage.ets:100:7
 Function may throw exceptions. Special handling is required.
[39m[39m
[33m500 WARN: [33m[33mArkTS:WARN File: E:/HW/Dev/DevEcoStudioProjects/HMTG/entry/src/main/ets/pages/contacts/ContactDetailPage.ets:100:20
 'showToast' has been deprecated.
[39m[39m
[33m501 WARN: [33m[33mArkTS:WARN File: E:/HW/Dev/DevEcoStudioProjects/HMTG/entry/src/main/ets/pages/contacts/ContactDetailPage.ets:159:20
 'pushUrl' has been deprecated.
[39m[39m
[33m502 WARN: [33m[33mArkTS:WARN File: E:/HW/Dev/DevEcoStudioProjects/HMTG/entry/src/main/ets/pages/contacts/ContactDetailPage.ets:184:7
 Function may throw exceptions. Special handling is required.
[39m[39m
[33m503 WARN: [33m[33mArkTS:WARN File: E:/HW/Dev/DevEcoStudioProjects/HMTG/entry/src/main/ets/pages/contacts/ContactDetailPage.ets:184:20
 'showToast' has been deprecated.
[39m[39m
[33m504 WARN: [33m[33mArkTS:WARN File: E:/HW/Dev/DevEcoStudioProjects/HMTG/entry/src/main/ets/pages/contacts/ContactDetailPage.ets:195:20
 'showToast' has been deprecated.
[39m[39m
[33m505 WARN: [33m[33mArkTS:WARN File: E:/HW/Dev/DevEcoStudioProjects/HMTG/entry/src/main/ets/pages/contacts/ContactDetailPage.ets:203:7
 Function may throw exceptions. Special handling is required.
[39m[39m
[33m506 WARN: [33m[33mArkTS:WARN File: E:/HW/Dev/DevEcoStudioProjects/HMTG/entry/src/main/ets/pages/contacts/ContactDetailPage.ets:203:20
 'showToast' has been deprecated.
[39m[39m
[33m507 WARN: [33m[33mArkTS:WARN File: E:/HW/Dev/DevEcoStudioProjects/HMTG/entry/src/main/ets/pages/contacts/ContactDetailPage.ets:226:20
 'showToast' has been deprecated.
[39m[39m
[33m508 WARN: [33m[33mArkTS:WARN File: E:/HW/Dev/DevEcoStudioProjects/HMTG/entry/src/main/ets/pages/contacts/ContactDetailPage.ets:257:24
 'setPasteData' has been deprecated.
[39m[39m
[33m509 WARN: [33m[33mArkTS:WARN File: E:/HW/Dev/DevEcoStudioProjects/HMTG/entry/src/main/ets/pages/contacts/ContactDetailPage.ets:259:20
 'showToast' has been deprecated.
[39m[39m
[33m510 WARN: [33m[33mArkTS:WARN File: E:/HW/Dev/DevEcoStudioProjects/HMTG/entry/src/main/ets/pages/contacts/ContactDetailPage.ets:267:7
 Function may throw exceptions. Special handling is required.
[39m[39m
[33m511 WARN: [33m[33mArkTS:WARN File: E:/HW/Dev/DevEcoStudioProjects/HMTG/entry/src/main/ets/pages/contacts/ContactDetailPage.ets:267:20
 'showToast' has been deprecated.
[39m[39m
[33m512 WARN: [33m[33mArkTS:WARN File: E:/HW/Dev/DevEcoStudioProjects/HMTG/entry/src/main/ets/pages/contacts/ContactDetailPage.ets:282:12
 'pushUrl' has been deprecated.
[39m[39m
[33m513 WARN: [33m[33mArkTS:WARN File: E:/HW/Dev/DevEcoStudioProjects/HMTG/entry/src/main/ets/pages/contacts/ContactDetailPage.ets:315:22
 'showToast' has been deprecated.
[39m[39m
[33m514 WARN: [33m[33mArkTS:WARN File: E:/HW/Dev/DevEcoStudioProjects/HMTG/entry/src/main/ets/pages/contacts/ContactDetailPage.ets:320:16
 'back' has been deprecated.
[39m[39m
[33m515 WARN: [33m[33mArkTS:WARN File: E:/HW/Dev/DevEcoStudioProjects/HMTG/entry/src/main/ets/pages/contacts/ContactDetailPage.ets:326:7
 Function may throw exceptions. Special handling is required.
[39m[39m
[33m516 WARN: [33m[33mArkTS:WARN File: E:/HW/Dev/DevEcoStudioProjects/HMTG/entry/src/main/ets/pages/contacts/ContactDetailPage.ets:326:20
 'showToast' has been deprecated.
[39m[39m
[33m517 WARN: [33m[33mArkTS:WARN File: E:/HW/Dev/DevEcoStudioProjects/HMTG/entry/src/main/ets/pages/contacts/ContactDetailPage.ets:354:20
 'showToast' has been deprecated.
[39m[39m
[33m518 WARN: [33m[33mArkTS:WARN File: E:/HW/Dev/DevEcoStudioProjects/HMTG/entry/src/main/ets/pages/contacts/ContactDetailPage.ets:360:7
 Function may throw exceptions. Special handling is required.
[39m[39m
[33m519 WARN: [33m[33mArkTS:WARN File: E:/HW/Dev/DevEcoStudioProjects/HMTG/entry/src/main/ets/pages/contacts/ContactDetailPage.ets:360:20
 'showToast' has been deprecated.
[39m[39m
[33m520 WARN: [33m[33mArkTS:WARN File: E:/HW/Dev/DevEcoStudioProjects/HMTG/entry/src/main/ets/pages/contacts/ContactDetailPage.ets:380:20
 'showToast' has been deprecated.
[39m[39m
[33m521 WARN: [33m[33mArkTS:WARN File: E:/HW/Dev/DevEcoStudioProjects/HMTG/entry/src/main/ets/pages/contacts/ContactDetailPage.ets:386:7
 Function may throw exceptions. Special handling is required.
[39m[39m
[33m522 WARN: [33m[33mArkTS:WARN File: E:/HW/Dev/DevEcoStudioProjects/HMTG/entry/src/main/ets/pages/contacts/ContactDetailPage.ets:386:20
 'showToast' has been deprecated.
[39m[39m
[33m523 WARN: [33m[33mArkTS:WARN File: E:/HW/Dev/DevEcoStudioProjects/HMTG/entry/src/main/ets/pages/contacts/ContactDetailPage.ets:408:20
 'showToast' has been deprecated.
[39m[39m
[33m524 WARN: [33m[33mArkTS:WARN File: E:/HW/Dev/DevEcoStudioProjects/HMTG/entry/src/main/ets/pages/contacts/ContactDetailPage.ets:428:22
 'pushUrl' has been deprecated.
[39m[39m
[33m525 WARN: [33m[33mArkTS:WARN File: E:/HW/Dev/DevEcoStudioProjects/HMTG/entry/src/main/ets/pages/contacts/ContactDetailPage.ets:436:22
 'showToast' has been deprecated.
[39m[39m
[33m526 WARN: [33m[33mArkTS:WARN File: E:/HW/Dev/DevEcoStudioProjects/HMTG/entry/src/main/ets/pages/contacts/ContactDetailPage.ets:547:20
 'back' has been deprecated.
[39m[39m
[33m527 WARN: [33m[33mArkTS:WARN File: E:/HW/Dev/DevEcoStudioProjects/HMTG/entry/src/main/ets/pages/contacts/ContactDetailPage.ets:975:30
 'showToast' has been deprecated.
[39m[39m
[33m528 WARN: [33m[33mArkTS:WARN File: E:/HW/Dev/DevEcoStudioProjects/HMTG/entry/src/main/ets/pages/groups/GroupInfoPage.ets:28:27
 'getParams' has been deprecated.
[39m[39m
[33m529 WARN: [33m[33mArkTS:WARN File: E:/HW/Dev/DevEcoStudioProjects/HMTG/entry/src/main/ets/pages/groups/GroupInfoPage.ets:59:5
 Function may throw exceptions. Special handling is required.
[39m[39m
[33m530 WARN: [33m[33mArkTS:WARN File: E:/HW/Dev/DevEcoStudioProjects/HMTG/entry/src/main/ets/pages/groups/GroupInfoPage.ets:59:12
 'pushUrl' has been deprecated.
[39m[39m
[33m531 WARN: [33m[33mArkTS:WARN File: E:/HW/Dev/DevEcoStudioProjects/HMTG/entry/src/main/ets/pages/groups/GroupInfoPage.ets:69:5
 Function may throw exceptions. Special handling is required.
[39m[39m
[33m532 WARN: [33m[33mArkTS:WARN File: E:/HW/Dev/DevEcoStudioProjects/HMTG/entry/src/main/ets/pages/groups/GroupInfoPage.ets:69:12
 'pushUrl' has been deprecated.
[39m[39m
[33m533 WARN: [33m[33mArkTS:WARN File: E:/HW/Dev/DevEcoStudioProjects/HMTG/entry/src/main/ets/pages/groups/GroupInfoPage.ets:79:5
 Function may throw exceptions. Special handling is required.
[39m[39m
[33m534 WARN: [33m[33mArkTS:WARN File: E:/HW/Dev/DevEcoStudioProjects/HMTG/entry/src/main/ets/pages/groups/GroupInfoPage.ets:79:12
 'pushUrl' has been deprecated.
[39m[39m
[33m535 WARN: [33m[33mArkTS:WARN File: E:/HW/Dev/DevEcoStudioProjects/HMTG/entry/src/main/ets/pages/groups/GroupInfoPage.ets:89:5
 Function may throw exceptions. Special handling is required.
[39m[39m
[33m536 WARN: [33m[33mArkTS:WARN File: E:/HW/Dev/DevEcoStudioProjects/HMTG/entry/src/main/ets/pages/groups/GroupInfoPage.ets:89:12
 'pushUrl' has been deprecated.
[39m[39m
[33m537 WARN: [33m[33mArkTS:WARN File: E:/HW/Dev/DevEcoStudioProjects/HMTG/entry/src/main/ets/pages/groups/GroupInfoPage.ets:104:20
 'back' has been deprecated.
[39m[39m
[33m538 WARN: [33m[33mArkTS:WARN File: E:/HW/Dev/DevEcoStudioProjects/HMTG/entry/src/main/ets/pages/groups/GroupMembersPage.ets:26:27
 'getParams' has been deprecated.
[39m[39m
[33m539 WARN: [33m[33mArkTS:WARN File: E:/HW/Dev/DevEcoStudioProjects/HMTG/entry/src/main/ets/pages/groups/GroupMembersPage.ets:103:20
 'back' has been deprecated.
[39m[39m
[33m540 WARN: [33m[33mArkTS:WARN File: E:/HW/Dev/DevEcoStudioProjects/HMTG/entry/src/main/ets/pages/groups/GroupMembersPage.ets:117:20
 'pushUrl' has been deprecated.
[39m[39m
[33m541 WARN: [33m[33mArkTS:WARN File: E:/HW/Dev/DevEcoStudioProjects/HMTG/entry/src/main/ets/pages/groups/GroupMembersPage.ets:249:12
 'pushUrl' has been deprecated.
[39m[39m
[33m542 WARN: [33m[33mArkTS:WARN File: E:/HW/Dev/DevEcoStudioProjects/HMTG/entry/src/main/ets/pages/groups/GroupSettingsPage.ets:35:27
 'getParams' has been deprecated.
[39m[39m
[33m543 WARN: [33m[33mArkTS:WARN File: E:/HW/Dev/DevEcoStudioProjects/HMTG/entry/src/main/ets/pages/groups/GroupSettingsPage.ets:63:14
 'back' has been deprecated.
[39m[39m
[33m544 WARN: [33m[33mArkTS:WARN File: E:/HW/Dev/DevEcoStudioProjects/HMTG/entry/src/main/ets/pages/groups/GroupSettingsPage.ets:75:14
 'back' has been deprecated.
[39m[39m
[33m545 WARN: [33m[33mArkTS:WARN File: E:/HW/Dev/DevEcoStudioProjects/HMTG/entry/src/main/ets/pages/groups/GroupSettingsPage.ets:87:14
 'back' has been deprecated.
[39m[39m
[33m546 WARN: [33m[33mArkTS:WARN File: E:/HW/Dev/DevEcoStudioProjects/HMTG/entry/src/main/ets/pages/groups/GroupSettingsPage.ets:102:20
 'back' has been deprecated.
[39m[39m
[33m547 WARN: [33m[33mArkTS:WARN File: E:/HW/Dev/DevEcoStudioProjects/HMTG/entry/src/main/ets/pages/groups/CreateGroupPage.ets:26:27
 'getParams' has been deprecated.
[39m[39m
[33m548 WARN: [33m[33mArkTS:WARN File: E:/HW/Dev/DevEcoStudioProjects/HMTG/entry/src/main/ets/pages/groups/CreateGroupPage.ets:50:20
 'showToast' has been deprecated.
[39m[39m
[33m549 WARN: [33m[33mArkTS:WARN File: E:/HW/Dev/DevEcoStudioProjects/HMTG/entry/src/main/ets/pages/groups/CreateGroupPage.ets:56:14
 'pushUrl' has been deprecated.
[39m[39m
[33m550 WARN: [33m[33mArkTS:WARN File: E:/HW/Dev/DevEcoStudioProjects/HMTG/entry/src/main/ets/pages/groups/CreateGroupPage.ets:65:7
 Function may throw exceptions. Special handling is required.
[39m[39m
[33m551 WARN: [33m[33mArkTS:WARN File: E:/HW/Dev/DevEcoStudioProjects/HMTG/entry/src/main/ets/pages/groups/CreateGroupPage.ets:65:20
 'showToast' has been deprecated.
[39m[39m
[33m552 WARN: [33m[33mArkTS:WARN File: E:/HW/Dev/DevEcoStudioProjects/HMTG/entry/src/main/ets/pages/groups/CreateGroupPage.ets:83:33
 'back' has been deprecated.
[39m[39m
[33m553 WARN: [33m[33mArkTS:WARN File: E:/HW/Dev/DevEcoStudioProjects/HMTG/entry/src/main/ets/pages/groups/AdminToolsPage.ets:105:27
 'getParams' has been deprecated.
[39m[39m
[33m554 WARN: [33m[33mArkTS:WARN File: E:/HW/Dev/DevEcoStudioProjects/HMTG/entry/src/main/ets/pages/groups/AdminToolsPage.ets:130:7
 Function may throw exceptions. Special handling is required.
[39m[39m
[33m555 WARN: [33m[33mArkTS:WARN File: E:/HW/Dev/DevEcoStudioProjects/HMTG/entry/src/main/ets/pages/groups/AdminToolsPage.ets:130:20
 'showToast' has been deprecated.
[39m[39m
[33m556 WARN: [33m[33mArkTS:WARN File: E:/HW/Dev/DevEcoStudioProjects/HMTG/entry/src/main/ets/pages/groups/AdminToolsPage.ets:220:7
 Function may throw exceptions. Special handling is required.
[39m[39m
[33m557 WARN: [33m[33mArkTS:WARN File: E:/HW/Dev/DevEcoStudioProjects/HMTG/entry/src/main/ets/pages/groups/AdminToolsPage.ets:220:20
 'showToast' has been deprecated.
[39m[39m
[33m558 WARN: [33m[33mArkTS:WARN File: E:/HW/Dev/DevEcoStudioProjects/HMTG/entry/src/main/ets/pages/groups/AdminToolsPage.ets:242:20
 'showToast' has been deprecated.
[39m[39m
[33m559 WARN: [33m[33mArkTS:WARN File: E:/HW/Dev/DevEcoStudioProjects/HMTG/entry/src/main/ets/pages/groups/AdminToolsPage.ets:253:7
 Function may throw exceptions. Special handling is required.
[39m[39m
[33m560 WARN: [33m[33mArkTS:WARN File: E:/HW/Dev/DevEcoStudioProjects/HMTG/entry/src/main/ets/pages/groups/AdminToolsPage.ets:253:20
 'showToast' has been deprecated.
[39m[39m
[33m561 WARN: [33m[33mArkTS:WARN File: E:/HW/Dev/DevEcoStudioProjects/HMTG/entry/src/main/ets/pages/groups/AdminToolsPage.ets:267:7
 Function may throw exceptions. Special handling is required.
[39m[39m
[33m562 WARN: [33m[33mArkTS:WARN File: E:/HW/Dev/DevEcoStudioProjects/HMTG/entry/src/main/ets/pages/groups/AdminToolsPage.ets:267:20
 'showToast' has been deprecated.
[39m[39m
[33m563 WARN: [33m[33mArkTS:WARN File: E:/HW/Dev/DevEcoStudioProjects/HMTG/entry/src/main/ets/pages/groups/AdminToolsPage.ets:293:20
 'showToast' has been deprecated.
[39m[39m
[33m564 WARN: [33m[33mArkTS:WARN File: E:/HW/Dev/DevEcoStudioProjects/HMTG/entry/src/main/ets/pages/groups/AdminToolsPage.ets:304:7
 Function may throw exceptions. Special handling is required.
[39m[39m
[33m565 WARN: [33m[33mArkTS:WARN File: E:/HW/Dev/DevEcoStudioProjects/HMTG/entry/src/main/ets/pages/groups/AdminToolsPage.ets:304:20
 'showToast' has been deprecated.
[39m[39m
[33m566 WARN: [33m[33mArkTS:WARN File: E:/HW/Dev/DevEcoStudioProjects/HMTG/entry/src/main/ets/pages/groups/AdminToolsPage.ets:318:7
 Function may throw exceptions. Special handling is required.
[39m[39m
[33m567 WARN: [33m[33mArkTS:WARN File: E:/HW/Dev/DevEcoStudioProjects/HMTG/entry/src/main/ets/pages/groups/AdminToolsPage.ets:318:20
 'showToast' has been deprecated.
[39m[39m
[33m568 WARN: [33m[33mArkTS:WARN File: E:/HW/Dev/DevEcoStudioProjects/HMTG/entry/src/main/ets/pages/groups/AdminToolsPage.ets:358:20
 'showToast' has been deprecated.
[39m[39m
[33m569 WARN: [33m[33mArkTS:WARN File: E:/HW/Dev/DevEcoStudioProjects/HMTG/entry/src/main/ets/pages/groups/AdminToolsPage.ets:369:7
 Function may throw exceptions. Special handling is required.
[39m[39m
[33m570 WARN: [33m[33mArkTS:WARN File: E:/HW/Dev/DevEcoStudioProjects/HMTG/entry/src/main/ets/pages/groups/AdminToolsPage.ets:369:20
 'showToast' has been deprecated.
[39m[39m
[33m571 WARN: [33m[33mArkTS:WARN File: E:/HW/Dev/DevEcoStudioProjects/HMTG/entry/src/main/ets/pages/groups/AdminToolsPage.ets:388:20
 'showToast' has been deprecated.
[39m[39m
[33m572 WARN: [33m[33mArkTS:WARN File: E:/HW/Dev/DevEcoStudioProjects/HMTG/entry/src/main/ets/pages/groups/AdminToolsPage.ets:394:7
 Function may throw exceptions. Special handling is required.
[39m[39m
[33m573 WARN: [33m[33mArkTS:WARN File: E:/HW/Dev/DevEcoStudioProjects/HMTG/entry/src/main/ets/pages/groups/AdminToolsPage.ets:394:20
 'showToast' has been deprecated.
[39m[39m
[33m574 WARN: [33m[33mArkTS:WARN File: E:/HW/Dev/DevEcoStudioProjects/HMTG/entry/src/main/ets/pages/groups/AdminToolsPage.ets:423:23
 'getContext' has been deprecated.
[39m[39m
[33m575 WARN: [33m[33mArkTS:WARN File: E:/HW/Dev/DevEcoStudioProjects/HMTG/entry/src/main/ets/pages/groups/AdminToolsPage.ets:437:20
 'showToast' has been deprecated.
[39m[39m
[33m576 WARN: [33m[33mArkTS:WARN File: E:/HW/Dev/DevEcoStudioProjects/HMTG/entry/src/main/ets/pages/groups/AdminToolsPage.ets:443:7
 Function may throw exceptions. Special handling is required.
[39m[39m
[33m577 WARN: [33m[33mArkTS:WARN File: E:/HW/Dev/DevEcoStudioProjects/HMTG/entry/src/main/ets/pages/groups/AdminToolsPage.ets:443:20
 'showToast' has been deprecated.
[39m[39m
[33m578 WARN: [33m[33mArkTS:WARN File: E:/HW/Dev/DevEcoStudioProjects/HMTG/entry/src/main/ets/pages/groups/AdminToolsPage.ets:478:5
 Function may throw exceptions. Special handling is required.
[39m[39m
[33m579 WARN: [33m[33mArkTS:WARN File: E:/HW/Dev/DevEcoStudioProjects/HMTG/entry/src/main/ets/pages/groups/AdminToolsPage.ets:478:12
 'pushUrl' has been deprecated.
[39m[39m
[33m580 WARN: [33m[33mArkTS:WARN File: E:/HW/Dev/DevEcoStudioProjects/HMTG/entry/src/main/ets/pages/groups/AdminToolsPage.ets:523:20
 'back' has been deprecated.
[39m[39m
[33m581 WARN: [33m[33mArkTS:WARN File: E:/HW/Dev/DevEcoStudioProjects/HMTG/entry/src/main/ets/pages/groups/GroupPermissionsPage.ets:40:27
 'getParams' has been deprecated.
[39m[39m
[33m582 WARN: [33m[33mArkTS:WARN File: E:/HW/Dev/DevEcoStudioProjects/HMTG/entry/src/main/ets/pages/groups/GroupPermissionsPage.ets:72:20
 'showToast' has been deprecated.
[39m[39m
[33m583 WARN: [33m[33mArkTS:WARN File: E:/HW/Dev/DevEcoStudioProjects/HMTG/entry/src/main/ets/pages/groups/GroupPermissionsPage.ets:76:14
 'back' has been deprecated.
[39m[39m
[33m584 WARN: [33m[33mArkTS:WARN File: E:/HW/Dev/DevEcoStudioProjects/HMTG/entry/src/main/ets/pages/groups/GroupPermissionsPage.ets:79:7
 Function may throw exceptions. Special handling is required.
[39m[39m
[33m585 WARN: [33m[33mArkTS:WARN File: E:/HW/Dev/DevEcoStudioProjects/HMTG/entry/src/main/ets/pages/groups/GroupPermissionsPage.ets:79:20
 'showToast' has been deprecated.
[39m[39m
[33m586 WARN: [33m[33mArkTS:WARN File: E:/HW/Dev/DevEcoStudioProjects/HMTG/entry/src/main/ets/pages/groups/GroupPermissionsPage.ets:97:20
 'back' has been deprecated.
[39m[39m
[33m587 WARN: [33m[33mArkTS:WARN File: E:/HW/Dev/DevEcoStudioProjects/HMTG/entry/src/main/ets/pages/groups/GroupStatsPage.ets:24:27
 'getParams' has been deprecated.
[39m[39m
[33m588 WARN: [33m[33mArkTS:WARN File: E:/HW/Dev/DevEcoStudioProjects/HMTG/entry/src/main/ets/pages/groups/GroupStatsPage.ets:54:20
 'back' has been deprecated.
[39m[39m
[33m589 WARN: [33m[33mArkTS:WARN File: E:/HW/Dev/DevEcoStudioProjects/HMTG/entry/src/main/ets/pages/groups/InviteLinksPage.ets:27:27
 'getParams' has been deprecated.
[39m[39m
[33m590 WARN: [33m[33mArkTS:WARN File: E:/HW/Dev/DevEcoStudioProjects/HMTG/entry/src/main/ets/pages/groups/InviteLinksPage.ets:55:20
 'showToast' has been deprecated.
[39m[39m
[33m591 WARN: [33m[33mArkTS:WARN File: E:/HW/Dev/DevEcoStudioProjects/HMTG/entry/src/main/ets/pages/groups/InviteLinksPage.ets:61:7
 Function may throw exceptions. Special handling is required.
[39m[39m
[33m592 WARN: [33m[33mArkTS:WARN File: E:/HW/Dev/DevEcoStudioProjects/HMTG/entry/src/main/ets/pages/groups/InviteLinksPage.ets:61:20
 'showToast' has been deprecated.
[39m[39m
[33m593 WARN: [33m[33mArkTS:WARN File: E:/HW/Dev/DevEcoStudioProjects/HMTG/entry/src/main/ets/pages/groups/InviteLinksPage.ets:75:20
 'showToast' has been deprecated.
[39m[39m
[33m594 WARN: [33m[33mArkTS:WARN File: E:/HW/Dev/DevEcoStudioProjects/HMTG/entry/src/main/ets/pages/groups/InviteLinksPage.ets:81:7
 Function may throw exceptions. Special handling is required.
[39m[39m
[33m595 WARN: [33m[33mArkTS:WARN File: E:/HW/Dev/DevEcoStudioProjects/HMTG/entry/src/main/ets/pages/groups/InviteLinksPage.ets:81:20
 'showToast' has been deprecated.
[39m[39m
[33m596 WARN: [33m[33mArkTS:WARN File: E:/HW/Dev/DevEcoStudioProjects/HMTG/entry/src/main/ets/pages/groups/InviteLinksPage.ets:98:20
 'showToast' has been deprecated.
[39m[39m
[33m597 WARN: [33m[33mArkTS:WARN File: E:/HW/Dev/DevEcoStudioProjects/HMTG/entry/src/main/ets/pages/groups/InviteLinksPage.ets:104:7
 Function may throw exceptions. Special handling is required.
[39m[39m
[33m598 WARN: [33m[33mArkTS:WARN File: E:/HW/Dev/DevEcoStudioProjects/HMTG/entry/src/main/ets/pages/groups/InviteLinksPage.ets:104:20
 'showToast' has been deprecated.
[39m[39m
[33m599 WARN: [33m[33mArkTS:WARN File: E:/HW/Dev/DevEcoStudioProjects/HMTG/entry/src/main/ets/pages/groups/InviteLinksPage.ets:128:20
 'back' has been deprecated.
[39m[39m
[33m600 WARN: [33m[33mArkTS:WARN File: E:/HW/Dev/DevEcoStudioProjects/HMTG/entry/src/main/ets/pages/groups/AddMembersPage.ets:40:27
 'getParams' has been deprecated.
[39m[39m
[33m601 WARN: [33m[33mArkTS:WARN File: E:/HW/Dev/DevEcoStudioProjects/HMTG/entry/src/main/ets/pages/groups/AddMembersPage.ets:106:7
 Function may throw exceptions. Special handling is required.
[39m[39m
[33m602 WARN: [33m[33mArkTS:WARN File: E:/HW/Dev/DevEcoStudioProjects/HMTG/entry/src/main/ets/pages/groups/AddMembersPage.ets:106:20
 'showToast' has been deprecated.
[39m[39m
[33m603 WARN: [33m[33mArkTS:WARN File: E:/HW/Dev/DevEcoStudioProjects/HMTG/entry/src/main/ets/pages/groups/AddMembersPage.ets:145:7
 Function may throw exceptions. Special handling is required.
[39m[39m
[33m604 WARN: [33m[33mArkTS:WARN File: E:/HW/Dev/DevEcoStudioProjects/HMTG/entry/src/main/ets/pages/groups/AddMembersPage.ets:145:20
 'showToast' has been deprecated.
[39m[39m
[33m605 WARN: [33m[33mArkTS:WARN File: E:/HW/Dev/DevEcoStudioProjects/HMTG/entry/src/main/ets/pages/groups/AddMembersPage.ets:159:20
 'showToast' has been deprecated.
[39m[39m
[33m606 WARN: [33m[33mArkTS:WARN File: E:/HW/Dev/DevEcoStudioProjects/HMTG/entry/src/main/ets/pages/groups/AddMembersPage.ets:166:16
 'back' has been deprecated.
[39m[39m
[33m607 WARN: [33m[33mArkTS:WARN File: E:/HW/Dev/DevEcoStudioProjects/HMTG/entry/src/main/ets/pages/groups/AddMembersPage.ets:170:7
 Function may throw exceptions. Special handling is required.
[39m[39m
[33m608 WARN: [33m[33mArkTS:WARN File: E:/HW/Dev/DevEcoStudioProjects/HMTG/entry/src/main/ets/pages/groups/AddMembersPage.ets:170:20
 'showToast' has been deprecated.
[39m[39m
[33m609 WARN: [33m[33mArkTS:WARN File: E:/HW/Dev/DevEcoStudioProjects/HMTG/entry/src/main/ets/pages/groups/AddMembersPage.ets:195:20
 'back' has been deprecated.
[39m[39m
[33m610 WARN: [33m[33mArkTS:WARN File: E:/HW/Dev/DevEcoStudioProjects/HMTG/entry/src/main/ets/pages/channels/ChannelInfoPage.ets:26:27
 'getParams' has been deprecated.
[39m[39m
[33m611 WARN: [33m[33mArkTS:WARN File: E:/HW/Dev/DevEcoStudioProjects/HMTG/entry/src/main/ets/pages/channels/ChannelInfoPage.ets:52:5
 Function may throw exceptions. Special handling is required.
[39m[39m
[33m612 WARN: [33m[33mArkTS:WARN File: E:/HW/Dev/DevEcoStudioProjects/HMTG/entry/src/main/ets/pages/channels/ChannelInfoPage.ets:52:12
 'pushUrl' has been deprecated.
[39m[39m
[33m613 WARN: [33m[33mArkTS:WARN File: E:/HW/Dev/DevEcoStudioProjects/HMTG/entry/src/main/ets/pages/channels/ChannelInfoPage.ets:62:5
 Function may throw exceptions. Special handling is required.
[39m[39m
[33m614 WARN: [33m[33mArkTS:WARN File: E:/HW/Dev/DevEcoStudioProjects/HMTG/entry/src/main/ets/pages/channels/ChannelInfoPage.ets:62:12
 'pushUrl' has been deprecated.
[39m[39m
[33m615 WARN: [33m[33mArkTS:WARN File: E:/HW/Dev/DevEcoStudioProjects/HMTG/entry/src/main/ets/pages/channels/ChannelInfoPage.ets:72:5
 Function may throw exceptions. Special handling is required.
[39m[39m
[33m616 WARN: [33m[33mArkTS:WARN File: E:/HW/Dev/DevEcoStudioProjects/HMTG/entry/src/main/ets/pages/channels/ChannelInfoPage.ets:72:12
 'pushUrl' has been deprecated.
[39m[39m
[33m617 WARN: [33m[33mArkTS:WARN File: E:/HW/Dev/DevEcoStudioProjects/HMTG/entry/src/main/ets/pages/channels/ChannelInfoPage.ets:124:20
 'back' has been deprecated.
[39m[39m
[33m618 WARN: [33m[33mArkTS:WARN File: E:/HW/Dev/DevEcoStudioProjects/HMTG/entry/src/main/ets/pages/channels/ChannelSettingsPage.ets:37:27
 'getParams' has been deprecated.
[39m[39m
[33m619 WARN: [33m[33mArkTS:WARN File: E:/HW/Dev/DevEcoStudioProjects/HMTG/entry/src/main/ets/pages/channels/ChannelSettingsPage.ets:65:14
 'back' has been deprecated.
[39m[39m
[33m620 WARN: [33m[33mArkTS:WARN File: E:/HW/Dev/DevEcoStudioProjects/HMTG/entry/src/main/ets/pages/channels/ChannelSettingsPage.ets:77:14
 'back' has been deprecated.
[39m[39m
[33m621 WARN: [33m[33mArkTS:WARN File: E:/HW/Dev/DevEcoStudioProjects/HMTG/entry/src/main/ets/pages/channels/ChannelSettingsPage.ets:89:14
 'back' has been deprecated.
[39m[39m
[33m622 WARN: [33m[33mArkTS:WARN File: E:/HW/Dev/DevEcoStudioProjects/HMTG/entry/src/main/ets/pages/channels/ChannelSettingsPage.ets:104:20
 'back' has been deprecated.
[39m[39m
[33m623 WARN: [33m[33mArkTS:WARN File: E:/HW/Dev/DevEcoStudioProjects/HMTG/entry/src/main/ets/pages/channels/ChannelAdminsPage.ets:25:27
 'getParams' has been deprecated.
[39m[39m
[33m624 WARN: [33m[33mArkTS:WARN File: E:/HW/Dev/DevEcoStudioProjects/HMTG/entry/src/main/ets/pages/channels/ChannelAdminsPage.ets:82:12
 'pushUrl' has been deprecated.
[39m[39m
[33m625 WARN: [33m[33mArkTS:WARN File: E:/HW/Dev/DevEcoStudioProjects/HMTG/entry/src/main/ets/pages/channels/ChannelAdminsPage.ets:103:20
 'back' has been deprecated.
[39m[39m
[33m626 WARN: [33m[33mArkTS:WARN File: E:/HW/Dev/DevEcoStudioProjects/HMTG/entry/src/main/ets/pages/channels/ChannelAdminsPage.ets:242:22
 'showDialog' has been deprecated.
[39m[39m
[33m627 WARN: [33m[33mArkTS:WARN File: E:/HW/Dev/DevEcoStudioProjects/HMTG/entry/src/main/ets/pages/channels/ChannelAdminsPage.ets:274:5
 Function may throw exceptions. Special handling is required.
[39m[39m
[33m628 WARN: [33m[33mArkTS:WARN File: E:/HW/Dev/DevEcoStudioProjects/HMTG/entry/src/main/ets/pages/channels/ChannelAdminsPage.ets:274:18
 'showToast' has been deprecated.
[39m[39m
[33m629 WARN: [33m[33mArkTS:WARN File: E:/HW/Dev/DevEcoStudioProjects/HMTG/entry/src/main/ets/pages/channels/ChannelInvitesPage.ets:27:27
 'getParams' has been deprecated.
[39m[39m
[33m630 WARN: [33m[33mArkTS:WARN File: E:/HW/Dev/DevEcoStudioProjects/HMTG/entry/src/main/ets/pages/channels/ChannelInvitesPage.ets:55:20
 'showToast' has been deprecated.
[39m[39m
[33m631 WARN: [33m[33mArkTS:WARN File: E:/HW/Dev/DevEcoStudioProjects/HMTG/entry/src/main/ets/pages/channels/ChannelInvitesPage.ets:61:7
 Function may throw exceptions. Special handling is required.
[39m[39m
[33m632 WARN: [33m[33mArkTS:WARN File: E:/HW/Dev/DevEcoStudioProjects/HMTG/entry/src/main/ets/pages/channels/ChannelInvitesPage.ets:61:20
 'showToast' has been deprecated.
[39m[39m
[33m633 WARN: [33m[33mArkTS:WARN File: E:/HW/Dev/DevEcoStudioProjects/HMTG/entry/src/main/ets/pages/channels/ChannelInvitesPage.ets:75:20
 'showToast' has been deprecated.
[39m[39m
[33m634 WARN: [33m[33mArkTS:WARN File: E:/HW/Dev/DevEcoStudioProjects/HMTG/entry/src/main/ets/pages/channels/ChannelInvitesPage.ets:81:7
 Function may throw exceptions. Special handling is required.
[39m[39m
[33m635 WARN: [33m[33mArkTS:WARN File: E:/HW/Dev/DevEcoStudioProjects/HMTG/entry/src/main/ets/pages/channels/ChannelInvitesPage.ets:81:20
 'showToast' has been deprecated.
[39m[39m
[33m636 WARN: [33m[33mArkTS:WARN File: E:/HW/Dev/DevEcoStudioProjects/HMTG/entry/src/main/ets/pages/channels/ChannelInvitesPage.ets:98:20
 'showToast' has been deprecated.
[39m[39m
[33m637 WARN: [33m[33mArkTS:WARN File: E:/HW/Dev/DevEcoStudioProjects/HMTG/entry/src/main/ets/pages/channels/ChannelInvitesPage.ets:104:7
 Function may throw exceptions. Special handling is required.
[39m[39m
[33m638 WARN: [33m[33mArkTS:WARN File: E:/HW/Dev/DevEcoStudioProjects/HMTG/entry/src/main/ets/pages/channels/ChannelInvitesPage.ets:104:20
 'showToast' has been deprecated.
[39m[39m
[33m639 WARN: [33m[33mArkTS:WARN File: E:/HW/Dev/DevEcoStudioProjects/HMTG/entry/src/main/ets/pages/channels/ChannelInvitesPage.ets:128:20
 'back' has been deprecated.
[39m[39m
[33m640 WARN: [33m[33mArkTS:WARN File: E:/HW/Dev/DevEcoStudioProjects/HMTG/entry/src/main/ets/pages/channels/ChannelSearchPage.ets:77:5
 Function may throw exceptions. Special handling is required.
[39m[39m
[33m641 WARN: [33m[33mArkTS:WARN File: E:/HW/Dev/DevEcoStudioProjects/HMTG/entry/src/main/ets/pages/channels/ChannelSearchPage.ets:77:12
 'pushUrl' has been deprecated.
[39m[39m
[33m642 WARN: [33m[33mArkTS:WARN File: E:/HW/Dev/DevEcoStudioProjects/HMTG/entry/src/main/ets/pages/channels/ChannelSearchPage.ets:104:20
 'back' has been deprecated.
[39m[39m
[33m643 WARN: [33m[33mArkTS:WARN File: E:/HW/Dev/DevEcoStudioProjects/HMTG/entry/src/main/ets/pages/channels/ChannelStatsPage.ets:44:27
 'getParams' has been deprecated.
[39m[39m
[33m644 WARN: [33m[33mArkTS:WARN File: E:/HW/Dev/DevEcoStudioProjects/HMTG/entry/src/main/ets/pages/channels/ChannelStatsPage.ets:82:20
 'back' has been deprecated.
[39m[39m
[33m645 WARN: [33m[33mArkTS:WARN File: E:/HW/Dev/DevEcoStudioProjects/HMTG/entry/src/main/ets/pages/channels/CreateChannelPage.ets:42:14
 'back' has been deprecated.
[39m[39m
[33m646 WARN: [33m[33mArkTS:WARN File: E:/HW/Dev/DevEcoStudioProjects/HMTG/entry/src/main/ets/pages/channels/CreateChannelPage.ets:58:20
 'back' has been deprecated.
[39m[39m
[33m647 WARN: [33m[33mArkTS:WARN File: E:/HW/Dev/DevEcoStudioProjects/HMTG/entry/src/main/ets/pages/channels/EditPostPage.ets:27:27
 'getParams' has been deprecated.
[39m[39m
[33m648 WARN: [33m[33mArkTS:WARN File: E:/HW/Dev/DevEcoStudioProjects/HMTG/entry/src/main/ets/pages/channels/EditPostPage.ets:41:7
 Function may throw exceptions. Special handling is required.
[39m[39m
[33m649 WARN: [33m[33mArkTS:WARN File: E:/HW/Dev/DevEcoStudioProjects/HMTG/entry/src/main/ets/pages/channels/EditPostPage.ets:41:20
 'showToast' has been deprecated.
[39m[39m
[33m650 WARN: [33m[33mArkTS:WARN File: E:/HW/Dev/DevEcoStudioProjects/HMTG/entry/src/main/ets/pages/channels/EditPostPage.ets:52:20
 'showToast' has been deprecated.
[39m[39m
[33m651 WARN: [33m[33mArkTS:WARN File: E:/HW/Dev/DevEcoStudioProjects/HMTG/entry/src/main/ets/pages/channels/EditPostPage.ets:56:14
 'back' has been deprecated.
[39m[39m
[33m652 WARN: [33m[33mArkTS:WARN File: E:/HW/Dev/DevEcoStudioProjects/HMTG/entry/src/main/ets/pages/channels/EditPostPage.ets:59:7
 Function may throw exceptions. Special handling is required.
[39m[39m
[33m653 WARN: [33m[33mArkTS:WARN File: E:/HW/Dev/DevEcoStudioProjects/HMTG/entry/src/main/ets/pages/channels/EditPostPage.ets:59:20
 'showToast' has been deprecated.
[39m[39m
[33m654 WARN: [33m[33mArkTS:WARN File: E:/HW/Dev/DevEcoStudioProjects/HMTG/entry/src/main/ets/pages/channels/EditPostPage.ets:76:16
 'back' has been deprecated.
[39m[39m
[33m655 WARN: [33m[33mArkTS:WARN File: E:/HW/Dev/DevEcoStudioProjects/HMTG/entry/src/main/ets/pages/channels/EditPostPage.ets:79:14
 'back' has been deprecated.
[39m[39m
[33m656 WARN: [33m[33mArkTS:WARN File: E:/HW/Dev/DevEcoStudioProjects/HMTG/entry/src/main/ets/pages/channels/EditPostPage.ets:89:22
 'showDialog' has been deprecated.
[39m[39m
[33m657 WARN: [33m[33mArkTS:WARN File: E:/HW/Dev/DevEcoStudioProjects/HMTG/entry/src/main/ets/pages/channels/EditPostPage.ets:122:20
 'showToast' has been deprecated.
[39m[39m
[33m658 WARN: [33m[33mArkTS:WARN File: E:/HW/Dev/DevEcoStudioProjects/HMTG/entry/src/main/ets/pages/channels/EditPostPage.ets:126:14
 'back' has been deprecated.
[39m[39m
[33m659 WARN: [33m[33mArkTS:WARN File: E:/HW/Dev/DevEcoStudioProjects/HMTG/entry/src/main/ets/pages/channels/EditPostPage.ets:129:7
 Function may throw exceptions. Special handling is required.
[39m[39m
[33m660 WARN: [33m[33mArkTS:WARN File: E:/HW/Dev/DevEcoStudioProjects/HMTG/entry/src/main/ets/pages/channels/EditPostPage.ets:129:20
 'showToast' has been deprecated.
[39m[39m
[33m661 WARN: [33m[33mArkTS:WARN File: E:/HW/Dev/DevEcoStudioProjects/HMTG/entry/src/main/ets/pages/channels/JoinRequestsPage.ets:25:27
 'getParams' has been deprecated.
[39m[39m
[33m662 WARN: [33m[33mArkTS:WARN File: E:/HW/Dev/DevEcoStudioProjects/HMTG/entry/src/main/ets/pages/channels/JoinRequestsPage.ets:53:20
 'showToast' has been deprecated.
[39m[39m
[33m663 WARN: [33m[33mArkTS:WARN File: E:/HW/Dev/DevEcoStudioProjects/HMTG/entry/src/main/ets/pages/channels/JoinRequestsPage.ets:59:7
 Function may throw exceptions. Special handling is required.
[39m[39m
[33m664 WARN: [33m[33mArkTS:WARN File: E:/HW/Dev/DevEcoStudioProjects/HMTG/entry/src/main/ets/pages/channels/JoinRequestsPage.ets:59:20
 'showToast' has been deprecated.
[39m[39m
[33m665 WARN: [33m[33mArkTS:WARN File: E:/HW/Dev/DevEcoStudioProjects/HMTG/entry/src/main/ets/pages/channels/JoinRequestsPage.ets:73:20
 'showToast' has been deprecated.
[39m[39m
[33m666 WARN: [33m[33mArkTS:WARN File: E:/HW/Dev/DevEcoStudioProjects/HMTG/entry/src/main/ets/pages/channels/JoinRequestsPage.ets:79:7
 Function may throw exceptions. Special handling is required.
[39m[39m
[33m667 WARN: [33m[33mArkTS:WARN File: E:/HW/Dev/DevEcoStudioProjects/HMTG/entry/src/main/ets/pages/channels/JoinRequestsPage.ets:79:20
 'showToast' has been deprecated.
[39m[39m
[33m668 WARN: [33m[33mArkTS:WARN File: E:/HW/Dev/DevEcoStudioProjects/HMTG/entry/src/main/ets/pages/channels/JoinRequestsPage.ets:120:20
 'back' has been deprecated.
[39m[39m
[33m669 WARN: [33m[33mArkTS:WARN File: E:/HW/Dev/DevEcoStudioProjects/HMTG/entry/src/main/ets/services/business/media/ImageEditorService.ets:425:35
 'packing' has been deprecated.
[39m[39m
[33m670 WARN: [33m[33mArkTS:WARN File: E:/HW/Dev/DevEcoStudioProjects/HMTG/entry/src/main/ets/services/business/media/ImageEditorService.ets:450:35
 'packing' has been deprecated.
[39m[39m
[33m671 WARN: [33m[33mArkTS:WARN File: E:/HW/Dev/DevEcoStudioProjects/HMTG/entry/src/main/ets/services/business/media/ImageEditorService.ets:626:35
 'packing' has been deprecated.
[39m[39m
[33m672 WARN: [33m[33mArkTS:WARN File: E:/HW/Dev/DevEcoStudioProjects/HMTG/entry/src/main/ets/services/business/media/ImageEditorService.ets:641:40
 To use this API, you need to apply for the permissions: ohos.permission.WRITE_IMAGEVIDEO
[39m[39m
[33m673 WARN: [33m[33mArkTS:WARN File: E:/HW/Dev/DevEcoStudioProjects/HMTG/entry/src/main/ets/pages/media/MediaGalleryPage.ets:30:7
 Function may throw exceptions. Special handling is required.
[39m[39m
[33m674 WARN: [33m[33mArkTS:WARN File: E:/HW/Dev/DevEcoStudioProjects/HMTG/entry/src/main/ets/pages/media/MediaGalleryPage.ets:30:14
 'pushUrl' has been deprecated.
[39m[39m
[33m675 WARN: [33m[33mArkTS:WARN File: E:/HW/Dev/DevEcoStudioProjects/HMTG/entry/src/main/ets/pages/media/MediaGalleryPage.ets:38:7
 Function may throw exceptions. Special handling is required.
[39m[39m
[33m676 WARN: [33m[33mArkTS:WARN File: E:/HW/Dev/DevEcoStudioProjects/HMTG/entry/src/main/ets/pages/media/MediaGalleryPage.ets:38:14
 'pushUrl' has been deprecated.
[39m[39m
[33m677 WARN: [33m[33mArkTS:WARN File: E:/HW/Dev/DevEcoStudioProjects/HMTG/entry/src/main/ets/pages/media/MediaGalleryPage.ets:52:9
 Function may throw exceptions. Special handling is required.
[39m[39m
[33m678 WARN: [33m[33mArkTS:WARN File: E:/HW/Dev/DevEcoStudioProjects/HMTG/entry/src/main/ets/pages/media/MediaGalleryPage.ets:52:22
 'showToast' has been deprecated.
[39m[39m
[33m679 WARN: [33m[33mArkTS:WARN File: E:/HW/Dev/DevEcoStudioProjects/HMTG/entry/src/main/ets/pages/media/MediaGalleryPage.ets:57:9
 Function may throw exceptions. Special handling is required.
[39m[39m
[33m680 WARN: [33m[33mArkTS:WARN File: E:/HW/Dev/DevEcoStudioProjects/HMTG/entry/src/main/ets/pages/media/MediaGalleryPage.ets:57:22
 'showToast' has been deprecated.
[39m[39m
[33m681 WARN: [33m[33mArkTS:WARN File: E:/HW/Dev/DevEcoStudioProjects/HMTG/entry/src/main/ets/pages/media/MediaGalleryPage.ets:67:19
 'show' has been deprecated.
[39m[39m
[33m682 WARN: [33m[33mArkTS:WARN File: E:/HW/Dev/DevEcoStudioProjects/HMTG/entry/src/main/ets/pages/media/MediaGalleryPage.ets:102:18
 'back' has been deprecated.
[39m[39m
[33m683 WARN: [33m[33mArkTS:WARN File: E:/HW/Dev/DevEcoStudioProjects/HMTG/entry/src/main/ets/pages/media/MediaViewerPage.ets:34:27
 'getParams' has been deprecated.
[39m[39m
[33m684 WARN: [33m[33mArkTS:WARN File: E:/HW/Dev/DevEcoStudioProjects/HMTG/entry/src/main/ets/pages/media/MediaViewerPage.ets:67:12
 'back' has been deprecated.
[39m[39m
[33m685 WARN: [33m[33mArkTS:WARN File: E:/HW/Dev/DevEcoStudioProjects/HMTG/entry/src/main/ets/pages/media/MediaPickerPage.ets:25:27
 'getParams' has been deprecated.
[39m[39m
[33m686 WARN: [33m[33mArkTS:WARN File: E:/HW/Dev/DevEcoStudioProjects/HMTG/entry/src/main/ets/pages/media/MediaPickerPage.ets:48:12
 'back' has been deprecated.
[39m[39m
[33m687 WARN: [33m[33mArkTS:WARN File: E:/HW/Dev/DevEcoStudioProjects/HMTG/entry/src/main/ets/pages/media/MediaPickerPage.ets:52:12
 'back' has been deprecated.
[39m[39m
[33m688 WARN: [33m[33mArkTS:WARN File: E:/HW/Dev/DevEcoStudioProjects/HMTG/entry/src/main/ets/pages/media/ImageEditorPage.ets:28:27
 'getParams' has been deprecated.
[39m[39m
[33m689 WARN: [33m[33mArkTS:WARN File: E:/HW/Dev/DevEcoStudioProjects/HMTG/entry/src/main/ets/pages/media/ImageEditorPage.ets:49:7
 Function may throw exceptions. Special handling is required.
[39m[39m
[33m690 WARN: [33m[33mArkTS:WARN File: E:/HW/Dev/DevEcoStudioProjects/HMTG/entry/src/main/ets/pages/media/ImageEditorPage.ets:49:20
 'showToast' has been deprecated.
[39m[39m
[33m691 WARN: [33m[33mArkTS:WARN File: E:/HW/Dev/DevEcoStudioProjects/HMTG/entry/src/main/ets/pages/media/ImageEditorPage.ets:57:12
 'back' has been deprecated.
[39m[39m
[33m692 WARN: [33m[33mArkTS:WARN File: E:/HW/Dev/DevEcoStudioProjects/HMTG/entry/src/main/ets/pages/media/ImageEditorPage.ets:63:7
 Function may throw exceptions. Special handling is required.
[39m[39m
[33m693 WARN: [33m[33mArkTS:WARN File: E:/HW/Dev/DevEcoStudioProjects/HMTG/entry/src/main/ets/pages/media/ImageEditorPage.ets:63:20
 'showToast' has been deprecated.
[39m[39m
[33m694 WARN: [33m[33mArkTS:WARN File: E:/HW/Dev/DevEcoStudioProjects/HMTG/entry/src/main/ets/pages/media/ImageEditorPage.ets:67:14
 'back' has been deprecated.
[39m[39m
[33m695 WARN: [33m[33mArkTS:WARN File: E:/HW/Dev/DevEcoStudioProjects/HMTG/entry/src/main/ets/pages/media/ImageEditorPage.ets:69:7
 Function may throw exceptions. Special handling is required.
[39m[39m
[33m696 WARN: [33m[33mArkTS:WARN File: E:/HW/Dev/DevEcoStudioProjects/HMTG/entry/src/main/ets/pages/media/ImageEditorPage.ets:69:20
 'showToast' has been deprecated.
[39m[39m
[33m697 WARN: [33m[33mArkTS:WARN File: E:/HW/Dev/DevEcoStudioProjects/HMTG/entry/src/main/ets/pages/media/VideoPlayerPage.ets:26:27
 'getParams' has been deprecated.
[39m[39m
[33m698 WARN: [33m[33mArkTS:WARN File: E:/HW/Dev/DevEcoStudioProjects/HMTG/entry/src/main/ets/pages/media/VideoPlayerPage.ets:48:5
 Function may throw exceptions. Special handling is required.
[39m[39m
[33m699 WARN: [33m[33mArkTS:WARN File: E:/HW/Dev/DevEcoStudioProjects/HMTG/entry/src/main/ets/pages/media/VideoPlayerPage.ets:48:18
 'showToast' has been deprecated.
[39m[39m
[33m700 WARN: [33m[33mArkTS:WARN File: E:/HW/Dev/DevEcoStudioProjects/HMTG/entry/src/main/ets/pages/media/VideoPlayerPage.ets:56:5
 Function may throw exceptions. Special handling is required.
[39m[39m
[33m701 WARN: [33m[33mArkTS:WARN File: E:/HW/Dev/DevEcoStudioProjects/HMTG/entry/src/main/ets/pages/media/VideoPlayerPage.ets:56:18
 'showToast' has been deprecated.
[39m[39m
[33m702 WARN: [33m[33mArkTS:WARN File: E:/HW/Dev/DevEcoStudioProjects/HMTG/entry/src/main/ets/pages/media/VideoPlayerPage.ets:64:12
 'back' has been deprecated.
[39m[39m
[33m703 WARN: [33m[33mArkTS:WARN File: E:/HW/Dev/DevEcoStudioProjects/HMTG/entry/src/main/ets/pages/call/CallHistoryPage.ets:102:17
 'show' has been deprecated.
[39m[39m
[33m704 WARN: [33m[33mArkTS:WARN File: E:/HW/Dev/DevEcoStudioProjects/HMTG/entry/src/main/ets/pages/call/CallHistoryPage.ets:139:20
 'pushUrl' has been deprecated.
[39m[39m
[33m705 WARN: [33m[33mArkTS:WARN File: E:/HW/Dev/DevEcoStudioProjects/HMTG/entry/src/main/ets/pages/call/CallHistoryPage.ets:157:20
 'back' has been deprecated.
[39m[39m
[33m706 WARN: [33m[33mArkTS:WARN File: E:/HW/Dev/DevEcoStudioProjects/HMTG/entry/src/main/ets/pages/call/ActiveCallPage.ets:28:27
 'getParams' has been deprecated.
[39m[39m
[33m707 WARN: [33m[33mArkTS:WARN File: E:/HW/Dev/DevEcoStudioProjects/HMTG/entry/src/main/ets/pages/call/ActiveCallPage.ets:96:14
 'back' has been deprecated.
[39m[39m
[33m708 WARN: [33m[33mArkTS:WARN File: E:/HW/Dev/DevEcoStudioProjects/HMTG/entry/src/main/ets/pages/call/CallParticipantsPage.ets:20:27
 'getParams' has been deprecated.
[39m[39m
[33m709 WARN: [33m[33mArkTS:WARN File: E:/HW/Dev/DevEcoStudioProjects/HMTG/entry/src/main/ets/pages/call/CallParticipantsPage.ets:144:20
 'back' has been deprecated.
[39m[39m
[33m710 WARN: [33m[33mArkTS:WARN File: E:/HW/Dev/DevEcoStudioProjects/HMTG/entry/src/main/ets/pages/call/CallSettingsPage.ets:64:14
 'back' has been deprecated.
[39m[39m
[33m711 WARN: [33m[33mArkTS:WARN File: E:/HW/Dev/DevEcoStudioProjects/HMTG/entry/src/main/ets/pages/call/CallSettingsPage.ets:79:20
 'back' has been deprecated.
[39m[39m
[33m712 WARN: [33m[33mArkTS:WARN File: E:/HW/Dev/DevEcoStudioProjects/HMTG/entry/src/main/ets/pages/call/GroupCallPage.ets:27:27
 'getParams' has been deprecated.
[39m[39m
[33m713 WARN: [33m[33mArkTS:WARN File: E:/HW/Dev/DevEcoStudioProjects/HMTG/entry/src/main/ets/pages/call/GroupCallPage.ets:111:14
 'back' has been deprecated.
[39m[39m
[33m714 WARN: [33m[33mArkTS:WARN File: E:/HW/Dev/DevEcoStudioProjects/HMTG/entry/src/main/ets/pages/call/IncomingCallPage.ets:35:27
 'getParams' has been deprecated.
[39m[39m
[33m715 WARN: [33m[33mArkTS:WARN File: E:/HW/Dev/DevEcoStudioProjects/HMTG/entry/src/main/ets/pages/call/IncomingCallPage.ets:57:16
 'pushUrl' has been deprecated.
[39m[39m
[33m716 WARN: [33m[33mArkTS:WARN File: E:/HW/Dev/DevEcoStudioProjects/HMTG/entry/src/main/ets/pages/call/IncomingCallPage.ets:75:14
 'back' has been deprecated.
[39m[39m
[33m717 WARN: [33m[33mArkTS:WARN File: E:/HW/Dev/DevEcoStudioProjects/HMTG/entry/src/main/ets/pages/call/OutgoingCallPage.ets:29:27
 'getParams' has been deprecated.
[39m[39m
[33m718 WARN: [33m[33mArkTS:WARN File: E:/HW/Dev/DevEcoStudioProjects/HMTG/entry/src/main/ets/pages/call/OutgoingCallPage.ets:71:14
 'back' has been deprecated.
[39m[39m
[33m719 WARN: [33m[33mArkTS:WARN File: E:/HW/Dev/DevEcoStudioProjects/HMTG/entry/src/main/ets/pages/call/OutgoingCallPage.ets:82:16
 'replaceUrl' has been deprecated.
[39m[39m
[33m720 WARN: [33m[33mArkTS:WARN File: E:/HW/Dev/DevEcoStudioProjects/HMTG/entry/src/main/ets/pages/call/OutgoingCallPage.ets:98:14
 'back' has been deprecated.
[39m[39m
[33m721 WARN: [33m[33mArkTS:WARN File: E:/HW/Dev/DevEcoStudioProjects/HMTG/entry/src/main/ets/pages/bots/BotCommandsPage.ets:31:27
 'getParams' has been deprecated.
[39m[39m
[33m722 WARN: [33m[33mArkTS:WARN File: E:/HW/Dev/DevEcoStudioProjects/HMTG/entry/src/main/ets/pages/bots/BotGamesPage.ets:48:27
 'getParams' has been deprecated.
[39m[39m
[33m723 WARN: [33m[33mArkTS:WARN File: E:/HW/Dev/DevEcoStudioProjects/HMTG/entry/src/main/ets/pages/bots/BotGamesPage.ets:273:24
 'pushUrl' has been deprecated.
[39m[39m
[33m724 WARN: [33m[33mArkTS:WARN File: E:/HW/Dev/DevEcoStudioProjects/HMTG/entry/src/main/ets/pages/monetization/MonetizationPage.ets:37:5
 Function may throw exceptions. Special handling is required.
[39m[39m
[33m725 WARN: [33m[33mArkTS:WARN File: E:/HW/Dev/DevEcoStudioProjects/HMTG/entry/src/main/ets/pages/monetization/MonetizationPage.ets:37:12
 'pushUrl' has been deprecated.
[39m[39m
[33m726 WARN: [33m[33mArkTS:WARN File: E:/HW/Dev/DevEcoStudioProjects/HMTG/entry/src/main/ets/pages/monetization/MonetizationPage.ets:43:5
 Function may throw exceptions. Special handling is required.
[39m[39m
[33m727 WARN: [33m[33mArkTS:WARN File: E:/HW/Dev/DevEcoStudioProjects/HMTG/entry/src/main/ets/pages/monetization/MonetizationPage.ets:43:12
 'pushUrl' has been deprecated.
[39m[39m
[33m728 WARN: [33m[33mArkTS:WARN File: E:/HW/Dev/DevEcoStudioProjects/HMTG/entry/src/main/ets/pages/monetization/MonetizationPage.ets:49:5
 Function may throw exceptions. Special handling is required.
[39m[39m
[33m729 WARN: [33m[33mArkTS:WARN File: E:/HW/Dev/DevEcoStudioProjects/HMTG/entry/src/main/ets/pages/monetization/MonetizationPage.ets:49:12
 'pushUrl' has been deprecated.
[39m[39m
[33m730 WARN: [33m[33mArkTS:WARN File: E:/HW/Dev/DevEcoStudioProjects/HMTG/entry/src/main/ets/viewmodels/monetization/PremiumViewModel.ets:68:20
 'price' has been deprecated.
[39m[39m
[33m731 WARN: [33m[33mArkTS:WARN File: E:/HW/Dev/DevEcoStudioProjects/HMTG/entry/src/main/ets/pages/monetization/PremiumPage.ets:33:22
 'showToast' has been deprecated.
[39m[39m
[33m732 WARN: [33m[33mArkTS:WARN File: E:/HW/Dev/DevEcoStudioProjects/HMTG/entry/src/main/ets/pages/monetization/PremiumPage.ets:60:18
 'back' has been deprecated.
[39m[39m
[33m733 WARN: [33m[33mArkTS:WARN File: E:/HW/Dev/DevEcoStudioProjects/HMTG/entry/src/main/ets/pages/monetization/RevenuePage.ets:31:7
 Function may throw exceptions. Special handling is required.
[39m[39m
[33m734 WARN: [33m[33mArkTS:WARN File: E:/HW/Dev/DevEcoStudioProjects/HMTG/entry/src/main/ets/pages/monetization/RevenuePage.ets:31:20
 'showToast' has been deprecated.
[39m[39m
[33m735 WARN: [33m[33mArkTS:WARN File: E:/HW/Dev/DevEcoStudioProjects/HMTG/entry/src/main/ets/pages/monetization/RevenuePage.ets:90:20
 'back' has been deprecated.
[39m[39m
[33m736 WARN: [33m[33mArkTS:WARN File: E:/HW/Dev/DevEcoStudioProjects/HMTG/entry/src/main/ets/viewmodels/monetization/StarsWalletViewModel.ets:71:25
 'price' has been deprecated.
[39m[39m
[33m737 WARN: [33m[33mArkTS:WARN File: E:/HW/Dev/DevEcoStudioProjects/HMTG/entry/src/main/ets/pages/monetization/StarsShopPage.ets:33:22
 'showToast' has been deprecated.
[39m[39m
[33m738 WARN: [33m[33mArkTS:WARN File: E:/HW/Dev/DevEcoStudioProjects/HMTG/entry/src/main/ets/pages/monetization/StarsShopPage.ets:42:5
 Function may throw exceptions. Special handling is required.
[39m[39m
[33m739 WARN: [33m[33mArkTS:WARN File: E:/HW/Dev/DevEcoStudioProjects/HMTG/entry/src/main/ets/pages/monetization/StarsShopPage.ets:42:12
 'pushUrl' has been deprecated.
[39m[39m
[33m740 WARN: [33m[33mArkTS:WARN File: E:/HW/Dev/DevEcoStudioProjects/HMTG/entry/src/main/ets/pages/monetization/StarsShopPage.ets:62:18
 'back' has been deprecated.
[39m[39m
[33m741 WARN: [33m[33mArkTS:WARN File: E:/HW/Dev/DevEcoStudioProjects/HMTG/entry/src/main/ets/pages/monetization/StarsTransactionPage.ets:44:18
 'back' has been deprecated.
[39m[39m
[33m742 WARN: [33m[33mArkTS:WARN File: E:/HW/Dev/DevEcoStudioProjects/HMTG/entry/src/main/ets/pages/monetization/WithdrawalPage.ets:56:20
 'showToast' has been deprecated.
[39m[39m
[33m743 WARN: [33m[33mArkTS:WARN File: E:/HW/Dev/DevEcoStudioProjects/HMTG/entry/src/main/ets/pages/monetization/WithdrawalPage.ets:64:7
 Function may throw exceptions. Special handling is required.
[39m[39m
[33m744 WARN: [33m[33mArkTS:WARN File: E:/HW/Dev/DevEcoStudioProjects/HMTG/entry/src/main/ets/pages/monetization/WithdrawalPage.ets:64:20
 'showToast' has been deprecated.
[39m[39m
[33m745 WARN: [33m[33mArkTS:WARN File: E:/HW/Dev/DevEcoStudioProjects/HMTG/entry/src/main/ets/pages/monetization/WithdrawalPage.ets:116:20
 'back' has been deprecated.
[39m[39m
[33m746 WARN: [33m[33mArkTS:WARN File: E:/HW/Dev/DevEcoStudioProjects/HMTG/entry/src/main/ets/pages/monetization/AdsSettingsPage.ets:23:27
 'getParams' has been deprecated.
[39m[39m
[33m747 WARN: [33m[33mArkTS:WARN File: E:/HW/Dev/DevEcoStudioProjects/HMTG/entry/src/main/ets/pages/monetization/AdsSettingsPage.ets:47:20
 'showToast' has been deprecated.
[39m[39m
[33m748 WARN: [33m[33mArkTS:WARN File: E:/HW/Dev/DevEcoStudioProjects/HMTG/entry/src/main/ets/pages/monetization/AdsSettingsPage.ets:53:7
 Function may throw exceptions. Special handling is required.
[39m[39m
[33m749 WARN: [33m[33mArkTS:WARN File: E:/HW/Dev/DevEcoStudioProjects/HMTG/entry/src/main/ets/pages/monetization/AdsSettingsPage.ets:53:20
 'showToast' has been deprecated.
[39m[39m
[33m750 WARN: [33m[33mArkTS:WARN File: E:/HW/Dev/DevEcoStudioProjects/HMTG/entry/src/main/ets/pages/monetization/AdsSettingsPage.ets:99:20
 'back' has been deprecated.
[39m[39m
[33m751 WARN: [33m[33mArkTS:WARN File: E:/HW/Dev/DevEcoStudioProjects/HMTG/entry/src/main/ets/utils/privacy/NavigationHelper.ets:43:20
 'pushUrl' has been deprecated.
[39m[39m
[33m752 WARN: [33m[33mArkTS:WARN File: E:/HW/Dev/DevEcoStudioProjects/HMTG/entry/src/main/ets/utils/privacy/NavigationHelper.ets:59:14
 'back' has been deprecated.
[39m[39m
[33m753 WARN: [33m[33mArkTS:WARN File: E:/HW/Dev/DevEcoStudioProjects/HMTG/entry/src/main/ets/utils/privacy/NavigationHelper.ets:72:20
 'showToast' has been deprecated.
[39m[39m
[33m754 WARN: [33m[33mArkTS:WARN File: E:/HW/Dev/DevEcoStudioProjects/HMTG/entry/src/main/ets/utils/privacy/NavigationHelper.ets:98:20
 'showDialog' has been deprecated.
[39m[39m
[33m755 WARN: [33m[33mArkTS:WARN File: E:/HW/Dev/DevEcoStudioProjects/HMTG/entry/src/main/ets/utils/privacy/NavigationHelper.ets:128:20
 'showDialog' has been deprecated.
[39m[39m
[33m756 WARN: [33m[33mArkTS:WARN File: E:/HW/Dev/DevEcoStudioProjects/HMTG/entry/src/main/ets/utils/privacy/NavigationHelper.ets:146:21
 'getParams' has been deprecated.
[39m[39m
[33m757 WARN: [33m[33mArkTS:WARN File: E:/HW/Dev/DevEcoStudioProjects/HMTG/entry/src/main/ets/pages/privacy/SecuritySettingsPage.ets:32:7
 Function may throw exceptions. Special handling is required.
[39m[39m
[33m758 WARN: [33m[33mArkTS:WARN File: E:/HW/Dev/DevEcoStudioProjects/HMTG/entry/src/main/ets/pages/privacy/SecuritySettingsPage.ets:32:20
 'showToast' has been deprecated.
[39m[39m
[33m759 WARN: [33m[33mArkTS:WARN File: E:/HW/Dev/DevEcoStudioProjects/HMTG/entry/src/main/ets/pages/privacy/SecuritySettingsPage.ets:44:20
 'showDialog' has been deprecated.
[39m[39m
[33m760 WARN: [33m[33mArkTS:WARN File: E:/HW/Dev/DevEcoStudioProjects/HMTG/entry/src/main/ets/pages/privacy/SecuritySettingsPage.ets:56:26
 'showToast' has been deprecated.
[39m[39m
[33m761 WARN: [33m[33mArkTS:WARN File: E:/HW/Dev/DevEcoStudioProjects/HMTG/entry/src/main/ets/pages/privacy/SecuritySettingsPage.ets:77:22
 'showToast' has been deprecated.
[39m[39m
[33m762 WARN: [33m[33mArkTS:WARN File: E:/HW/Dev/DevEcoStudioProjects/HMTG/entry/src/main/ets/pages/privacy/SecuritySettingsPage.ets:94:20
 'showToast' has been deprecated.
[39m[39m
[33m763 WARN: [33m[33mArkTS:WARN File: E:/HW/Dev/DevEcoStudioProjects/HMTG/entry/src/main/ets/pages/privacy/SecuritySettingsPage.ets:100:7
 Function may throw exceptions. Special handling is required.
[39m[39m
[33m764 WARN: [33m[33mArkTS:WARN File: E:/HW/Dev/DevEcoStudioProjects/HMTG/entry/src/main/ets/pages/privacy/SecuritySettingsPage.ets:100:20
 'showToast' has been deprecated.
[39m[39m
[33m765 WARN: [33m[33mArkTS:WARN File: E:/HW/Dev/DevEcoStudioProjects/HMTG/entry/src/main/ets/pages/privacy/SecuritySettingsPage.ets:111:20
 'showToast' has been deprecated.
[39m[39m
[33m766 WARN: [33m[33mArkTS:WARN File: E:/HW/Dev/DevEcoStudioProjects/HMTG/entry/src/main/ets/pages/privacy/SecuritySettingsPage.ets:117:7
 Function may throw exceptions. Special handling is required.
[39m[39m
[33m767 WARN: [33m[33mArkTS:WARN File: E:/HW/Dev/DevEcoStudioProjects/HMTG/entry/src/main/ets/pages/privacy/SecuritySettingsPage.ets:117:20
 'showToast' has been deprecated.
[39m[39m
[33m768 WARN: [33m[33mArkTS:WARN File: E:/HW/Dev/DevEcoStudioProjects/HMTG/entry/src/main/ets/pages/privacy/SecuritySettingsPage.ets:128:20
 'showToast' has been deprecated.
[39m[39m
[33m769 WARN: [33m[33mArkTS:WARN File: E:/HW/Dev/DevEcoStudioProjects/HMTG/entry/src/main/ets/pages/privacy/SecuritySettingsPage.ets:134:7
 Function may throw exceptions. Special handling is required.
[39m[39m
[33m770 WARN: [33m[33mArkTS:WARN File: E:/HW/Dev/DevEcoStudioProjects/HMTG/entry/src/main/ets/pages/privacy/SecuritySettingsPage.ets:134:20
 'showToast' has been deprecated.
[39m[39m
[33m771 WARN: [33m[33mArkTS:WARN File: E:/HW/Dev/DevEcoStudioProjects/HMTG/entry/src/main/ets/pages/privacy/SecuritySettingsPage.ets:142:18
 'showDialog' has been deprecated.
[39m[39m
[33m772 WARN: [33m[33mArkTS:WARN File: E:/HW/Dev/DevEcoStudioProjects/HMTG/entry/src/main/ets/pages/privacy/SecuritySettingsPage.ets:154:24
 'showToast' has been deprecated.
[39m[39m
[33m773 WARN: [33m[33mArkTS:WARN File: E:/HW/Dev/DevEcoStudioProjects/HMTG/entry/src/main/ets/pages/privacy/SecuritySettingsPage.ets:197:20
 'back' has been deprecated.
[39m[39m
[33m774 WARN: [33m[33mArkTS:WARN File: E:/HW/Dev/DevEcoStudioProjects/HMTG/entry/src/main/ets/services/business/privacy/PrivacyPrefs.ets:59:11
 Function may throw exceptions. Special handling is required.
[39m[39m
[33m775 WARN: [33m[33mArkTS:WARN File: E:/HW/Dev/DevEcoStudioProjects/HMTG/entry/src/main/ets/services/business/privacy/PrivacyPrefs.ets:60:11
 Function may throw exceptions. Special handling is required.
[39m[39m
[33m776 WARN: [33m[33mArkTS:WARN File: E:/HW/Dev/DevEcoStudioProjects/HMTG/entry/src/main/ets/pages/privacy/ConsentManagementPage.ets:45:7
 Function may throw exceptions. Special handling is required.
[39m[39m
[33m777 WARN: [33m[33mArkTS:WARN File: E:/HW/Dev/DevEcoStudioProjects/HMTG/entry/src/main/ets/pages/privacy/ConsentManagementPage.ets:45:20
 'showToast' has been deprecated.
[39m[39m
[33m778 WARN: [33m[33mArkTS:WARN File: E:/HW/Dev/DevEcoStudioProjects/HMTG/entry/src/main/ets/pages/privacy/ConsentManagementPage.ets:63:7
 Function may throw exceptions. Special handling is required.
[39m[39m
[33m779 WARN: [33m[33mArkTS:WARN File: E:/HW/Dev/DevEcoStudioProjects/HMTG/entry/src/main/ets/pages/privacy/ConsentManagementPage.ets:63:20
 'showToast' has been deprecated.
[39m[39m
[33m780 WARN: [33m[33mArkTS:WARN File: E:/HW/Dev/DevEcoStudioProjects/HMTG/entry/src/main/ets/pages/privacy/ConsentManagementPage.ets:120:18
 'back' has been deprecated.
[39m[39m
[33m781 WARN: [33m[33mArkTS:WARN File: E:/HW/Dev/DevEcoStudioProjects/HMTG/entry/src/main/ets/pages/privacy/ConsentManagementPage.ets:270:14
 'pushUrl' has been deprecated.
[39m[39m
[33m782 WARN: [33m[33mArkTS:WARN File: E:/HW/Dev/DevEcoStudioProjects/HMTG/entry/src/main/ets/pages/privacy/DataManagementPage.ets:12:75
 'getContext' has been deprecated.
[39m[39m
[33m783 WARN: [33m[33mArkTS:WARN File: E:/HW/Dev/DevEcoStudioProjects/HMTG/entry/src/main/ets/pages/privacy/DataManagementPage.ets:33:7
 Function may throw exceptions. Special handling is required.
[39m[39m
[33m784 WARN: [33m[33mArkTS:WARN File: E:/HW/Dev/DevEcoStudioProjects/HMTG/entry/src/main/ets/pages/privacy/DataManagementPage.ets:33:20
 'showToast' has been deprecated.
[39m[39m
[33m785 WARN: [33m[33mArkTS:WARN File: E:/HW/Dev/DevEcoStudioProjects/HMTG/entry/src/main/ets/pages/privacy/DataManagementPage.ets:38:7
 Function may throw exceptions. Special handling is required.
[39m[39m
[33m786 WARN: [33m[33mArkTS:WARN File: E:/HW/Dev/DevEcoStudioProjects/HMTG/entry/src/main/ets/pages/privacy/DataManagementPage.ets:38:20
 'showToast' has been deprecated.
[39m[39m
[33m787 WARN: [33m[33mArkTS:WARN File: E:/HW/Dev/DevEcoStudioProjects/HMTG/entry/src/main/ets/pages/privacy/DataManagementPage.ets:47:7
 Function may throw exceptions. Special handling is required.
[39m[39m
[33m788 WARN: [33m[33mArkTS:WARN File: E:/HW/Dev/DevEcoStudioProjects/HMTG/entry/src/main/ets/pages/privacy/DataManagementPage.ets:47:20
 'showToast' has been deprecated.
[39m[39m
[33m789 WARN: [33m[33mArkTS:WARN File: E:/HW/Dev/DevEcoStudioProjects/HMTG/entry/src/main/ets/pages/privacy/DataManagementPage.ets:68:7
 Function may throw exceptions. Special handling is required.
[39m[39m
[33m790 WARN: [33m[33mArkTS:WARN File: E:/HW/Dev/DevEcoStudioProjects/HMTG/entry/src/main/ets/pages/privacy/DataManagementPage.ets:68:20
 'showToast' has been deprecated.
[39m[39m
[33m791 WARN: [33m[33mArkTS:WARN File: E:/HW/Dev/DevEcoStudioProjects/HMTG/entry/src/main/ets/pages/privacy/DataManagementPage.ets:75:7
 Function may throw exceptions. Special handling is required.
[39m[39m
[33m792 WARN: [33m[33mArkTS:WARN File: E:/HW/Dev/DevEcoStudioProjects/HMTG/entry/src/main/ets/pages/privacy/DataManagementPage.ets:75:20
 'showToast' has been deprecated.
[39m[39m
[33m793 WARN: [33m[33mArkTS:WARN File: E:/HW/Dev/DevEcoStudioProjects/HMTG/entry/src/main/ets/pages/privacy/DataManagementPage.ets:83:5
 Function may throw exceptions. Special handling is required.
[39m[39m
[33m794 WARN: [33m[33mArkTS:WARN File: E:/HW/Dev/DevEcoStudioProjects/HMTG/entry/src/main/ets/pages/privacy/DataManagementPage.ets:83:12
 'pushUrl' has been deprecated.
[39m[39m
[33m795 WARN: [33m[33mArkTS:WARN File: E:/HW/Dev/DevEcoStudioProjects/HMTG/entry/src/main/ets/pages/privacy/DataManagementPage.ets:92:5
 Function may throw exceptions. Special handling is required.
[39m[39m
[33m796 WARN: [33m[33mArkTS:WARN File: E:/HW/Dev/DevEcoStudioProjects/HMTG/entry/src/main/ets/pages/privacy/DataManagementPage.ets:92:12
 'pushUrl' has been deprecated.
[39m[39m
[33m797 WARN: [33m[33mArkTS:WARN File: E:/HW/Dev/DevEcoStudioProjects/HMTG/entry/src/main/ets/pages/privacy/DataManagementPage.ets:98:5
 Function may throw exceptions. Special handling is required.
[39m[39m
[33m798 WARN: [33m[33mArkTS:WARN File: E:/HW/Dev/DevEcoStudioProjects/HMTG/entry/src/main/ets/pages/privacy/DataManagementPage.ets:98:12
 'pushUrl' has been deprecated.
[39m[39m
[33m799 WARN: [33m[33mArkTS:WARN File: E:/HW/Dev/DevEcoStudioProjects/HMTG/entry/src/main/ets/pages/privacy/DataExportPage.ets:22:67
 'getContext' has been deprecated.
[39m[39m
[33m800 WARN: [33m[33mArkTS:WARN File: E:/HW/Dev/DevEcoStudioProjects/HMTG/entry/src/main/ets/pages/privacy/DataExportPage.ets:43:7
 Function may throw exceptions. Special handling is required.
[39m[39m
[33m801 WARN: [33m[33mArkTS:WARN File: E:/HW/Dev/DevEcoStudioProjects/HMTG/entry/src/main/ets/pages/privacy/DataExportPage.ets:43:20
 'showToast' has been deprecated.
[39m[39m
[33m802 WARN: [33m[33mArkTS:WARN File: E:/HW/Dev/DevEcoStudioProjects/HMTG/entry/src/main/ets/pages/privacy/DataExportPage.ets:94:18
 'back' has been deprecated.
[39m[39m
[33m803 WARN: [33m[33mArkTS:WARN File: E:/HW/Dev/DevEcoStudioProjects/HMTG/entry/src/main/ets/pages/privacy/DataDetailPage.ets:25:27
 'getParams' has been deprecated.
[39m[39m
[33m804 WARN: [33m[33mArkTS:WARN File: E:/HW/Dev/DevEcoStudioProjects/HMTG/entry/src/main/ets/pages/privacy/DataDetailPage.ets:43:7
 Function may throw exceptions. Special handling is required.
[39m[39m
[33m805 WARN: [33m[33mArkTS:WARN File: E:/HW/Dev/DevEcoStudioProjects/HMTG/entry/src/main/ets/pages/privacy/DataDetailPage.ets:43:20
 'showToast' has been deprecated.
[39m[39m
[33m806 WARN: [33m[33mArkTS:WARN File: E:/HW/Dev/DevEcoStudioProjects/HMTG/entry/src/main/ets/pages/privacy/DataDetailPage.ets:62:22
 'showToast' has been deprecated.
[39m[39m
[33m807 WARN: [33m[33mArkTS:WARN File: E:/HW/Dev/DevEcoStudioProjects/HMTG/entry/src/main/ets/pages/privacy/DataDetailPage.ets:68:22
 'showToast' has been deprecated.
[39m[39m
[33m808 WARN: [33m[33mArkTS:WARN File: E:/HW/Dev/DevEcoStudioProjects/HMTG/entry/src/main/ets/pages/privacy/DataDetailPage.ets:76:7
 Function may throw exceptions. Special handling is required.
[39m[39m
[33m809 WARN: [33m[33mArkTS:WARN File: E:/HW/Dev/DevEcoStudioProjects/HMTG/entry/src/main/ets/pages/privacy/DataDetailPage.ets:76:20
 'showToast' has been deprecated.
[39m[39m
[33m810 WARN: [33m[33mArkTS:WARN File: E:/HW/Dev/DevEcoStudioProjects/HMTG/entry/src/main/ets/pages/privacy/DataDetailPage.ets:130:18
 'back' has been deprecated.
[39m[39m
[33m811 WARN: [33m[33mArkTS:WARN File: E:/HW/Dev/DevEcoStudioProjects/HMTG/entry/src/main/ets/pages/privacy/DataProtectionPage.ets:33:7
 Function may throw exceptions. Special handling is required.
[39m[39m
[33m812 WARN: [33m[33mArkTS:WARN File: E:/HW/Dev/DevEcoStudioProjects/HMTG/entry/src/main/ets/pages/privacy/DataProtectionPage.ets:33:20
 'showToast' has been deprecated.
[39m[39m
[33m813 WARN: [33m[33mArkTS:WARN File: E:/HW/Dev/DevEcoStudioProjects/HMTG/entry/src/main/ets/pages/privacy/DataProtectionPage.ets:58:20
 'showToast' has been deprecated.
[39m[39m
[33m814 WARN: [33m[33mArkTS:WARN File: E:/HW/Dev/DevEcoStudioProjects/HMTG/entry/src/main/ets/pages/privacy/DataProtectionPage.ets:64:7
 Function may throw exceptions. Special handling is required.
[39m[39m
[33m815 WARN: [33m[33mArkTS:WARN File: E:/HW/Dev/DevEcoStudioProjects/HMTG/entry/src/main/ets/pages/privacy/DataProtectionPage.ets:64:20
 'showToast' has been deprecated.
[39m[39m
[33m816 WARN: [33m[33mArkTS:WARN File: E:/HW/Dev/DevEcoStudioProjects/HMTG/entry/src/main/ets/pages/privacy/DataProtectionPage.ets:72:18
 'showDialog' has been deprecated.
[39m[39m
[33m817 WARN: [33m[33mArkTS:WARN File: E:/HW/Dev/DevEcoStudioProjects/HMTG/entry/src/main/ets/pages/privacy/DataProtectionPage.ets:83:24
 'showToast' has been deprecated.
[39m[39m
[33m818 WARN: [33m[33mArkTS:WARN File: E:/HW/Dev/DevEcoStudioProjects/HMTG/entry/src/main/ets/pages/privacy/DataProtectionPage.ets:89:24
 'showToast' has been deprecated.
[39m[39m
[33m819 WARN: [33m[33mArkTS:WARN File: E:/HW/Dev/DevEcoStudioProjects/HMTG/entry/src/main/ets/pages/privacy/DataProtectionPage.ets:130:20
 'back' has been deprecated.
[39m[39m
[33m820 WARN: [33m[33mArkTS:WARN File: E:/HW/Dev/DevEcoStudioProjects/HMTG/entry/src/main/ets/pages/privacy/DataProtectionPage.ets:145:28
 'showToast' has been deprecated.
[39m[39m
[33m821 WARN: [33m[33mArkTS:WARN File: E:/HW/Dev/DevEcoStudioProjects/HMTG/entry/src/main/ets/pages/privacy/PrivacyPolicyPage.ets:123:20
 'back' has been deprecated.
[39m[39m
[33m822 WARN: [33m[33mArkTS:WARN File: E:/HW/Dev/DevEcoStudioProjects/HMTG/entry/src/main/ets/services/business/settings/SettingsSyncService.ets:113:20
 'showToast' has been deprecated.
[39m[39m
[33m823 WARN: [33m[33mArkTS:WARN File: E:/HW/Dev/DevEcoStudioProjects/HMTG/entry/src/main/ets/services/business/settings/SettingsSyncService.ets:131:20
 'showToast' has been deprecated.
[39m[39m
[33m824 WARN: [33m[33mArkTS:WARN File: E:/HW/Dev/DevEcoStudioProjects/HMTG/entry/src/main/ets/services/business/settings/SettingsSyncService.ets:149:20
 'showToast' has been deprecated.
[39m[39m
[33m825 WARN: [33m[33mArkTS:WARN File: E:/HW/Dev/DevEcoStudioProjects/HMTG/entry/src/main/ets/services/business/settings/SettingsSyncService.ets:167:20
 'showToast' has been deprecated.
[39m[39m
[33m826 WARN: [33m[33mArkTS:WARN File: E:/HW/Dev/DevEcoStudioProjects/HMTG/entry/src/main/ets/services/business/settings/SettingsSyncService.ets:185:20
 'showToast' has been deprecated.
[39m[39m
[33m827 WARN: [33m[33mArkTS:WARN File: E:/HW/Dev/DevEcoStudioProjects/HMTG/entry/src/main/ets/services/business/settings/SettingsSyncService.ets:203:20
 'showToast' has been deprecated.
[39m[39m
[33m828 WARN: [33m[33mArkTS:WARN File: E:/HW/Dev/DevEcoStudioProjects/HMTG/entry/src/main/ets/services/business/settings/SettingsSyncService.ets:221:20
 'showToast' has been deprecated.
[39m[39m
[33m829 WARN: [33m[33mArkTS:WARN File: E:/HW/Dev/DevEcoStudioProjects/HMTG/entry/src/main/ets/pages/settings/NotificationSettingsPage.ets:46:12
 'back' has been deprecated.
[39m[39m
[33m830 WARN: [33m[33mArkTS:WARN File: E:/HW/Dev/DevEcoStudioProjects/HMTG/entry/src/main/ets/pages/settings/NotificationSettingsPage.ets:67:22
 'showToast' has been deprecated.
[39m[39m
[33m831 WARN: [33m[33mArkTS:WARN File: E:/HW/Dev/DevEcoStudioProjects/HMTG/entry/src/main/ets/pages/settings/NotificationSettingsPage.ets:73:22
 'showToast' has been deprecated.
[39m[39m
[33m832 WARN: [33m[33mArkTS:WARN File: E:/HW/Dev/DevEcoStudioProjects/HMTG/entry/src/main/ets/pages/settings/NotificationSettingsPage.ets:81:7
 Function may throw exceptions. Special handling is required.
[39m[39m
[33m833 WARN: [33m[33mArkTS:WARN File: E:/HW/Dev/DevEcoStudioProjects/HMTG/entry/src/main/ets/pages/settings/NotificationSettingsPage.ets:81:20
 'showToast' has been deprecated.
[39m[39m
[33m834 WARN: [33m[33mArkTS:WARN File: E:/HW/Dev/DevEcoStudioProjects/HMTG/entry/src/main/ets/pages/settings/NotificationSettingsPage.ets:340:16
 'pushUrl' has been deprecated.
[39m[39m
[33m835 WARN: [33m[33mArkTS:WARN File: E:/HW/Dev/DevEcoStudioProjects/HMTG/entry/src/main/ets/pages/settings/NotificationSettingsPage.ets:373:16
 'pushUrl' has been deprecated.
[39m[39m
[33m836 WARN: [33m[33mArkTS:WARN File: E:/HW/Dev/DevEcoStudioProjects/HMTG/entry/src/main/ets/pages/settings/PrivacySettingsPage.ets:46:12
 'back' has been deprecated.
[39m[39m
[33m837 WARN: [33m[33mArkTS:WARN File: E:/HW/Dev/DevEcoStudioProjects/HMTG/entry/src/main/ets/pages/settings/PrivacySettingsPage.ets:76:22
 'showToast' has been deprecated.
[39m[39m
[33m838 WARN: [33m[33mArkTS:WARN File: E:/HW/Dev/DevEcoStudioProjects/HMTG/entry/src/main/ets/pages/settings/PrivacySettingsPage.ets:82:22
 'showToast' has been deprecated.
[39m[39m
[33m839 WARN: [33m[33mArkTS:WARN File: E:/HW/Dev/DevEcoStudioProjects/HMTG/entry/src/main/ets/pages/settings/PrivacySettingsPage.ets:90:7
 Function may throw exceptions. Special handling is required.
[39m[39m
[33m840 WARN: [33m[33mArkTS:WARN File: E:/HW/Dev/DevEcoStudioProjects/HMTG/entry/src/main/ets/pages/settings/PrivacySettingsPage.ets:90:20
 'showToast' has been deprecated.
[39m[39m
[33m841 WARN: [33m[33mArkTS:WARN File: E:/HW/Dev/DevEcoStudioProjects/HMTG/entry/src/main/ets/pages/settings/PrivacySettingsPage.ets:104:7
 Function may throw exceptions. Special handling is required.
[39m[39m
[33m842 WARN: [33m[33mArkTS:WARN File: E:/HW/Dev/DevEcoStudioProjects/HMTG/entry/src/main/ets/pages/settings/PrivacySettingsPage.ets:104:20
 'showToast' has been deprecated.
[39m[39m
[33m843 WARN: [33m[33mArkTS:WARN File: E:/HW/Dev/DevEcoStudioProjects/HMTG/entry/src/main/ets/pages/settings/PrivacySettingsPage.ets:403:16
 'pushUrl' has been deprecated.
[39m[39m
[33m844 WARN: [33m[33mArkTS:WARN File: E:/HW/Dev/DevEcoStudioProjects/HMTG/entry/src/main/ets/pages/settings/SecuritySettingsPage.ets:123:12
 'back' has been deprecated.
[39m[39m
[33m845 WARN: [33m[33mArkTS:WARN File: E:/HW/Dev/DevEcoStudioProjects/HMTG/entry/src/main/ets/pages/settings/SecuritySettingsPage.ets:150:20
 'showToast' has been deprecated.
[39m[39m
[33m846 WARN: [33m[33mArkTS:WARN File: E:/HW/Dev/DevEcoStudioProjects/HMTG/entry/src/main/ets/pages/settings/SecuritySettingsPage.ets:156:7
 Function may throw exceptions. Special handling is required.
[39m[39m
[33m847 WARN: [33m[33mArkTS:WARN File: E:/HW/Dev/DevEcoStudioProjects/HMTG/entry/src/main/ets/pages/settings/SecuritySettingsPage.ets:156:20
 'showToast' has been deprecated.
[39m[39m
[33m848 WARN: [33m[33mArkTS:WARN File: E:/HW/Dev/DevEcoStudioProjects/HMTG/entry/src/main/ets/pages/settings/SecuritySettingsPage.ets:190:20
 'showToast' has been deprecated.
[39m[39m
[33m849 WARN: [33m[33mArkTS:WARN File: E:/HW/Dev/DevEcoStudioProjects/HMTG/entry/src/main/ets/pages/settings/SecuritySettingsPage.ets:196:7
 Function may throw exceptions. Special handling is required.
[39m[39m
[33m850 WARN: [33m[33mArkTS:WARN File: E:/HW/Dev/DevEcoStudioProjects/HMTG/entry/src/main/ets/pages/settings/SecuritySettingsPage.ets:196:20
 'showToast' has been deprecated.
[39m[39m
[33m851 WARN: [33m[33mArkTS:WARN File: E:/HW/Dev/DevEcoStudioProjects/HMTG/entry/src/main/ets/pages/settings/SecuritySettingsPage.ets:473:16
 'pushUrl' has been deprecated.
[39m[39m
[33m852 WARN: [33m[33mArkTS:WARN File: E:/HW/Dev/DevEcoStudioProjects/HMTG/entry/src/main/ets/pages/settings/SecuritySettingsPage.ets:499:16
 'pushUrl' has been deprecated.
[39m[39m
[33m853 WARN: [33m[33mArkTS:WARN File: E:/HW/Dev/DevEcoStudioProjects/HMTG/entry/src/main/ets/pages/settings/SecuritySettingsPage.ets:525:16
 'pushUrl' has been deprecated.
[39m[39m
[33m854 WARN: [33m[33mArkTS:WARN File: E:/HW/Dev/DevEcoStudioProjects/HMTG/entry/src/main/ets/pages/settings/ChatSettingsPage.ets:63:12
 'back' has been deprecated.
[39m[39m
[33m855 WARN: [33m[33mArkTS:WARN File: E:/HW/Dev/DevEcoStudioProjects/HMTG/entry/src/main/ets/pages/settings/ChatSettingsPage.ets:110:22
 'showToast' has been deprecated.
[39m[39m
[33m856 WARN: [33m[33mArkTS:WARN File: E:/HW/Dev/DevEcoStudioProjects/HMTG/entry/src/main/ets/pages/settings/ChatSettingsPage.ets:116:22
 'showToast' has been deprecated.
[39m[39m
[33m857 WARN: [33m[33mArkTS:WARN File: E:/HW/Dev/DevEcoStudioProjects/HMTG/entry/src/main/ets/pages/settings/ChatSettingsPage.ets:124:7
 Function may throw exceptions. Special handling is required.
[39m[39m
[33m858 WARN: [33m[33mArkTS:WARN File: E:/HW/Dev/DevEcoStudioProjects/HMTG/entry/src/main/ets/pages/settings/ChatSettingsPage.ets:124:20
 'showToast' has been deprecated.
[39m[39m
[33m859 WARN: [33m[33mArkTS:WARN File: E:/HW/Dev/DevEcoStudioProjects/HMTG/entry/src/main/ets/pages/settings/ChatSettingsPage.ets:472:16
 'pushUrl' has been deprecated.
[39m[39m
[33m860 WARN: [33m[33mArkTS:WARN File: E:/HW/Dev/DevEcoStudioProjects/HMTG/entry/src/main/ets/pages/settings/AppearanceSettingsPage.ets:46:12
 'back' has been deprecated.
[39m[39m
[33m861 WARN: [33m[33mArkTS:WARN File: E:/HW/Dev/DevEcoStudioProjects/HMTG/entry/src/main/ets/pages/settings/AppearanceSettingsPage.ets:67:22
 'showToast' has been deprecated.
[39m[39m
[33m862 WARN: [33m[33mArkTS:WARN File: E:/HW/Dev/DevEcoStudioProjects/HMTG/entry/src/main/ets/pages/settings/AppearanceSettingsPage.ets:73:22
 'showToast' has been deprecated.
[39m[39m
[33m863 WARN: [33m[33mArkTS:WARN File: E:/HW/Dev/DevEcoStudioProjects/HMTG/entry/src/main/ets/pages/settings/AppearanceSettingsPage.ets:81:7
 Function may throw exceptions. Special handling is required.
[39m[39m
[33m864 WARN: [33m[33mArkTS:WARN File: E:/HW/Dev/DevEcoStudioProjects/HMTG/entry/src/main/ets/pages/settings/AppearanceSettingsPage.ets:81:20
 'showToast' has been deprecated.
[39m[39m
[33m865 WARN: [33m[33mArkTS:WARN File: E:/HW/Dev/DevEcoStudioProjects/HMTG/entry/src/main/ets/pages/settings/AppearanceSettingsPage.ets:272:16
 'pushUrl' has been deprecated.
[39m[39m
[33m866 WARN: [33m[33mArkTS:WARN File: E:/HW/Dev/DevEcoStudioProjects/HMTG/entry/src/main/ets/pages/settings/AppearanceSettingsPage.ets:487:16
 'pushUrl' has been deprecated.
[39m[39m
[33m867 WARN: [33m[33mArkTS:WARN File: E:/HW/Dev/DevEcoStudioProjects/HMTG/entry/src/main/ets/pages/settings/StorageSettingsPage.ets:148:12
 'back' has been deprecated.
[39m[39m
[33m868 WARN: [33m[33mArkTS:WARN File: E:/HW/Dev/DevEcoStudioProjects/HMTG/entry/src/main/ets/pages/settings/StorageSettingsPage.ets:176:20
 'showToast' has been deprecated.
[39m[39m
[33m869 WARN: [33m[33mArkTS:WARN File: E:/HW/Dev/DevEcoStudioProjects/HMTG/entry/src/main/ets/pages/settings/StorageSettingsPage.ets:192:7
 Function may throw exceptions. Special handling is required.
[39m[39m
[33m870 WARN: [33m[33mArkTS:WARN File: E:/HW/Dev/DevEcoStudioProjects/HMTG/entry/src/main/ets/pages/settings/StorageSettingsPage.ets:192:20
 'showToast' has been deprecated.
[39m[39m
[33m871 WARN: [33m[33mArkTS:WARN File: E:/HW/Dev/DevEcoStudioProjects/HMTG/entry/src/main/ets/pages/settings/StorageSettingsPage.ets:211:20
 'showToast' has been deprecated.
[39m[39m
[33m872 WARN: [33m[33mArkTS:WARN File: E:/HW/Dev/DevEcoStudioProjects/HMTG/entry/src/main/ets/pages/settings/StorageSettingsPage.ets:227:7
 Function may throw exceptions. Special handling is required.
[39m[39m
[33m873 WARN: [33m[33mArkTS:WARN File: E:/HW/Dev/DevEcoStudioProjects/HMTG/entry/src/main/ets/pages/settings/StorageSettingsPage.ets:227:20
 'showToast' has been deprecated.
[39m[39m
[33m874 WARN: [33m[33mArkTS:WARN File: E:/HW/Dev/DevEcoStudioProjects/HMTG/entry/src/main/ets/pages/settings/StorageSettingsPage.ets:251:22
 'showToast' has been deprecated.
[39m[39m
[33m875 WARN: [33m[33mArkTS:WARN File: E:/HW/Dev/DevEcoStudioProjects/HMTG/entry/src/main/ets/pages/settings/StorageSettingsPage.ets:257:22
 'showToast' has been deprecated.
[39m[39m
[33m876 WARN: [33m[33mArkTS:WARN File: E:/HW/Dev/DevEcoStudioProjects/HMTG/entry/src/main/ets/pages/settings/StorageSettingsPage.ets:265:7
 Function may throw exceptions. Special handling is required.
[39m[39m
[33m877 WARN: [33m[33mArkTS:WARN File: E:/HW/Dev/DevEcoStudioProjects/HMTG/entry/src/main/ets/pages/settings/StorageSettingsPage.ets:265:20
 'showToast' has been deprecated.
[39m[39m
[33m878 WARN: [33m[33mArkTS:WARN File: E:/HW/Dev/DevEcoStudioProjects/HMTG/entry/src/main/ets/pages/settings/CacheManagementPage.ets:153:12
 'back' has been deprecated.
[39m[39m
[33m879 WARN: [33m[33mArkTS:WARN File: E:/HW/Dev/DevEcoStudioProjects/HMTG/entry/src/main/ets/pages/settings/CacheManagementPage.ets:160:18
 'showDialog' has been deprecated.
[39m[39m
[33m880 WARN: [33m[33mArkTS:WARN File: E:/HW/Dev/DevEcoStudioProjects/HMTG/entry/src/main/ets/pages/settings/CacheManagementPage.ets:177:24
 'showToast' has been deprecated.
[39m[39m
[33m881 WARN: [33m[33mArkTS:WARN File: E:/HW/Dev/DevEcoStudioProjects/HMTG/entry/src/main/ets/pages/settings/CacheManagementPage.ets:188:24
 'showToast' has been deprecated.
[39m[39m
[33m882 WARN: [33m[33mArkTS:WARN File: E:/HW/Dev/DevEcoStudioProjects/HMTG/entry/src/main/ets/pages/settings/CacheManagementPage.ets:201:5
 Function may throw exceptions. Special handling is required.
[39m[39m
[33m883 WARN: [33m[33mArkTS:WARN File: E:/HW/Dev/DevEcoStudioProjects/HMTG/entry/src/main/ets/pages/settings/CacheManagementPage.ets:201:18
 'showToast' has been deprecated.
[39m[39m
[33m884 WARN: [33m[33mArkTS:WARN File: E:/HW/Dev/DevEcoStudioProjects/HMTG/entry/src/main/ets/pages/settings/CacheManagementPage.ets:212:20
 'showToast' has been deprecated.
[39m[39m
[33m885 WARN: [33m[33mArkTS:WARN File: E:/HW/Dev/DevEcoStudioProjects/HMTG/entry/src/main/ets/pages/settings/CacheManagementPage.ets:221:7
 Function may throw exceptions. Special handling is required.
[39m[39m
[33m886 WARN: [33m[33mArkTS:WARN File: E:/HW/Dev/DevEcoStudioProjects/HMTG/entry/src/main/ets/pages/settings/CacheManagementPage.ets:221:20
 'showToast' has been deprecated.
[39m[39m
[33m887 WARN: [33m[33mArkTS:WARN File: E:/HW/Dev/DevEcoStudioProjects/HMTG/entry/src/main/ets/pages/settings/CacheManagementPage.ets:232:5
 Function may throw exceptions. Special handling is required.
[39m[39m
[33m888 WARN: [33m[33mArkTS:WARN File: E:/HW/Dev/DevEcoStudioProjects/HMTG/entry/src/main/ets/pages/settings/CacheManagementPage.ets:232:18
 'showToast' has been deprecated.
[39m[39m
[33m889 WARN: [33m[33mArkTS:WARN File: E:/HW/Dev/DevEcoStudioProjects/HMTG/entry/src/main/ets/pages/settings/CacheManagementPage.ets:243:20
 'showToast' has been deprecated.
[39m[39m
[33m890 WARN: [33m[33mArkTS:WARN File: E:/HW/Dev/DevEcoStudioProjects/HMTG/entry/src/main/ets/pages/settings/CacheManagementPage.ets:252:7
 Function may throw exceptions. Special handling is required.
[39m[39m
[33m891 WARN: [33m[33mArkTS:WARN File: E:/HW/Dev/DevEcoStudioProjects/HMTG/entry/src/main/ets/pages/settings/CacheManagementPage.ets:252:20
 'showToast' has been deprecated.
[39m[39m
[33m892 WARN: [33m[33mArkTS:WARN File: E:/HW/Dev/DevEcoStudioProjects/HMTG/entry/src/main/ets/pages/settings/CacheManagementPage.ets:283:20
 'showToast' has been deprecated.
[39m[39m
[33m893 WARN: [33m[33mArkTS:WARN File: E:/HW/Dev/DevEcoStudioProjects/HMTG/entry/src/main/ets/pages/settings/CacheManagementPage.ets:289:7
 Function may throw exceptions. Special handling is required.
[39m[39m
[33m894 WARN: [33m[33mArkTS:WARN File: E:/HW/Dev/DevEcoStudioProjects/HMTG/entry/src/main/ets/pages/settings/CacheManagementPage.ets:289:20
 'showToast' has been deprecated.
[39m[39m
[33m895 WARN: [33m[33mArkTS:WARN File: E:/HW/Dev/DevEcoStudioProjects/HMTG/entry/src/main/ets/pages/settings/AdvancedSettingsPage.ets:85:12
 'back' has been deprecated.
[39m[39m
[33m896 WARN: [33m[33mArkTS:WARN File: E:/HW/Dev/DevEcoStudioProjects/HMTG/entry/src/main/ets/pages/settings/AdvancedSettingsPage.ets:110:22
 'showToast' has been deprecated.
[39m[39m
[33m897 WARN: [33m[33mArkTS:WARN File: E:/HW/Dev/DevEcoStudioProjects/HMTG/entry/src/main/ets/pages/settings/AdvancedSettingsPage.ets:116:22
 'showToast' has been deprecated.
[39m[39m
[33m898 WARN: [33m[33mArkTS:WARN File: E:/HW/Dev/DevEcoStudioProjects/HMTG/entry/src/main/ets/pages/settings/AdvancedSettingsPage.ets:124:7
 Function may throw exceptions. Special handling is required.
[39m[39m
[33m899 WARN: [33m[33mArkTS:WARN File: E:/HW/Dev/DevEcoStudioProjects/HMTG/entry/src/main/ets/pages/settings/AdvancedSettingsPage.ets:124:20
 'showToast' has been deprecated.
[39m[39m
[33m900 WARN: [33m[33mArkTS:WARN File: E:/HW/Dev/DevEcoStudioProjects/HMTG/entry/src/main/ets/pages/settings/AdvancedSettingsPage.ets:176:20
 'showToast' has been deprecated.
[39m[39m
[33m901 WARN: [33m[33mArkTS:WARN File: E:/HW/Dev/DevEcoStudioProjects/HMTG/entry/src/main/ets/pages/settings/AdvancedSettingsPage.ets:182:7
 Function may throw exceptions. Special handling is required.
[39m[39m
[33m902 WARN: [33m[33mArkTS:WARN File: E:/HW/Dev/DevEcoStudioProjects/HMTG/entry/src/main/ets/pages/settings/AdvancedSettingsPage.ets:182:20
 'showToast' has been deprecated.
[39m[39m
[33m903 WARN: [33m[33mArkTS:WARN File: E:/HW/Dev/DevEcoStudioProjects/HMTG/entry/src/main/ets/pages/settings/AdvancedSettingsPage.ets:193:18
 'showDialog' has been deprecated.
[39m[39m
[33m904 WARN: [33m[33mArkTS:WARN File: E:/HW/Dev/DevEcoStudioProjects/HMTG/entry/src/main/ets/pages/settings/AdvancedSettingsPage.ets:218:26
 'showToast' has been deprecated.
[39m[39m
[33m905 WARN: [33m[33mArkTS:WARN File: E:/HW/Dev/DevEcoStudioProjects/HMTG/entry/src/main/ets/pages/settings/AdvancedSettingsPage.ets:231:29
 'getContext' has been deprecated.
[39m[39m
[33m906 WARN: [33m[33mArkTS:WARN File: E:/HW/Dev/DevEcoStudioProjects/HMTG/entry/src/main/ets/pages/settings/AdvancedSettingsPage.ets:234:26
 'showToast' has been deprecated.
[39m[39m
[33m907 WARN: [33m[33mArkTS:WARN File: E:/HW/Dev/DevEcoStudioProjects/HMTG/entry/src/main/ets/pages/settings/AdvancedSettingsPage.ets:241:24
 'showToast' has been deprecated.
[39m[39m
[33m908 WARN: [33m[33mArkTS:WARN File: E:/HW/Dev/DevEcoStudioProjects/HMTG/entry/src/main/ets/pages/settings/AdvancedSettingsPage.ets:254:18
 'showDialog' has been deprecated.
[39m[39m
[33m909 WARN: [33m[33mArkTS:WARN File: E:/HW/Dev/DevEcoStudioProjects/HMTG/entry/src/main/ets/pages/settings/AdvancedSettingsPage.ets:270:26
 'showToast' has been deprecated.
[39m[39m
[33m910 WARN: [33m[33mArkTS:WARN File: E:/HW/Dev/DevEcoStudioProjects/HMTG/entry/src/main/ets/pages/settings/AdvancedSettingsPage.ets:278:26
 'showToast' has been deprecated.
[39m[39m
[33m911 WARN: [33m[33mArkTS:WARN File: E:/HW/Dev/DevEcoStudioProjects/HMTG/entry/src/main/ets/pages/settings/AdvancedSettingsPage.ets:285:24
 'showToast' has been deprecated.
[39m[39m
[33m912 WARN: [33m[33mArkTS:WARN File: E:/HW/Dev/DevEcoStudioProjects/HMTG/entry/src/main/ets/pages/settings/AboutPage.ets:49:12
 'back' has been deprecated.
[39m[39m
[33m913 WARN: [33m[33mArkTS:WARN File: E:/HW/Dev/DevEcoStudioProjects/HMTG/entry/src/main/ets/pages/settings/AboutPage.ets:64:20
 'showToast' has been deprecated.
[39m[39m
[33m914 WARN: [33m[33mArkTS:WARN File: E:/HW/Dev/DevEcoStudioProjects/HMTG/entry/src/main/ets/pages/settings/AboutPage.ets:70:7
 Function may throw exceptions. Special handling is required.
[39m[39m
[33m915 WARN: [33m[33mArkTS:WARN File: E:/HW/Dev/DevEcoStudioProjects/HMTG/entry/src/main/ets/pages/settings/AboutPage.ets:70:20
 'showToast' has been deprecated.
[39m[39m
[33m916 WARN: [33m[33mArkTS:WARN File: E:/HW/Dev/DevEcoStudioProjects/HMTG/entry/src/main/ets/pages/settings/AboutPage.ets:81:11
 Function may throw exceptions. Special handling is required.
[39m[39m
[33m917 WARN: [33m[33mArkTS:WARN File: E:/HW/Dev/DevEcoStudioProjects/HMTG/entry/src/main/ets/pages/settings/AboutPage.ets:81:18
 'pushUrl' has been deprecated.
[39m[39m
[33m918 WARN: [33m[33mArkTS:WARN File: E:/HW/Dev/DevEcoStudioProjects/HMTG/entry/src/main/ets/pages/settings/AboutPage.ets:90:11
 Function may throw exceptions. Special handling is required.
[39m[39m
[33m919 WARN: [33m[33mArkTS:WARN File: E:/HW/Dev/DevEcoStudioProjects/HMTG/entry/src/main/ets/pages/settings/AboutPage.ets:90:18
 'pushUrl' has been deprecated.
[39m[39m
[33m920 WARN: [33m[33mArkTS:WARN File: E:/HW/Dev/DevEcoStudioProjects/HMTG/entry/src/main/ets/pages/settings/AboutPage.ets:103:20
 'showToast' has been deprecated.
[39m[39m
[33m921 WARN: [33m[33mArkTS:WARN File: E:/HW/Dev/DevEcoStudioProjects/HMTG/entry/src/main/ets/pages/settings/AboutPage.ets:109:23
 'getContext' has been deprecated.
[39m[39m
[33m922 WARN: [33m[33mArkTS:WARN File: E:/HW/Dev/DevEcoStudioProjects/HMTG/entry/src/main/ets/pages/settings/AboutPage.ets:120:7
 Function may throw exceptions. Special handling is required.
[39m[39m
[33m923 WARN: [33m[33mArkTS:WARN File: E:/HW/Dev/DevEcoStudioProjects/HMTG/entry/src/main/ets/pages/settings/AboutPage.ets:120:20
 'showToast' has been deprecated.
[39m[39m
[33m924 WARN: [33m[33mArkTS:WARN File: E:/HW/Dev/DevEcoStudioProjects/HMTG/entry/src/main/ets/pages/settings/AboutPage.ets:133:20
 'showToast' has been deprecated.
[39m[39m
[33m925 WARN: [33m[33mArkTS:WARN File: E:/HW/Dev/DevEcoStudioProjects/HMTG/entry/src/main/ets/pages/settings/AboutPage.ets:145:30
 'showDialog' has been deprecated.
[39m[39m
[33m926 WARN: [33m[33mArkTS:WARN File: E:/HW/Dev/DevEcoStudioProjects/HMTG/entry/src/main/ets/pages/settings/AboutPage.ets:163:24
 'showToast' has been deprecated.
[39m[39m
[33m927 WARN: [33m[33mArkTS:WARN File: E:/HW/Dev/DevEcoStudioProjects/HMTG/entry/src/main/ets/pages/settings/AboutPage.ets:169:22
 'showToast' has been deprecated.
[39m[39m
[33m928 WARN: [33m[33mArkTS:WARN File: E:/HW/Dev/DevEcoStudioProjects/HMTG/entry/src/main/ets/pages/settings/AboutPage.ets:176:7
 Function may throw exceptions. Special handling is required.
[39m[39m
[33m929 WARN: [33m[33mArkTS:WARN File: E:/HW/Dev/DevEcoStudioProjects/HMTG/entry/src/main/ets/pages/settings/AboutPage.ets:176:20
 'showToast' has been deprecated.
[39m[39m
[33m930 WARN: [33m[33mArkTS:WARN File: E:/HW/Dev/DevEcoStudioProjects/HMTG/entry/src/main/ets/pages/settings/AboutPage.ets:234:20
 'showToast' has been deprecated.
[39m[39m
[33m931 WARN: [33m[33mArkTS:WARN File: E:/HW/Dev/DevEcoStudioProjects/HMTG/entry/src/main/ets/pages/settings/AboutPage.ets:246:7
 Function may throw exceptions. Special handling is required.
[39m[39m
[33m932 WARN: [33m[33mArkTS:WARN File: E:/HW/Dev/DevEcoStudioProjects/HMTG/entry/src/main/ets/pages/settings/AboutPage.ets:246:20
 'showToast' has been deprecated.
[39m[39m
[33m933 WARN: [33m[33mArkTS:WARN File: E:/HW/Dev/DevEcoStudioProjects/HMTG/entry/src/main/ets/pages/settings/LanguageSelectPage.ets:67:23
 'getContext' has been deprecated.
[39m[39m
[33m934 WARN: [33m[33mArkTS:WARN File: E:/HW/Dev/DevEcoStudioProjects/HMTG/entry/src/main/ets/pages/settings/LanguageSelectPage.ets:127:16
 'back' has been deprecated.
[39m[39m
[33m935 WARN: [33m[33mArkTS:WARN File: E:/HW/Dev/DevEcoStudioProjects/HMTG/entry/src/main/ets/pages/settings/LanguageSelectPage.ets:206:22
 'back' has been deprecated.
[39m[39m
[33m936 WARN: [33m[33mArkTS:WARN File: E:/HW/Dev/DevEcoStudioProjects/HMTG/entry/src/main/ets/pages/settings/DonatePage.ets:118:16
 'pushUrl' has been deprecated.
[39m[39m
[33m937 WARN: [33m[33mArkTS:WARN File: E:/HW/Dev/DevEcoStudioProjects/HMTG/entry/src/main/ets/pages/settings/DonatePage.ets:135:29
 'back' has been deprecated.
[39m[39m
[33m938 WARN: [33m[33mArkTS:WARN File: E:/HW/Dev/DevEcoStudioProjects/HMTG/entry/src/main/ets/pages/stickers/StickerPackPage.ets:42:43
 'getParams' has been deprecated.
[39m[39m
[33m939 WARN: [33m[33mArkTS:WARN File: E:/HW/Dev/DevEcoStudioProjects/HMTG/entry/src/main/ets/pages/stickers/StickerPackPage.ets:75:18
 'back' has been deprecated.
[39m[39m
[33m940 WARN: [33m[33mArkTS:WARN File: E:/HW/Dev/DevEcoStudioProjects/HMTG/entry/src/main/ets/pages/stickers/StickerPickerPage.ets:34:27
 'getParams' has been deprecated.
[39m[39m
[33m941 WARN: [33m[33mArkTS:WARN File: E:/HW/Dev/DevEcoStudioProjects/HMTG/entry/src/main/ets/pages/stickers/StickerPickerPage.ets:52:12
 'back' has been deprecated.
[39m[39m
[33m942 WARN: [33m[33mArkTS:WARN File: E:/HW/Dev/DevEcoStudioProjects/HMTG/entry/src/main/ets/pages/stickers/StickerPickerPage.ets:62:16
 'back' has been deprecated.
[39m[39m
[33m943 WARN: [33m[33mArkTS:WARN File: E:/HW/Dev/DevEcoStudioProjects/HMTG/entry/src/main/ets/pages/stickers/StickerPickerPage.ets:80:14
 'back' has been deprecated.
[39m[39m
[33m944 WARN: [33m[33mArkTS:WARN File: E:/HW/Dev/DevEcoStudioProjects/HMTG/entry/src/main/ets/pages/stories/StoryCameraPage.ets:112:30
 'showToast' has been deprecated.
[39m[39m
[33m945 WARN: [33m[33mArkTS:WARN File: E:/HW/Dev/DevEcoStudioProjects/HMTG/entry/src/main/ets/pages/stories/StoryCameraPage.ets:212:52
 'getContext' has been deprecated.
[39m[39m
[33m946 WARN: [33m[33mArkTS:WARN File: E:/HW/Dev/DevEcoStudioProjects/HMTG/entry/src/main/ets/pages/stories/StoryCameraPage.ets:216:22
 'showToast' has been deprecated.
[39m[39m
[33m947 WARN: [33m[33mArkTS:WARN File: E:/HW/Dev/DevEcoStudioProjects/HMTG/entry/src/main/ets/pages/stories/StoryCameraPage.ets:226:7
 Function may throw exceptions. Special handling is required.
[39m[39m
[33m948 WARN: [33m[33mArkTS:WARN File: E:/HW/Dev/DevEcoStudioProjects/HMTG/entry/src/main/ets/pages/stories/StoryCameraPage.ets:226:20
 'showToast' has been deprecated.
[39m[39m
[33m949 WARN: [33m[33mArkTS:WARN File: E:/HW/Dev/DevEcoStudioProjects/HMTG/entry/src/main/ets/pages/stories/StoryCameraPage.ets:244:54
 'createCaptureSession' has been deprecated.
[39m[39m
[33m950 WARN: [33m[33mArkTS:WARN File: E:/HW/Dev/DevEcoStudioProjects/HMTG/entry/src/main/ets/pages/stories/StoryCameraPage.ets:246:33
 'beginConfig' has been deprecated.
[39m[39m
[33m951 WARN: [33m[33mArkTS:WARN File: E:/HW/Dev/DevEcoStudioProjects/HMTG/entry/src/main/ets/pages/stories/StoryCameraPage.ets:247:33
 'addInput' has been deprecated.
[39m[39m
[33m952 WARN: [33m[33mArkTS:WARN File: E:/HW/Dev/DevEcoStudioProjects/HMTG/entry/src/main/ets/pages/stories/StoryCameraPage.ets:248:33
 'addOutput' has been deprecated.
[39m[39m
[33m953 WARN: [33m[33mArkTS:WARN File: E:/HW/Dev/DevEcoStudioProjects/HMTG/entry/src/main/ets/pages/stories/StoryCameraPage.ets:249:33
 'commitConfig' has been deprecated.
[39m[39m
[33m954 WARN: [33m[33mArkTS:WARN File: E:/HW/Dev/DevEcoStudioProjects/HMTG/entry/src/main/ets/pages/stories/StoryCameraPage.ets:250:33
 'start' has been deprecated.
[39m[39m
[33m955 WARN: [33m[33mArkTS:WARN File: E:/HW/Dev/DevEcoStudioProjects/HMTG/entry/src/main/ets/pages/stories/StoryCameraPage.ets:296:20
 'showToast' has been deprecated.
[39m[39m
[33m956 WARN: [33m[33mArkTS:WARN File: E:/HW/Dev/DevEcoStudioProjects/HMTG/entry/src/main/ets/pages/stories/StoryCameraPage.ets:318:20
 'showToast' has been deprecated.
[39m[39m
[33m957 WARN: [33m[33mArkTS:WARN File: E:/HW/Dev/DevEcoStudioProjects/HMTG/entry/src/main/ets/pages/stories/StoryCameraPage.ets:335:23
 'getContext' has been deprecated.
[39m[39m
[33m958 WARN: [33m[33mArkTS:WARN File: E:/HW/Dev/DevEcoStudioProjects/HMTG/entry/src/main/ets/pages/stories/StoryCameraPage.ets:343:22
 'showToast' has been deprecated.
[39m[39m
[33m959 WARN: [33m[33mArkTS:WARN File: E:/HW/Dev/DevEcoStudioProjects/HMTG/entry/src/main/ets/pages/stories/StoryCameraPage.ets:384:35
 'stop' has been deprecated.
[39m[39m
[33m960 WARN: [33m[33mArkTS:WARN File: E:/HW/Dev/DevEcoStudioProjects/HMTG/entry/src/main/ets/pages/stories/StoryCameraPage.ets:385:35
 'release' has been deprecated.
[39m[39m
[33m961 WARN: [33m[33mArkTS:WARN File: E:/HW/Dev/DevEcoStudioProjects/HMTG/entry/src/main/ets/pages/stories/StoryEditorPage.ets:30:27
 'getParams' has been deprecated.
[39m[39m
[33m962 WARN: [33m[33mArkTS:WARN File: E:/HW/Dev/DevEcoStudioProjects/HMTG/entry/src/main/ets/pages/stories/StoryEditorPage.ets:86:7
 Function may throw exceptions. Special handling is required.
[39m[39m
[33m963 WARN: [33m[33mArkTS:WARN File: E:/HW/Dev/DevEcoStudioProjects/HMTG/entry/src/main/ets/pages/stories/StoryEditorPage.ets:86:20
 'showToast' has been deprecated.
[39m[39m
[33m964 WARN: [33m[33mArkTS:WARN File: E:/HW/Dev/DevEcoStudioProjects/HMTG/entry/src/main/ets/pages/stories/StoryEditorPage.ets:108:16
 'back' has been deprecated.
[39m[39m
[33m965 WARN: [33m[33mArkTS:WARN File: E:/HW/Dev/DevEcoStudioProjects/HMTG/entry/src/main/ets/pages/stories/StoryEditorPage.ets:112:7
 Function may throw exceptions. Special handling is required.
[39m[39m
[33m966 WARN: [33m[33mArkTS:WARN File: E:/HW/Dev/DevEcoStudioProjects/HMTG/entry/src/main/ets/pages/stories/StoryEditorPage.ets:112:20
 'showToast' has been deprecated.
[39m[39m
[33m967 WARN: [33m[33mArkTS:WARN File: E:/HW/Dev/DevEcoStudioProjects/HMTG/entry/src/main/ets/pages/stories/StoryEditorPage.ets:122:12
 'back' has been deprecated.
[39m[39m
[33m968 WARN: [33m[33mArkTS:WARN File: E:/HW/Dev/DevEcoStudioProjects/HMTG/entry/src/main/ets/pages/stories/StoryReactionsPage.ets:24:27
 'getParams' has been deprecated.
[39m[39m
[33m969 WARN: [33m[33mArkTS:WARN File: E:/HW/Dev/DevEcoStudioProjects/HMTG/entry/src/main/ets/pages/stories/StoryReactionsPage.ets:43:7
 Function may throw exceptions. Special handling is required.
[39m[39m
[33m970 WARN: [33m[33mArkTS:WARN File: E:/HW/Dev/DevEcoStudioProjects/HMTG/entry/src/main/ets/pages/stories/StoryReactionsPage.ets:43:20
 'showToast' has been deprecated.
[39m[39m
[33m971 WARN: [33m[33mArkTS:WARN File: E:/HW/Dev/DevEcoStudioProjects/HMTG/entry/src/main/ets/pages/stories/StoryReactionsPage.ets:116:20
 'back' has been deprecated.
[39m[39m
[33m972 WARN: [33m[33mArkTS:WARN File: E:/HW/Dev/DevEcoStudioProjects/HMTG/entry/src/main/ets/pages/stories/StoryRepliesPage.ets:25:27
 'getParams' has been deprecated.
[39m[39m
[33m973 WARN: [33m[33mArkTS:WARN File: E:/HW/Dev/DevEcoStudioProjects/HMTG/entry/src/main/ets/pages/stories/StoryRepliesPage.ets:54:7
 Function may throw exceptions. Special handling is required.
[39m[39m
[33m974 WARN: [33m[33mArkTS:WARN File: E:/HW/Dev/DevEcoStudioProjects/HMTG/entry/src/main/ets/pages/stories/StoryRepliesPage.ets:54:20
 'showToast' has been deprecated.
[39m[39m
[33m975 WARN: [33m[33mArkTS:WARN File: E:/HW/Dev/DevEcoStudioProjects/HMTG/entry/src/main/ets/pages/stories/StoryRepliesPage.ets:65:7
 Function may throw exceptions. Special handling is required.
[39m[39m
[33m976 WARN: [33m[33mArkTS:WARN File: E:/HW/Dev/DevEcoStudioProjects/HMTG/entry/src/main/ets/pages/stories/StoryRepliesPage.ets:65:20
 'showToast' has been deprecated.
[39m[39m
[33m977 WARN: [33m[33mArkTS:WARN File: E:/HW/Dev/DevEcoStudioProjects/HMTG/entry/src/main/ets/pages/stories/StoryRepliesPage.ets:95:20
 'showToast' has been deprecated.
[39m[39m
[33m978 WARN: [33m[33mArkTS:WARN File: E:/HW/Dev/DevEcoStudioProjects/HMTG/entry/src/main/ets/pages/stories/StoryRepliesPage.ets:101:7
 Function may throw exceptions. Special handling is required.
[39m[39m
[33m979 WARN: [33m[33mArkTS:WARN File: E:/HW/Dev/DevEcoStudioProjects/HMTG/entry/src/main/ets/pages/stories/StoryRepliesPage.ets:101:20
 'showToast' has been deprecated.
[39m[39m
[33m980 WARN: [33m[33mArkTS:WARN File: E:/HW/Dev/DevEcoStudioProjects/HMTG/entry/src/main/ets/pages/stories/StoryRepliesPage.ets:144:18
 'back' has been deprecated.
[39m[39m
[33m981 WARN: [33m[33mArkTS:WARN File: E:/HW/Dev/DevEcoStudioProjects/HMTG/entry/src/main/ets/pages/stories/StoryRepliesPage.ets:227:28
 'showToast' has been deprecated.
[39m[39m
[33m982 WARN: [33m[33mArkTS:WARN File: E:/HW/Dev/DevEcoStudioProjects/HMTG/entry/src/main/ets/pages/stories/StorySettingsPage.ets:69:20
 'showToast' has been deprecated.
[39m[39m
[33m983 WARN: [33m[33mArkTS:WARN File: E:/HW/Dev/DevEcoStudioProjects/HMTG/entry/src/main/ets/pages/stories/StorySettingsPage.ets:75:7
 Function may throw exceptions. Special handling is required.
[39m[39m
[33m984 WARN: [33m[33mArkTS:WARN File: E:/HW/Dev/DevEcoStudioProjects/HMTG/entry/src/main/ets/pages/stories/StorySettingsPage.ets:75:20
 'showToast' has been deprecated.
[39m[39m
[33m985 WARN: [33m[33mArkTS:WARN File: E:/HW/Dev/DevEcoStudioProjects/HMTG/entry/src/main/ets/pages/stories/StorySettingsPage.ets:86:20
 'showToast' has been deprecated.
[39m[39m
[33m986 WARN: [33m[33mArkTS:WARN File: E:/HW/Dev/DevEcoStudioProjects/HMTG/entry/src/main/ets/pages/stories/StorySettingsPage.ets:92:7
 Function may throw exceptions. Special handling is required.
[39m[39m
[33m987 WARN: [33m[33mArkTS:WARN File: E:/HW/Dev/DevEcoStudioProjects/HMTG/entry/src/main/ets/pages/stories/StorySettingsPage.ets:92:20
 'showToast' has been deprecated.
[39m[39m
[33m988 WARN: [33m[33mArkTS:WARN File: E:/HW/Dev/DevEcoStudioProjects/HMTG/entry/src/main/ets/pages/stories/StorySettingsPage.ets:107:20
 'back' has been deprecated.
[39m[39m
[33m989 WARN: [33m[33mArkTS:WARN File: E:/HW/Dev/DevEcoStudioProjects/HMTG/entry/src/main/ets/pages/stories/StorySettingsPage.ets:293:26
 'showToast' has been deprecated.
[39m[39m
[33m990 WARN: [33m[33mArkTS:WARN File: E:/HW/Dev/DevEcoStudioProjects/HMTG/entry/src/main/ets/pages/stories/StorySettingsPage.ets:327:26
 'showToast' has been deprecated.
[39m[39m
[33m991 WARN: [33m[33mArkTS:WARN File: E:/HW/Dev/DevEcoStudioProjects/HMTG/entry/src/main/ets/pages/stories/StoryViewerPage.ets:253:22
 'showToast' has been deprecated.
[39m[39m
[33m992 WARN: [33m[33mArkTS:WARN File: E:/HW/Dev/DevEcoStudioProjects/HMTG/entry/src/main/ets/pages/stories/StoryViewerPage.ets:265:7
 Function may throw exceptions. Special handling is required.
[39m[39m
[33m993 WARN: [33m[33mArkTS:WARN File: E:/HW/Dev/DevEcoStudioProjects/HMTG/entry/src/main/ets/pages/stories/StoryViewerPage.ets:265:20
 'showToast' has been deprecated.
[39m[39m
[33m994 WARN: [33m[33mArkTS:WARN File: E:/HW/Dev/DevEcoStudioProjects/HMTG/entry/src/main/ets/workers/TdlibWorker.ets:178:9
 Function may throw exceptions. Special handling is required.
[39m[39m
[33m995 WARN: [33m[33mArkTS:WARN File: E:/HW/Dev/DevEcoStudioProjects/HMTG/entry/src/main/ets/workers/TdlibWorker.ets:189:9
 Function may throw exceptions. Special handling is required.
[39m[39m
[33m996 WARN: [33m[33mArkTS:WARN File: E:/HW/Dev/DevEcoStudioProjects/HMTG/entry/src/main/ets/workers/TdlibWorker.ets:210:5
 Function may throw exceptions. Special handling is required.
[39m[39m
[33m997 WARN: [33m[33mArkTS:WARN File: E:/HW/Dev/DevEcoStudioProjects/HMTG/entry/src/main/ets/workers/TdlibWorker.ets:228:3
 Function may throw exceptions. Special handling is required.
[39m[39m
[33m998 WARN: [33m[33mArkTS:WARN File: E:/HW/Dev/DevEcoStudioProjects/HMTG/entry/src/main/ets/workers/TdlibWorker.ets:309:3
 Function may throw exceptions. Special handling is required.
[39m[39m
[33m999 WARN: [33m[33mArkTS:WARN File: E:/HW/Dev/DevEcoStudioProjects/HMTG/entry/src/main/ets/workers/TdlibWorker.ets:385:5
 Function may throw exceptions. Special handling is required.
[39m[39m
[33m1000 WARN: [33mArkTS:WARN File: E:/HW/Dev/DevEcoStudioProjects/HMTG/entry/src/main/ets/pages/Index.ets:8:1
 It's not a recommended way to export struct with '@Entry' decorator, which may cause ACE Engine error in component preview mode.[39m[39m
[33m1001 WARN: [33mArkTS:WARN File: E:/HW/Dev/DevEcoStudioProjects/HMTG/entry/src/main/ets/pages/SplashPage.ets:8:1
 It's not a recommended way to export struct with '@Entry' decorator, which may cause ACE Engine error in component preview mode.[39m[39m
[33m1002 WARN: [33mArkTS:WARN File: E:/HW/Dev/DevEcoStudioProjects/HMTG/entry/src/main/ets/pages/MainTabContainer.ets:39:1
 It's not a recommended way to export struct with '@Entry' decorator, which may cause ACE Engine error in component preview mode.[39m[39m
[33m1003 WARN: [33mArkTS:WARN File: E:/HW/Dev/DevEcoStudioProjects/HMTG/entry/src/main/ets/pages/auth/AuthPhonePage.ets:46:1
 It's not a recommended way to export struct with '@Entry' decorator, which may cause ACE Engine error in component preview mode.[39m[39m
[33m1004 WARN: [33mArkTS:WARN File: E:/HW/Dev/DevEcoStudioProjects/HMTG/entry/src/main/ets/pages/auth/AuthQrCodePage.ets:43:1
 It's not a recommended way to export struct with '@Entry' decorator, which may cause ACE Engine error in component preview mode.[39m[39m
[33m1005 WARN: [33mArkTS:WARN File: E:/HW/Dev/DevEcoStudioProjects/HMTG/entry/src/main/ets/pages/auth/AuthBotTokenPage.ets:34:1
 It's not a recommended way to export struct with '@Entry' decorator, which may cause ACE Engine error in component preview mode.[39m[39m
[33m1006 WARN: [33mArkTS:WARN File: E:/HW/Dev/DevEcoStudioProjects/HMTG/entry/src/main/ets/pages/auth/AuthPasswordPage.ets:47:1
 It's not a recommended way to export struct with '@Entry' decorator, which may cause ACE Engine error in component preview mode.[39m[39m
[33m1007 WARN: [33mArkTS:WARN File: E:/HW/Dev/DevEcoStudioProjects/HMTG/entry/src/main/ets/pages/auth/AuthRegisterPage.ets:43:1
 It's not a recommended way to export struct with '@Entry' decorator, which may cause ACE Engine error in component preview mode.[39m[39m
[33m1008 WARN: [33mArkTS:WARN File: E:/HW/Dev/DevEcoStudioProjects/HMTG/entry/src/main/ets/pages/auth/WelcomePage.ets:28:1
 It's not a recommended way to export struct with '@Entry' decorator, which may cause ACE Engine error in component preview mode.[39m[39m
[33m1009 WARN: [33mArkTS:WARN File: E:/HW/Dev/DevEcoStudioProjects/HMTG/entry/src/main/ets/pages/chat/ChatInfoPage.ets:56:1
 It's not a recommended way to export struct with '@Entry' decorator, which may cause ACE Engine error in component preview mode.[39m[39m
[33m1010 WARN: [33mArkTS:WARN File: E:/HW/Dev/DevEcoStudioProjects/HMTG/entry/src/main/ets/pages/chat/ChatListPage.ets:56:1
 It's not a recommended way to export struct with '@Entry' decorator, which may cause ACE Engine error in component preview mode.[39m[39m
[33m1011 WARN: [33mArkTS:WARN File: E:/HW/Dev/DevEcoStudioProjects/HMTG/entry/src/main/ets/pages/common/ChatPage.ets:50:1
 It's not a recommended way to export struct with '@Entry' decorator, which may cause ACE Engine error in component preview mode.[39m[39m
[33m1012 WARN: [33mArkTS:WARN File: E:/HW/Dev/DevEcoStudioProjects/HMTG/entry/src/main/ets/pages/chat/PinnedMessagesPage.ets:51:1
 It's not a recommended way to export struct with '@Entry' decorator, which may cause ACE Engine error in component preview mode.[39m[39m
[33m1013 WARN: [33mArkTS:WARN File: E:/HW/Dev/DevEcoStudioProjects/HMTG/entry/src/main/ets/pages/chat/SecretChatDetailPage.ets:51:1
 It's not a recommended way to export struct with '@Entry' decorator, which may cause ACE Engine error in component preview mode.[39m[39m
[33m1014 WARN: [33mArkTS:WARN File: E:/HW/Dev/DevEcoStudioProjects/HMTG/entry/src/main/ets/pages/chat/SharedMediaPage.ets:78:1
 It's not a recommended way to export struct with '@Entry' decorator, which may cause ACE Engine error in component preview mode.[39m[39m
[33m1015 WARN: [33mArkTS:WARN File: E:/HW/Dev/DevEcoStudioProjects/HMTG/entry/src/main/ets/pages/contacts/ContactListPage.ets:91:1
 It's not a recommended way to export struct with '@Entry' decorator, which may cause ACE Engine error in component preview mode.[39m[39m
[33m1016 WARN: [33mArkTS:WARN File: E:/HW/Dev/DevEcoStudioProjects/HMTG/entry/src/main/ets/pages/contacts/NewContactPage.ets:28:1
 It's not a recommended way to export struct with '@Entry' decorator, which may cause ACE Engine error in component preview mode.[39m[39m
[33m1017 WARN: [33mArkTS:WARN File: E:/HW/Dev/DevEcoStudioProjects/HMTG/entry/src/main/ets/pages/contacts/InviteFriendsPage.ets:29:1
 It's not a recommended way to export struct with '@Entry' decorator, which may cause ACE Engine error in component preview mode.[39m[39m
[33m1018 WARN: [33mArkTS:WARN File: E:/HW/Dev/DevEcoStudioProjects/HMTG/entry/src/main/ets/pages/contacts/ContactSearchPage.ets:31:1
 It's not a recommended way to export struct with '@Entry' decorator, which may cause ACE Engine error in component preview mode.[39m[39m
[33m1019 WARN: [33mArkTS:WARN File: E:/HW/Dev/DevEcoStudioProjects/HMTG/entry/src/main/ets/pages/contacts/ContactDetailPage.ets:30:1
 It's not a recommended way to export struct with '@Entry' decorator, which may cause ACE Engine error in component preview mode.[39m[39m
[33m1020 WARN: [33mArkTS:WARN File: E:/HW/Dev/DevEcoStudioProjects/HMTG/entry/src/main/ets/pages/media/MediaGalleryPage.ets:15:1
 It's not a recommended way to export struct with '@Entry' decorator, which may cause ACE Engine error in component preview mode.[39m[39m
[33m1021 WARN: [33mArkTS:WARN File: E:/HW/Dev/DevEcoStudioProjects/HMTG/entry/src/main/ets/pages/media/MediaViewerPage.ets:24:1
 It's not a recommended way to export struct with '@Entry' decorator, which may cause ACE Engine error in component preview mode.[39m[39m
[33m1022 WARN: [33mArkTS:WARN File: E:/HW/Dev/DevEcoStudioProjects/HMTG/entry/src/main/ets/pages/media/MediaPickerPage.ets:15:1
 It's not a recommended way to export struct with '@Entry' decorator, which may cause ACE Engine error in component preview mode.[39m[39m
[33m1023 WARN: [33mArkTS:WARN File: E:/HW/Dev/DevEcoStudioProjects/HMTG/entry/src/main/ets/pages/media/ImageEditorPage.ets:18:1
 It's not a recommended way to export struct with '@Entry' decorator, which may cause ACE Engine error in component preview mode.[39m[39m
[33m1024 WARN: [33mArkTS:WARN File: E:/HW/Dev/DevEcoStudioProjects/HMTG/entry/src/main/ets/pages/media/VideoPlayerPage.ets:16:1
 It's not a recommended way to export struct with '@Entry' decorator, which may cause ACE Engine error in component preview mode.[39m[39m
[33m1025 WARN: [33mArkTS:WARN File: E:/HW/Dev/DevEcoStudioProjects/HMTG/entry/src/main/ets/pages/bots/BotCommandsPage.ets:19:1
 It's not a recommended way to export struct with '@Entry' decorator, which may cause ACE Engine error in component preview mode.[39m[39m
[33m1026 WARN: [33mArkTS:WARN File: E:/HW/Dev/DevEcoStudioProjects/HMTG/entry/src/main/ets/pages/monetization/MonetizationPage.ets:11:1
 It's not a recommended way to export struct with '@Entry' decorator, which may cause ACE Engine error in component preview mode.[39m[39m
[33m1027 WARN: [33mArkTS:WARN File: E:/HW/Dev/DevEcoStudioProjects/HMTG/entry/src/main/ets/pages/bots/BotGamesPage.ets:39:1
 It's not a recommended way to export struct with '@Entry' decorator, which may cause ACE Engine error in component preview mode.[39m[39m
[33m1028 WARN: [33mArkTS:WARN File: E:/HW/Dev/DevEcoStudioProjects/HMTG/entry/src/main/ets/pages/monetization/RevenuePage.ets:10:1
 It's not a recommended way to export struct with '@Entry' decorator, which may cause ACE Engine error in component preview mode.[39m[39m
[33m1029 WARN: [33mArkTS:WARN File: E:/HW/Dev/DevEcoStudioProjects/HMTG/entry/src/main/ets/pages/monetization/WithdrawalPage.ets:11:1
 It's not a recommended way to export struct with '@Entry' decorator, which may cause ACE Engine error in component preview mode.[39m[39m
[33m1030 WARN: [33mArkTS:WARN File: E:/HW/Dev/DevEcoStudioProjects/HMTG/entry/src/main/ets/pages/monetization/AdsSettingsPage.ets:11:1
 It's not a recommended way to export struct with '@Entry' decorator, which may cause ACE Engine error in component preview mode.[39m[39m
[33m1031 WARN: [33mArkTS:WARN File: E:/HW/Dev/DevEcoStudioProjects/HMTG/entry/src/main/ets/pages/privacy/PrivacySettingsPage.ets:8:1
 It's not a recommended way to export struct with '@Entry' decorator, which may cause ACE Engine error in component preview mode.[39m[39m
[33m1032 WARN: [33mArkTS:WARN File: E:/HW/Dev/DevEcoStudioProjects/HMTG/entry/src/main/ets/pages/privacy/SecuritySettingsPage.ets:11:1
 It's not a recommended way to export struct with '@Entry' decorator, which may cause ACE Engine error in component preview mode.[39m[39m
[33m1033 WARN: [33mArkTS:WARN File: E:/HW/Dev/DevEcoStudioProjects/HMTG/entry/src/main/ets/pages/privacy/DataProtectionPage.ets:11:1
 It's not a recommended way to export struct with '@Entry' decorator, which may cause ACE Engine error in component preview mode.[39m[39m
[33m1034 WARN: [33mArkTS:WARN File: E:/HW/Dev/DevEcoStudioProjects/HMTG/entry/src/main/ets/pages/settings/NotificationSettingsPage.ets:29:1
 It's not a recommended way to export struct with '@Entry' decorator, which may cause ACE Engine error in component preview mode.[39m[39m
[33m1035 WARN: [33mArkTS:WARN File: E:/HW/Dev/DevEcoStudioProjects/HMTG/entry/src/main/ets/pages/settings/SettingsPage.ets:49:1
 It's not a recommended way to export struct with '@Entry' decorator, which may cause ACE Engine error in component preview mode.[39m[39m
[33m1036 WARN: [33mArkTS:WARN File: E:/HW/Dev/DevEcoStudioProjects/HMTG/entry/src/main/ets/pages/settings/PrivacySettingsPage.ets:31:1
 It's not a recommended way to export struct with '@Entry' decorator, which may cause ACE Engine error in component preview mode.[39m[39m
[33m1037 WARN: [33mArkTS:WARN File: E:/HW/Dev/DevEcoStudioProjects/HMTG/entry/src/main/ets/pages/settings/SecuritySettingsPage.ets:48:1
 It's not a recommended way to export struct with '@Entry' decorator, which may cause ACE Engine error in component preview mode.[39m[39m
[33m1038 WARN: [33mArkTS:WARN File: E:/HW/Dev/DevEcoStudioProjects/HMTG/entry/src/main/ets/pages/settings/ChatSettingsPage.ets:31:1
 It's not a recommended way to export struct with '@Entry' decorator, which may cause ACE Engine error in component preview mode.[39m[39m
[33m1039 WARN: [33mArkTS:WARN File: E:/HW/Dev/DevEcoStudioProjects/HMTG/entry/src/main/ets/pages/settings/AppearanceSettingsPage.ets:32:1
 It's not a recommended way to export struct with '@Entry' decorator, which may cause ACE Engine error in component preview mode.[39m[39m
[33m1040 WARN: [33mArkTS:WARN File: E:/HW/Dev/DevEcoStudioProjects/HMTG/entry/src/main/ets/pages/settings/AdvancedSettingsPage.ets:62:1
 It's not a recommended way to export struct with '@Entry' decorator, which may cause ACE Engine error in component preview mode.[39m[39m
[33m1041 WARN: [33mArkTS:WARN File: E:/HW/Dev/DevEcoStudioProjects/HMTG/entry/src/main/ets/pages/settings/AboutPage.ets:38:1
 It's not a recommended way to export struct with '@Entry' decorator, which may cause ACE Engine error in component preview mode.[39m[39m
[33m1042 WARN: [33mArkTS:WARN File: E:/HW/Dev/DevEcoStudioProjects/HMTG/entry/src/main/ets/pages/settings/DonatePage.ets:11:1
 It's not a recommended way to export struct with '@Entry' decorator, which may cause ACE Engine error in component preview mode.[39m[39m
[33m1043 WARN: [33mArkTS:WARN File: E:/HW/Dev/DevEcoStudioProjects/HMTG/entry/src/main/ets/pages/settings/CacheManagementPage.ets:76:1
 It's not a recommended way to export struct with '@Entry' decorator, which may cause ACE Engine error in component preview mode.[39m[39m
[33m1044 WARN: [33mArkTS:WARN File: E:/HW/Dev/DevEcoStudioProjects/HMTG/entry/src/main/ets/pages/settings/StorageSettingsPage.ets:53:1
 It's not a recommended way to export struct with '@Entry' decorator, which may cause ACE Engine error in component preview mode.[39m[39m
[33m1045 WARN: [33mArkTS:WARN File: E:/HW/Dev/DevEcoStudioProjects/HMTG/entry/src/main/ets/pages/stickers/StickerPackPage.ets:30:1
 It's not a recommended way to export struct with '@Entry' decorator, which may cause ACE Engine error in component preview mode.[39m[39m
[33m1046 WARN: [33mArkTS:WARN File: E:/HW/Dev/DevEcoStudioProjects/HMTG/entry/src/main/ets/pages/stickers/StickerPickerPage.ets:26:1
 It's not a recommended way to export struct with '@Entry' decorator, which may cause ACE Engine error in component preview mode.[39m[39m
[33m1047 WARN: [33mArkTS:WARN File: E:/HW/Dev/DevEcoStudioProjects/HMTG/entry/src/main/ets/pages/stickers/MyStickersPage.ets:23:1
 It's not a recommended way to export struct with '@Entry' decorator, which may cause ACE Engine error in component preview mode.[39m[39m
[33m1048 WARN: [33mArkTS:WARN File: E:/HW/Dev/DevEcoStudioProjects/HMTG/entry/src/main/ets/pages/stickers/StickerStorePage.ets:23:1
 It's not a recommended way to export struct with '@Entry' decorator, which may cause ACE Engine error in component preview mode.[39m[39m
[33m1049 WARN: [33mArkTS:WARN File: E:/HW/Dev/DevEcoStudioProjects/HMTG/entry/src/main/ets/pages/stories/StoryEditorPage.ets:14:1
 It's not a recommended way to export struct with '@Entry' decorator, which may cause ACE Engine error in component preview mode.[39m[39m
[33m1050 WARN: [33mArkTS:WARN File: E:/HW/Dev/DevEcoStudioProjects/HMTG/entry/src/main/ets/pages/stories/StorySettingsPage.ets:12:1
 It's not a recommended way to export struct with '@Entry' decorator, which may cause ACE Engine error in component preview mode.[39m[39m
[33m1051 WARN: [33mArkTS:WARN File: E:/HW/Dev/DevEcoStudioProjects/HMTG/entry/src/main/ets/pages/stories/StoryReactionsPage.ets:12:1
 It's not a recommended way to export struct with '@Entry' decorator, which may cause ACE Engine error in component preview mode.[39m[39m
[33m1052 WARN: [33mArkTS:WARN File: E:/HW/Dev/DevEcoStudioProjects/HMTG/entry/src/main/ets/pages/stories/StoryCameraPage.ets:14:1
 It's not a recommended way to export struct with '@Entry' decorator, which may cause ACE Engine error in component preview mode.[39m[39m
[33m1053 WARN: [33mArkTS:WARN File: E:/HW/Dev/DevEcoStudioProjects/HMTG/entry/src/main/ets/pages/stories/StoryRepliesPage.ets:13:1
 It's not a recommended way to export struct with '@Entry' decorator, which may cause ACE Engine error in component preview mode.[39m[39m
[33m1054 WARN: [33mArkTS:WARN File: E:/HW/Dev/DevEcoStudioProjects/HMTG/entry/src/main/ets/pages/stories/StoryViewerPage.ets:17:1
 It's not a recommended way to export struct with '@Entry' decorator, which may cause ACE Engine error in component preview mode.[39m[39m
[33m1055 WARN: [33mDuplicate file names detected, which may cause compilation errors. Please check the following files: 
 E:\HW\Dev\DevEcoStudioProjects\HMTG\oh_modules\.ohpm\@zxing+text-encoding@0.9.0\oh_modules\@zxing\text-encoding\cjs\common\TextDecoder.js?commonjs-proxy
 E:\HW\Dev\DevEcoStudioProjects\HMTG\oh_modules\.ohpm\@zxing+text-encoding@0.9.0\oh_modules\@zxing\text-encoding\cjs\common\TextDecoder.js?commonjs-exports
 E:\HW\Dev\DevEcoStudioProjects\HMTG\oh_modules\.ohpm\@zxing+text-encoding@0.9.0\oh_modules\@zxing\text-encoding\cjs\common\TextEncoder.js?commonjs-proxy
 E:\HW\Dev\DevEcoStudioProjects\HMTG\oh_modules\.ohpm\@zxing+text-encoding@0.9.0\oh_modules\@zxing\text-encoding\cjs\common\TextEncoder.js?commonjs-exports
 E:\HW\Dev\DevEcoStudioProjects\HMTG\oh_modules\.ohpm\@zxing+text-encoding@0.9.0\oh_modules\@zxing\text-encoding\cjs\encoding\defaultEncoding.js?commonjs-proxy
 E:\HW\Dev\DevEcoStudioProjects\HMTG\oh_modules\.ohpm\@zxing+text-encoding@0.9.0\oh_modules\@zxing\text-encoding\cjs\encoding\defaultEncoding.js?commonjs-exports
 E:\HW\Dev\DevEcoStudioProjects\HMTG\oh_modules\.ohpm\@zxing+text-encoding@0.9.0\oh_modules\@zxing\text-encoding\cjs\encoding\encoding-factory.js?commonjs-proxy
 E:\HW\Dev\DevEcoStudioProjects\HMTG\oh_modules\.ohpm\@zxing+text-encoding@0.9.0\oh_modules\@zxing\text-encoding\cjs\encoding\encoding-factory.js?commonjs-exports
 E:\HW\Dev\DevEcoStudioProjects\HMTG\oh_modules\.ohpm\@zxing+text-encoding@0.9.0\oh_modules\@zxing\text-encoding\cjs\encoding\encodings.js?commonjs-proxy
 E:\HW\Dev\DevEcoStudioProjects\HMTG\oh_modules\.ohpm\@zxing+text-encoding@0.9.0\oh_modules\@zxing\text-encoding\cjs\encoding\encodings.js?commonjs-exports
 E:\HW\Dev\DevEcoStudioProjects\HMTG\oh_modules\.ohpm\@zxing+text-encoding@0.9.0\oh_modules\@zxing\text-encoding\cjs\encoding\finished.js?commonjs-proxy
 E:\HW\Dev\DevEcoStudioProjects\HMTG\oh_modules\.ohpm\@zxing+text-encoding@0.9.0\oh_modules\@zxing\text-encoding\cjs\encoding\finished.js?commonjs-exports
 E:\HW\Dev\DevEcoStudioProjects\HMTG\oh_modules\.ohpm\@zxing+text-encoding@0.9.0\oh_modules\@zxing\text-encoding\cjs\encoding\terminology.js?commonjs-proxy
 E:\HW\Dev\DevEcoStudioProjects\HMTG\oh_modules\.ohpm\@zxing+text-encoding@0.9.0\oh_modules\@zxing\text-encoding\cjs\encoding\terminology.js?commonjs-exports
 E:\HW\Dev\DevEcoStudioProjects\HMTG\oh_modules\.ohpm\@zxing+text-encoding@0.9.0\oh_modules\@zxing\text-encoding\cjs\encoding\utilities.js?commonjs-proxy
 E:\HW\Dev\DevEcoStudioProjects\HMTG\oh_modules\.ohpm\@zxing+text-encoding@0.9.0\oh_modules\@zxing\text-encoding\cjs\encoding\utilities.js?commonjs-exports
 E:\HW\Dev\DevEcoStudioProjects\HMTG\oh_modules\.ohpm\@zxing+text-encoding@0.9.0\oh_modules\@zxing\text-encoding\cjs\common\Stream.js?commonjs-proxy
 E:\HW\Dev\DevEcoStudioProjects\HMTG\oh_modules\.ohpm\@zxing+text-encoding@0.9.0\oh_modules\@zxing\text-encoding\cjs\common\Stream.js?commonjs-exports
 E:\HW\Dev\DevEcoStudioProjects\HMTG\oh_modules\.ohpm\@zxing+text-encoding@0.9.0\oh_modules\@zxing\text-encoding\cjs\helper\getGlobalScope.js?commonjs-proxy
 E:\HW\Dev\DevEcoStudioProjects\HMTG\oh_modules\.ohpm\@zxing+text-encoding@0.9.0\oh_modules\@zxing\text-encoding\cjs\helper\getGlobalScope.js?commonjs-exports
 E:\HW\Dev\DevEcoStudioProjects\HMTG\oh_modules\.ohpm\@zxing+text-encoding@0.9.0\oh_modules\@zxing\text-encoding\cjs\coders\big5\index.js?commonjs-proxy
 E:\HW\Dev\DevEcoStudioProjects\HMTG\oh_modules\.ohpm\@zxing+text-encoding@0.9.0\oh_modules\@zxing\text-encoding\cjs\coders\big5\index.js?commonjs-exports
 E:\HW\Dev\DevEcoStudioProjects\HMTG\oh_modules\.ohpm\@zxing+text-encoding@0.9.0\oh_modules\@zxing\text-encoding\cjs\coders\euc-jp\index.js?commonjs-proxy
 E:\HW\Dev\DevEcoStudioProjects\HMTG\oh_modules\.ohpm\@zxing+text-encoding@0.9.0\oh_modules\@zxing\text-encoding\cjs\coders\euc-jp\index.js?commonjs-exports
 E:\HW\Dev\DevEcoStudioProjects\HMTG\oh_modules\.ohpm\@zxing+text-encoding@0.9.0\oh_modules\@zxing\text-encoding\cjs\coders\euc-kr\index.js?commonjs-proxy
 E:\HW\Dev\DevEcoStudioProjects\HMTG\oh_modules\.ohpm\@zxing+text-encoding@0.9.0\oh_modules\@zxing\text-encoding\cjs\coders\euc-kr\index.js?commonjs-exports
 E:\HW\Dev\DevEcoStudioProjects\HMTG\oh_modules\.ohpm\@zxing+text-encoding@0.9.0\oh_modules\@zxing\text-encoding\cjs\coders\gb18030\index.js?commonjs-proxy
 E:\HW\Dev\DevEcoStudioProjects\HMTG\oh_modules\.ohpm\@zxing+text-encoding@0.9.0\oh_modules\@zxing\text-encoding\cjs\coders\gb18030\index.js?commonjs-exports
 E:\HW\Dev\DevEcoStudioProjects\HMTG\oh_modules\.ohpm\@zxing+text-encoding@0.9.0\oh_modules\@zxing\text-encoding\cjs\coders\iso-2022-jp\index.js?commonjs-proxy
 E:\HW\Dev\DevEcoStudioProjects\HMTG\oh_modules\.ohpm\@zxing+text-encoding@0.9.0\oh_modules\@zxing\text-encoding\cjs\coders\iso-2022-jp\index.js?commonjs-exports
 E:\HW\Dev\DevEcoStudioProjects\HMTG\oh_modules\.ohpm\@zxing+text-encoding@0.9.0\oh_modules\@zxing\text-encoding\cjs\coders\shift-jis\index.js?commonjs-proxy
 E:\HW\Dev\DevEcoStudioProjects\HMTG\oh_modules\.ohpm\@zxing+text-encoding@0.9.0\oh_modules\@zxing\text-encoding\cjs\coders\shift-jis\index.js?commonjs-exports
 E:\HW\Dev\DevEcoStudioProjects\HMTG\oh_modules\.ohpm\@zxing+text-encoding@0.9.0\oh_modules\@zxing\text-encoding\cjs\coders\single-byte\index.js?commonjs-proxy
 E:\HW\Dev\DevEcoStudioProjects\HMTG\oh_modules\.ohpm\@zxing+text-encoding@0.9.0\oh_modules\@zxing\text-encoding\cjs\coders\single-byte\index.js?commonjs-exports
 E:\HW\Dev\DevEcoStudioProjects\HMTG\oh_modules\.ohpm\@zxing+text-encoding@0.9.0\oh_modules\@zxing\text-encoding\cjs\coders\utf-16\index.js?commonjs-proxy
 E:\HW\Dev\DevEcoStudioProjects\HMTG\oh_modules\.ohpm\@zxing+text-encoding@0.9.0\oh_modules\@zxing\text-encoding\cjs\coders\utf-16\index.js?commonjs-exports
 E:\HW\Dev\DevEcoStudioProjects\HMTG\oh_modules\.ohpm\@zxing+text-encoding@0.9.0\oh_modules\@zxing\text-encoding\cjs\coders\utf-8\index.js?commonjs-proxy
 E:\HW\Dev\DevEcoStudioProjects\HMTG\oh_modules\.ohpm\@zxing+text-encoding@0.9.0\oh_modules\@zxing\text-encoding\cjs\coders\utf-8\index.js?commonjs-exports
 E:\HW\Dev\DevEcoStudioProjects\HMTG\oh_modules\.ohpm\@zxing+text-encoding@0.9.0\oh_modules\@zxing\text-encoding\cjs\coders\x-user-defined\index.js?commonjs-proxy
 E:\HW\Dev\DevEcoStudioProjects\HMTG\oh_modules\.ohpm\@zxing+text-encoding@0.9.0\oh_modules\@zxing\text-encoding\cjs\coders\x-user-defined\index.js?commonjs-exports
 E:\HW\Dev\DevEcoStudioProjects\HMTG\oh_modules\.ohpm\@zxing+text-encoding@0.9.0\oh_modules\@zxing\text-encoding\cjs\encoding\indexes.js?commonjs-proxy
 E:\HW\Dev\DevEcoStudioProjects\HMTG\oh_modules\.ohpm\@zxing+text-encoding@0.9.0\oh_modules\@zxing\text-encoding\cjs\encoding\indexes.js?commonjs-exports
 E:\HW\Dev\DevEcoStudioProjects\HMTG\oh_modules\.ohpm\@zxing+text-encoding@0.9.0\oh_modules\@zxing\text-encoding\cjs\encoding\encoding-indexes-provider.js?commonjs-proxy
 E:\HW\Dev\DevEcoStudioProjects\HMTG\oh_modules\.ohpm\@zxing+text-encoding@0.9.0\oh_modules\@zxing\text-encoding\cjs\encoding\encoding-indexes-provider.js?commonjs-exports
 E:\HW\Dev\DevEcoStudioProjects\HMTG\oh_modules\.ohpm\@zxing+text-encoding@0.9.0\oh_modules\@zxing\text-encoding\cjs\coders\big5\Big5Decoder.js?commonjs-proxy
 E:\HW\Dev\DevEcoStudioProjects\HMTG\oh_modules\.ohpm\@zxing+text-encoding@0.9.0\oh_modules\@zxing\text-encoding\cjs\coders\big5\Big5Decoder.js?commonjs-exports
 E:\HW\Dev\DevEcoStudioProjects\HMTG\oh_modules\.ohpm\@zxing+text-encoding@0.9.0\oh_modules\@zxing\text-encoding\cjs\coders\big5\Big5Encoder.js?commonjs-proxy
 E:\HW\Dev\DevEcoStudioProjects\HMTG\oh_modules\.ohpm\@zxing+text-encoding@0.9.0\oh_modules\@zxing\text-encoding\cjs\coders\big5\Big5Encoder.js?commonjs-exports
 E:\HW\Dev\DevEcoStudioProjects\HMTG\oh_modules\.ohpm\@zxing+text-encoding@0.9.0\oh_modules\@zxing\text-encoding\cjs\coders\euc-jp\EUCJPDecoder.js?commonjs-proxy
 E:\HW\Dev\DevEcoStudioProjects\HMTG\oh_modules\.ohpm\@zxing+text-encoding@0.9.0\oh_modules\@zxing\text-encoding\cjs\coders\euc-jp\EUCJPDecoder.js?commonjs-exports
 E:\HW\Dev\DevEcoStudioProjects\HMTG\oh_modules\.ohpm\@zxing+text-encoding@0.9.0\oh_modules\@zxing\text-encoding\cjs\coders\euc-jp\EUCJPEncoder.js?commonjs-proxy
 E:\HW\Dev\DevEcoStudioProjects\HMTG\oh_modules\.ohpm\@zxing+text-encoding@0.9.0\oh_modules\@zxing\text-encoding\cjs\coders\euc-jp\EUCJPEncoder.js?commonjs-exports
 E:\HW\Dev\DevEcoStudioProjects\HMTG\oh_modules\.ohpm\@zxing+text-encoding@0.9.0\oh_modules\@zxing\text-encoding\cjs\coders\euc-kr\EUCKRDecoder.js?commonjs-proxy
 E:\HW\Dev\DevEcoStudioProjects\HMTG\oh_modules\.ohpm\@zxing+text-encoding@0.9.0\oh_modules\@zxing\text-encoding\cjs\coders\euc-kr\EUCKRDecoder.js?commonjs-exports
 E:\HW\Dev\DevEcoStudioProjects\HMTG\oh_modules\.ohpm\@zxing+text-encoding@0.9.0\oh_modules\@zxing\text-encoding\cjs\coders\euc-kr\EUCKREncoder.js?commonjs-proxy
 E:\HW\Dev\DevEcoStudioProjects\HMTG\oh_modules\.ohpm\@zxing+text-encoding@0.9.0\oh_modules\@zxing\text-encoding\cjs\coders\euc-kr\EUCKREncoder.js?commonjs-exports
 E:\HW\Dev\DevEcoStudioProjects\HMTG\oh_modules\.ohpm\@zxing+text-encoding@0.9.0\oh_modules\@zxing\text-encoding\cjs\coders\gb18030\GB18030Decoder.js?commonjs-proxy
 E:\HW\Dev\DevEcoStudioProjects\HMTG\oh_modules\.ohpm\@zxing+text-encoding@0.9.0\oh_modules\@zxing\text-encoding\cjs\coders\gb18030\GB18030Decoder.js?commonjs-exports
 E:\HW\Dev\DevEcoStudioProjects\HMTG\oh_modules\.ohpm\@zxing+text-encoding@0.9.0\oh_modules\@zxing\text-encoding\cjs\coders\gb18030\GB18030Encoder.js?commonjs-proxy
 E:\HW\Dev\DevEcoStudioProjects\HMTG\oh_modules\.ohpm\@zxing+text-encoding@0.9.0\oh_modules\@zxing\text-encoding\cjs\coders\gb18030\GB18030Encoder.js?commonjs-exports
 E:\HW\Dev\DevEcoStudioProjects\HMTG\oh_modules\.ohpm\@zxing+text-encoding@0.9.0\oh_modules\@zxing\text-encoding\cjs\coders\iso-2022-jp\ISO2022JPDecoder.js?commonjs-proxy
 E:\HW\Dev\DevEcoStudioProjects\HMTG\oh_modules\.ohpm\@zxing+text-encoding@0.9.0\oh_modules\@zxing\text-encoding\cjs\coders\iso-2022-jp\ISO2022JPDecoder.js?commonjs-exports
 E:\HW\Dev\DevEcoStudioProjects\HMTG\oh_modules\.ohpm\@zxing+text-encoding@0.9.0\oh_modules\@zxing\text-encoding\cjs\coders\iso-2022-jp\ISO2022JPEncoder.js?commonjs-proxy
 E:\HW\Dev\DevEcoStudioProjects\HMTG\oh_modules\.ohpm\@zxing+text-encoding@0.9.0\oh_modules\@zxing\text-encoding\cjs\coders\iso-2022-jp\ISO2022JPEncoder.js?commonjs-exports
 E:\HW\Dev\DevEcoStudioProjects\HMTG\oh_modules\.ohpm\@zxing+text-encoding@0.9.0\oh_modules\@zxing\text-encoding\cjs\coders\shift-jis\ShiftJISDecoder.js?commonjs-proxy
 E:\HW\Dev\DevEcoStudioProjects\HMTG\oh_modules\.ohpm\@zxing+text-encoding@0.9.0\oh_modules\@zxing\text-encoding\cjs\coders\shift-jis\ShiftJISDecoder.js?commonjs-exports
 E:\HW\Dev\DevEcoStudioProjects\HMTG\oh_modules\.ohpm\@zxing+text-encoding@0.9.0\oh_modules\@zxing\text-encoding\cjs\coders\shift-jis\ShiftJISEncoder.js?commonjs-proxy
 E:\HW\Dev\DevEcoStudioProjects\HMTG\oh_modules\.ohpm\@zxing+text-encoding@0.9.0\oh_modules\@zxing\text-encoding\cjs\coders\shift-jis\ShiftJISEncoder.js?commonjs-exports
 E:\HW\Dev\DevEcoStudioProjects\HMTG\oh_modules\.ohpm\@zxing+text-encoding@0.9.0\oh_modules\@zxing\text-encoding\cjs\coders\single-byte\SingleByteDecoder.js?commonjs-proxy
 E:\HW\Dev\DevEcoStudioProjects\HMTG\oh_modules\.ohpm\@zxing+text-encoding@0.9.0\oh_modules\@zxing\text-encoding\cjs\coders\single-byte\SingleByteDecoder.js?commonjs-exports
 E:\HW\Dev\DevEcoStudioProjects\HMTG\oh_modules\.ohpm\@zxing+text-encoding@0.9.0\oh_modules\@zxing\text-encoding\cjs\coders\single-byte\SingleByteEncoder.js?commonjs-proxy
 E:\HW\Dev\DevEcoStudioProjects\HMTG\oh_modules\.ohpm\@zxing+text-encoding@0.9.0\oh_modules\@zxing\text-encoding\cjs\coders\single-byte\SingleByteEncoder.js?commonjs-exports
 E:\HW\Dev\DevEcoStudioProjects\HMTG\oh_modules\.ohpm\@zxing+text-encoding@0.9.0\oh_modules\@zxing\text-encoding\cjs\coders\utf-16\UTF16Decoder.js?commonjs-proxy
 E:\HW\Dev\DevEcoStudioProjects\HMTG\oh_modules\.ohpm\@zxing+text-encoding@0.9.0\oh_modules\@zxing\text-encoding\cjs\coders\utf-16\UTF16Decoder.js?commonjs-exports
 E:\HW\Dev\DevEcoStudioProjects\HMTG\oh_modules\.ohpm\@zxing+text-encoding@0.9.0\oh_modules\@zxing\text-encoding\cjs\coders\utf-16\UTF16Encoder.js?commonjs-proxy
 E:\HW\Dev\DevEcoStudioProjects\HMTG\oh_modules\.ohpm\@zxing+text-encoding@0.9.0\oh_modules\@zxing\text-encoding\cjs\coders\utf-16\UTF16Encoder.js?commonjs-exports
 E:\HW\Dev\DevEcoStudioProjects\HMTG\oh_modules\.ohpm\@zxing+text-encoding@0.9.0\oh_modules\@zxing\text-encoding\cjs\coders\utf-8\UTF8Decoder.js?commonjs-proxy
 E:\HW\Dev\DevEcoStudioProjects\HMTG\oh_modules\.ohpm\@zxing+text-encoding@0.9.0\oh_modules\@zxing\text-encoding\cjs\coders\utf-8\UTF8Decoder.js?commonjs-exports
 E:\HW\Dev\DevEcoStudioProjects\HMTG\oh_modules\.ohpm\@zxing+text-encoding@0.9.0\oh_modules\@zxing\text-encoding\cjs\coders\utf-8\UTF8Encoder.js?commonjs-proxy
 E:\HW\Dev\DevEcoStudioProjects\HMTG\oh_modules\.ohpm\@zxing+text-encoding@0.9.0\oh_modules\@zxing\text-encoding\cjs\coders\utf-8\UTF8Encoder.js?commonjs-exports
 E:\HW\Dev\DevEcoStudioProjects\HMTG\oh_modules\.ohpm\@zxing+text-encoding@0.9.0\oh_modules\@zxing\text-encoding\cjs\coders\x-user-defined\XUserDefinedDecoder.js?commonjs-proxy
 E:\HW\Dev\DevEcoStudioProjects\HMTG\oh_modules\.ohpm\@zxing+text-encoding@0.9.0\oh_modules\@zxing\text-encoding\cjs\coders\x-user-defined\XUserDefinedDecoder.js?commonjs-exports
 E:\HW\Dev\DevEcoStudioProjects\HMTG\oh_modules\.ohpm\@zxing+text-encoding@0.9.0\oh_modules\@zxing\text-encoding\cjs\coders\x-user-defined\XUserDefinedEncoder.js?commonjs-proxy
 E:\HW\Dev\DevEcoStudioProjects\HMTG\oh_modules\.ohpm\@zxing+text-encoding@0.9.0\oh_modules\@zxing\text-encoding\cjs\coders\x-user-defined\XUserDefinedEncoder.js?commonjs-exports
 E:\HW\Dev\DevEcoStudioProjects\HMTG\oh_modules\.ohpm\@zxing+text-encoding@0.9.0\oh_modules\@zxing\text-encoding\cjs\helper\getArrayVal.js?commonjs-proxy
 E:\HW\Dev\DevEcoStudioProjects\HMTG\oh_modules\.ohpm\@zxing+text-encoding@0.9.0\oh_modules\@zxing\text-encoding\cjs\helper\getArrayVal.js?commonjs-exports
 E:\HW\Dev\DevEcoStudioProjects\HMTG\oh_modules\.ohpm\@zxing+text-encoding@0.9.0\oh_modules\@zxing\text-encoding\cjs\coders\utf-16\converCodeUnitToBytes.js?commonjs-proxy
 E:\HW\Dev\DevEcoStudioProjects\HMTG\oh_modules\.ohpm\@zxing+text-encoding@0.9.0\oh_modules\@zxing\text-encoding\cjs\coders\utf-16\converCodeUnitToBytes.js?commonjs-exports[39m[39m[39m
> hvigor [91mERROR: ArkTS Compiler Error
[31m1 ERROR: [31m10605052 ArkTS Compiler Error
Error Message: Reassigning object methods is not supported (arkts-no-method-reassignment) At File: E:/HW/Dev/DevEcoStudioProjects/HMTG/entry/src/main/ets/pages/common/ChatPage.ets:104:5
[39m
[39m
[31m2 ERROR: [31m10605008 ArkTS Compiler Error
Error Message: Use explicit types instead of "any", "unknown" (arkts-no-any-unknown) At File: E:/HW/Dev/DevEcoStudioProjects/HMTG/entry/src/main/ets/pages/common/ChatPage.ets:175:52
[39m
[39m
[31m3 ERROR: [31m10605038 ArkTS Compiler Error
Error Message: Object literal must correspond to some explicitly declared class or interface (arkts-no-untyped-obj-literals) At File: E:/HW/Dev/DevEcoStudioProjects/HMTG/entry/src/main/ets/pages/commo
n/ChatPage.ets:1436:30
[39m
[39m
[31m4 ERROR: [31m10605038 ArkTS Compiler Error
Error Message: Object literal must correspond to some explicitly declared class or interface (arkts-no-untyped-obj-literals) At File: E:/HW/Dev/DevEcoStudioProjects/HMTG/entry/src/main/ets/pages/commo
n/ChatPage.ets:1447:30
[39m
[39m
[31m5 ERROR: [31m10505001 ArkTS Compiler Error
Error Message: Property 'mediaInfo' does not exist on type 'Message'. At File: E:/HW/Dev/DevEcoStudioProjects/HMTG/entry/src/main/ets/pages/common/ChatPage.ets:968:23
[39m
[39m
[31mCOMPILE RESULT:FAIL {ERROR:6 WARN:1055}[39m

[31m* Try:
> Run with --stacktrace option to get the stack trace.
> Run with --debug option to get more log output.
[39m
> hvigor [91mERROR: BUILD FAILED in 17 s 582 ms [39m
